e:\pokemon\scarlet\myluagame\frameworks\cocos2d-x\cocos\editor-support\spine\proj.win32\debug.win32\animation.obj
e:\pokemon\scarlet\myluagame\frameworks\cocos2d-x\cocos\editor-support\spine\proj.win32\debug.win32\skin.obj
e:\pokemon\scarlet\myluagame\frameworks\cocos2d-x\cocos\editor-support\spine\proj.win32\debug.win32\bone.obj
e:\pokemon\scarlet\myluagame\frameworks\cocos2d-x\cocos\editor-support\spine\proj.win32\debug.win32\skeletonjson.obj
e:\pokemon\scarlet\myluagame\frameworks\cocos2d-x\cocos\editor-support\spine\proj.win32\debug.win32\color.obj
e:\pokemon\scarlet\myluagame\frameworks\cocos2d-x\cocos\editor-support\spine\proj.win32\debug.win32\regionattachment.obj
e:\pokemon\scarlet\myluagame\frameworks\cocos2d-x\cocos\editor-support\spine\proj.win32\debug.win32\clippingattachment.obj
e:\pokemon\scarlet\myluagame\frameworks\cocos2d-x\cocos\editor-support\spine\proj.win32\debug.win32\pathconstraintdata.obj
e:\pokemon\scarlet\myluagame\frameworks\cocos2d-x\cocos\editor-support\spine\proj.win32\debug.win32\vertexattachment.obj
e:\pokemon\scarlet\myluagame\frameworks\cocos2d-x\cocos\editor-support\spine\proj.win32\debug.win32\atlas.obj
e:\pokemon\scarlet\myluagame\frameworks\cocos2d-x\cocos\editor-support\spine\proj.win32\debug.win32\pathconstraint.obj
e:\pokemon\scarlet\myluagame\frameworks\cocos2d-x\cocos\editor-support\spine\proj.win32\debug.win32\vertexeffect.obj
e:\pokemon\scarlet\myluagame\frameworks\cocos2d-x\cocos\editor-support\spine\proj.win32\debug.win32\boundingboxattachment.obj
e:\pokemon\scarlet\myluagame\frameworks\cocos2d-x\cocos\editor-support\spine\proj.win32\debug.win32\json.obj
e:\pokemon\scarlet\myluagame\frameworks\cocos2d-x\cocos\editor-support\spine\proj.win32\debug.win32\slotdata.obj
e:\pokemon\scarlet\myluagame\frameworks\cocos2d-x\cocos\editor-support\spine\proj.win32\debug.win32\array.obj
e:\pokemon\scarlet\myluagame\frameworks\cocos2d-x\cocos\editor-support\spine\proj.win32\debug.win32\skeletonclipping.obj
e:\pokemon\scarlet\myluagame\frameworks\cocos2d-x\cocos\editor-support\spine\proj.win32\debug.win32\event.obj
e:\pokemon\scarlet\myluagame\frameworks\cocos2d-x\cocos\editor-support\spine\proj.win32\debug.win32\skeletonbounds.obj
e:\pokemon\scarlet\myluagame\frameworks\cocos2d-x\cocos\editor-support\spine\proj.win32\debug.win32\attachment.obj
e:\pokemon\scarlet\myluagame\frameworks\cocos2d-x\cocos\editor-support\spine\proj.win32\debug.win32\ikconstraintdata.obj
e:\pokemon\scarlet\myluagame\frameworks\cocos2d-x\cocos\editor-support\spine\proj.win32\debug.win32\transformconstraint.obj
e:\pokemon\scarlet\myluagame\frameworks\cocos2d-x\cocos\editor-support\spine\proj.win32\debug.win32\extension.obj
e:\pokemon\scarlet\myluagame\frameworks\cocos2d-x\cocos\editor-support\spine\proj.win32\debug.win32\skeletondata.obj
e:\pokemon\scarlet\myluagame\frameworks\cocos2d-x\cocos\editor-support\spine\proj.win32\debug.win32\atlasattachmentloader.obj
e:\pokemon\scarlet\myluagame\frameworks\cocos2d-x\cocos\editor-support\spine\proj.win32\debug.win32\skeletonbinary.obj
e:\pokemon\scarlet\myluagame\frameworks\cocos2d-x\cocos\editor-support\spine\proj.win32\debug.win32\animationstate.obj
e:\pokemon\scarlet\myluagame\frameworks\cocos2d-x\cocos\editor-support\spine\proj.win32\debug.win32\pointattachment.obj
e:\pokemon\scarlet\myluagame\frameworks\cocos2d-x\cocos\editor-support\spine\proj.win32\debug.win32\bonedata.obj
e:\pokemon\scarlet\myluagame\frameworks\cocos2d-x\cocos\editor-support\spine\proj.win32\debug.win32\meshattachment.obj
e:\pokemon\scarlet\myluagame\frameworks\cocos2d-x\cocos\editor-support\spine\proj.win32\debug.win32\slot.obj
e:\pokemon\scarlet\myluagame\frameworks\cocos2d-x\cocos\editor-support\spine\proj.win32\debug.win32\attachmentloader.obj
e:\pokemon\scarlet\myluagame\frameworks\cocos2d-x\cocos\editor-support\spine\proj.win32\debug.win32\pathattachment.obj
e:\pokemon\scarlet\myluagame\frameworks\cocos2d-x\cocos\editor-support\spine\proj.win32\debug.win32\transformconstraintdata.obj
e:\pokemon\scarlet\myluagame\frameworks\cocos2d-x\cocos\editor-support\spine\proj.win32\debug.win32\eventdata.obj
e:\pokemon\scarlet\myluagame\frameworks\cocos2d-x\cocos\editor-support\spine\proj.win32\debug.win32\skeleton.obj
e:\pokemon\scarlet\myluagame\frameworks\cocos2d-x\cocos\editor-support\spine\proj.win32\debug.win32\animationstatedata.obj
e:\pokemon\scarlet\myluagame\frameworks\cocos2d-x\cocos\editor-support\spine\proj.win32\debug.win32\ikconstraint.obj
e:\pokemon\scarlet\myluagame\frameworks\cocos2d-x\cocos\editor-support\spine\proj.win32\debug.win32\triangulator.obj
e:\pokemon\scarlet\myluagame\frameworks\cocos2d-x\cocos\editor-support\spine\proj.win32\debug.win32\vc120.pdb
e:\pokemon\scarlet\myluagame\frameworks\cocos2d-x\cocos\editor-support\spine\proj.win32\debug.win32\skeletonbatch.obj
e:\pokemon\scarlet\myluagame\frameworks\cocos2d-x\cocos\editor-support\spine\proj.win32\debug.win32\skeletontwocolorbatch.obj
e:\pokemon\scarlet\myluagame\frameworks\cocos2d-x\cocos\editor-support\spine\proj.win32\debug.win32\skeletonrenderer.obj
e:\pokemon\scarlet\myluagame\frameworks\cocos2d-x\cocos\editor-support\spine\proj.win32\debug.win32\spine-cocos2dx.obj
e:\pokemon\scarlet\myluagame\frameworks\cocos2d-x\cocos\editor-support\spine\proj.win32\debug.win32\attachmentvertices.obj
e:\pokemon\scarlet\myluagame\frameworks\cocos2d-x\cocos\editor-support\spine\proj.win32\debug.win32\cocos2dattachmentloader.obj
e:\pokemon\scarlet\myluagame\frameworks\cocos2d-x\cocos\editor-support\spine\proj.win32\debug.win32\skeletonanimation.obj
e:\pokemon\scarlet\myluagame\frameworks\runtime-src\proj.win32\debug.win32\libspine.lib
e:\pokemon\scarlet\myluagame\frameworks\cocos2d-x\cocos\editor-support\spine\proj.win32\debug.win32\vc120.idb
e:\pokemon\scarlet\myluagame\frameworks\cocos2d-x\cocos\editor-support\spine\proj.win32\debug.win32\libspine.tlog\cl.command.1.tlog
e:\pokemon\scarlet\myluagame\frameworks\cocos2d-x\cocos\editor-support\spine\proj.win32\debug.win32\libspine.tlog\cl.read.1.tlog
e:\pokemon\scarlet\myluagame\frameworks\cocos2d-x\cocos\editor-support\spine\proj.win32\debug.win32\libspine.tlog\cl.read.10.tlog
e:\pokemon\scarlet\myluagame\frameworks\cocos2d-x\cocos\editor-support\spine\proj.win32\debug.win32\libspine.tlog\cl.read.11.tlog
e:\pokemon\scarlet\myluagame\frameworks\cocos2d-x\cocos\editor-support\spine\proj.win32\debug.win32\libspine.tlog\cl.read.12.tlog
e:\pokemon\scarlet\myluagame\frameworks\cocos2d-x\cocos\editor-support\spine\proj.win32\debug.win32\libspine.tlog\cl.read.13.tlog
e:\pokemon\scarlet\myluagame\frameworks\cocos2d-x\cocos\editor-support\spine\proj.win32\debug.win32\libspine.tlog\cl.read.14.tlog
e:\pokemon\scarlet\myluagame\frameworks\cocos2d-x\cocos\editor-support\spine\proj.win32\debug.win32\libspine.tlog\cl.read.15.tlog
e:\pokemon\scarlet\myluagame\frameworks\cocos2d-x\cocos\editor-support\spine\proj.win32\debug.win32\libspine.tlog\cl.read.16.tlog
e:\pokemon\scarlet\myluagame\frameworks\cocos2d-x\cocos\editor-support\spine\proj.win32\debug.win32\libspine.tlog\cl.read.2.tlog
e:\pokemon\scarlet\myluagame\frameworks\cocos2d-x\cocos\editor-support\spine\proj.win32\debug.win32\libspine.tlog\cl.read.3.tlog
e:\pokemon\scarlet\myluagame\frameworks\cocos2d-x\cocos\editor-support\spine\proj.win32\debug.win32\libspine.tlog\cl.read.4.tlog
e:\pokemon\scarlet\myluagame\frameworks\cocos2d-x\cocos\editor-support\spine\proj.win32\debug.win32\libspine.tlog\cl.read.5.tlog
e:\pokemon\scarlet\myluagame\frameworks\cocos2d-x\cocos\editor-support\spine\proj.win32\debug.win32\libspine.tlog\cl.read.6.tlog
e:\pokemon\scarlet\myluagame\frameworks\cocos2d-x\cocos\editor-support\spine\proj.win32\debug.win32\libspine.tlog\cl.read.7.tlog
e:\pokemon\scarlet\myluagame\frameworks\cocos2d-x\cocos\editor-support\spine\proj.win32\debug.win32\libspine.tlog\cl.read.8.tlog
e:\pokemon\scarlet\myluagame\frameworks\cocos2d-x\cocos\editor-support\spine\proj.win32\debug.win32\libspine.tlog\cl.read.9.tlog
e:\pokemon\scarlet\myluagame\frameworks\cocos2d-x\cocos\editor-support\spine\proj.win32\debug.win32\libspine.tlog\cl.write.1.tlog
e:\pokemon\scarlet\myluagame\frameworks\cocos2d-x\cocos\editor-support\spine\proj.win32\debug.win32\libspine.tlog\lib-link.write.1.tlog
e:\pokemon\scarlet\myluagame\frameworks\cocos2d-x\cocos\editor-support\spine\proj.win32\debug.win32\libspine.tlog\lib.command.1.tlog
e:\pokemon\scarlet\myluagame\frameworks\cocos2d-x\cocos\editor-support\spine\proj.win32\debug.win32\libspine.tlog\lib.read.1.tlog
