Build started 4/21/2025 5:06:10 PM.
     1>Project "E:\Pokemon\Scarlet\MyLuaGame\frameworks\cocos2d-x\cocos\scripting\lua-bindings\proj.win32\libluacocos2d.vcxproj" on node 3 (Build target(s)).
     1>PreBuildEvent:
         if not exist "E:\Pokemon\Scarlet\MyLuaGame\frameworks\runtime-src\proj.win32\Debug.win32\" mkdir "E:\Pokemon\Scarlet\MyLuaGame\frameworks\runtime-src\proj.win32\Debug.win32\"
         xcopy /Y /Q "E:\Pokemon\Scarlet\MyLuaGame\frameworks\cocos2d-x\cocos\scripting\lua-bindings\proj.win32\..\..\..\..\external\lua\iup\prebuilt\win32\*.dll" "E:\Pokemon\Scarlet\MyLuaGame\frameworks\runtime-src\proj.win32\Debug.win32\"
         xcopy /Y /Q "E:\Pokemon\Scarlet\MyLuaGame\frameworks\cocos2d-x\cocos\scripting\lua-bindings\proj.win32\..\..\..\..\external\lua\luajit\prebuilt\win32\*.*" "E:\Pokemon\Scarlet\MyLuaGame\frameworks\runtime-src\proj.win32\Debug.win32\"
         
         :VCEnd
         69 File(s) copied
         2 File(s) copied
       ClCompile:
         C:\Program Files (x86)\Microsoft Visual Studio 12.0\VC\bin\CL.exe /c /I"E:\Pokemon\Scarlet\MyLuaGame\frameworks\cocos2d-x\cocos\2d\..\..\\" /I"E:\Pokemon\Scarlet\MyLuaGame\frameworks\cocos2d-x\cocos\2d\..\..\external" /I"E:\Pokemon\Scarlet\MyLuaGame\frameworks\cocos2d-x\cocos\2d\..\..\external\lua" /I"E:\Pokemon\Scarlet\MyLuaGame\frameworks\cocos2d-x\cocos\2d\..\..\external\lua\tolua" /I"E:\Pokemon\Scarlet\MyLuaGame\frameworks\cocos2d-x\cocos\2d\..\..\external\lua\luajit\include" /I"E:\Pokemon\Scarlet\MyLuaGame\frameworks\cocos2d-x\cocos\2d\..\..\external\libwebsockets\win32\include" /I"E:\Pokemon\Scarlet\MyLuaGame\frameworks\cocos2d-x\cocos\2d\..\..\extensions" /I"E:\Pokemon\Scarlet\MyLuaGame\frameworks\cocos2d-x\cocos\2d\..\..\external\lua\iup\include" /I"E:\Pokemon\Scarlet\MyLuaGame\frameworks\cocos2d-x\cocos\2d\..\..\cocos" /I"E:\Pokemon\Scarlet\MyLuaGame\frameworks\cocos2d-x\cocos\2d\..\..\cocos/editor-support" /I"E:\Pokemon\Scarlet\MyLuaGame\frameworks\cocos2d-x\cocos\2d\..\..\external\glfw3\include\win32" /I"E:\Pokemon\Scarlet\MyLuaGame\frameworks\cocos2d-x\cocos\2d\..\..\external\win32-specific\gles\include\OGLES" /I"E:\Pokemon\Scarlet\MyLuaGame\frameworks\cocos2d-x\cocos\2d\..\..\external\freetype2\include\win32\freetype2" /I"E:\Pokemon\Scarlet\MyLuaGame\frameworks\cocos2d-x\cocos\2d\..\..\external\freetype2\include\win32\\" /I"E:\Pokemon\Scarlet\MyLuaGame\frameworks\cocos2d-x\cocos\2d\..\..\external" /I"E:\Pokemon\Scarlet\MyLuaGame\frameworks\cocos2d-x\cocos\2d\..\..\external\openssl\include\win32" /Z7 /nologo /W3 /WX- /MP /Od /Oy- /D WIN32 /D _WINDOWS /D _DEBUG /D COCOS2D_DEBUG=1 /D _CRT_SECURE_NO_WARNINGS /D _USRLUASTATIC /D _VARIADIC_MAX=10 /D _USING_V110_SDK71_ /D _UNICODE /D UNICODE /Gm- /EHsc /RTC1 /MDd /GS /fp:precise /Zc:wchar_t /Zc:forScope /Fo"Debug.win32\libluacocos2d\\" /Fd"Debug.win32\libluacocos2d\vc120.pdb" /Gd /TC /wd4800 /wd4267 /wd4251 /wd4244 /analyze- /errorReport:prompt ..\..\..\..\external\lua\luaaes\aes.c "..\..\..\..\external\lua\luaaes\rijndael-alg-fst.c" "..\..\..\..\external\lua\luaaes\rijndael-api-fst.c" ..\..\..\..\external\lua\lualz\lualz.c ..\..\..\..\external\lua\lualz\lz4.c ..\..\..\..\external\lua\lualz\lz4hc.c ..\..\..\..\external\lua\luasocket\auxiliar.c ..\..\..\..\external\lua\luasocket\buffer.c ..\..\..\..\external\lua\luasocket\except.c ..\..\..\..\external\lua\luasocket\inet.c ..\..\..\..\external\lua\luasocket\io.c ..\..\..\..\external\lua\luasocket\luasocket.c ..\..\..\..\external\lua\luasocket\luasocket_scripts.c ..\..\..\..\external\lua\luasocket\mime.c ..\..\..\..\external\lua\luasocket\options.c ..\..\..\..\external\lua\luasocket\select.c ..\..\..\..\external\lua\luasocket\tcp.c ..\..\..\..\external\lua\luasocket\timeout.c ..\..\..\..\external\lua\luasocket\udp.c ..\..\..\..\external\lua\luasocket\wsocket.c ..\..\..\..\external\lua\tolua\tolua_event.c ..\..\..\..\external\lua\tolua\tolua_is.c ..\..\..\..\external\lua\tolua\tolua_map.c ..\..\..\..\external\lua\tolua\tolua_push.c ..\..\..\..\external\lua\tolua\tolua_to.c ..\manual\network\lua_extensions.c
         aes.c
         rijndael-alg-fst.c
         rijndael-api-fst.c
         lualz.c
         lz4.c
         lz4hc.c
         auxiliar.c
         buffer.c
         except.c
         inet.c
         io.c
         luasocket.c
         luasocket_scripts.c
         mime.c
         options.c
         select.c
         tcp.c
         timeout.c
         udp.c
         wsocket.c
         tolua_event.c
         tolua_is.c
         tolua_map.c
         tolua_push.c
         tolua_to.c
         lua_extensions.c
     1>..\..\..\..\external\lua\luasocket\inet.c(254): warning C4133: 'function' : incompatible types - from 'WCHAR *' to 'const char *'
     1>..\..\..\..\external\lua\luasocket\inet.c(288): warning C4133: 'function' : incompatible types - from 'WCHAR *' to 'const char *'
     1>..\..\..\..\external\lua\luasocket\wsocket.c(431): warning C4133: 'return' : incompatible types - from 'WCHAR *' to 'const char *'
     1>..\..\..\..\external\lua\luasocket\udp.c(181): warning C4133: 'function' : incompatible types - from 'WCHAR *' to 'const char *'
     1>..\..\..\..\external\lua\luasocket\udp.c(251): warning C4133: 'function' : incompatible types - from 'WCHAR *' to 'const char *'
         C:\Program Files (x86)\Microsoft Visual Studio 12.0\VC\bin\CL.exe /c /I"E:\Pokemon\Scarlet\MyLuaGame\frameworks\cocos2d-x\cocos\2d\..\..\\" /I"E:\Pokemon\Scarlet\MyLuaGame\frameworks\cocos2d-x\cocos\2d\..\..\external" /I"E:\Pokemon\Scarlet\MyLuaGame\frameworks\cocos2d-x\cocos\2d\..\..\external\lua" /I"E:\Pokemon\Scarlet\MyLuaGame\frameworks\cocos2d-x\cocos\2d\..\..\external\lua\tolua" /I"E:\Pokemon\Scarlet\MyLuaGame\frameworks\cocos2d-x\cocos\2d\..\..\external\lua\luajit\include" /I"E:\Pokemon\Scarlet\MyLuaGame\frameworks\cocos2d-x\cocos\2d\..\..\external\libwebsockets\win32\include" /I"E:\Pokemon\Scarlet\MyLuaGame\frameworks\cocos2d-x\cocos\2d\..\..\extensions" /I"E:\Pokemon\Scarlet\MyLuaGame\frameworks\cocos2d-x\cocos\2d\..\..\external\lua\iup\include" /I"E:\Pokemon\Scarlet\MyLuaGame\frameworks\cocos2d-x\cocos\2d\..\..\cocos" /I"E:\Pokemon\Scarlet\MyLuaGame\frameworks\cocos2d-x\cocos\2d\..\..\cocos/editor-support" /I"E:\Pokemon\Scarlet\MyLuaGame\frameworks\cocos2d-x\cocos\2d\..\..\external\glfw3\include\win32" /I"E:\Pokemon\Scarlet\MyLuaGame\frameworks\cocos2d-x\cocos\2d\..\..\external\win32-specific\gles\include\OGLES" /I"E:\Pokemon\Scarlet\MyLuaGame\frameworks\cocos2d-x\cocos\2d\..\..\external\freetype2\include\win32\freetype2" /I"E:\Pokemon\Scarlet\MyLuaGame\frameworks\cocos2d-x\cocos\2d\..\..\external\freetype2\include\win32\\" /I"E:\Pokemon\Scarlet\MyLuaGame\frameworks\cocos2d-x\cocos\2d\..\..\external" /I"E:\Pokemon\Scarlet\MyLuaGame\frameworks\cocos2d-x\cocos\2d\..\..\external\openssl\include\win32" /Z7 /nologo /W3 /WX- /MP /Od /Oy- /D WIN32 /D _WINDOWS /D _DEBUG /D COCOS2D_DEBUG=1 /D _CRT_SECURE_NO_WARNINGS /D _USRLUASTATIC /D _VARIADIC_MAX=10 /D _USING_V110_SDK71_ /D _UNICODE /D UNICODE /Gm- /EHsc /RTC1 /MDd /GS /fp:precise /Zc:wchar_t /Zc:forScope /Fo"Debug.win32\libluacocos2d\\" /Fd"Debug.win32\libluacocos2d\vc120.pdb" /Gd /TP /wd4800 /wd4267 /wd4251 /wd4244 /analyze- /errorReport:prompt ..\..\..\..\external\lua\luaasync\lua_async.cpp ..\..\..\..\external\lua\luadump\lua_dump.cpp ..\..\..\..\external\lua\luarand\lua_rand.cpp ..\..\..\..\external\lua\luarand\Rand.cpp ..\..\..\..\external\xxtea\xxtea.cpp ..\auto\lua_cocos2dx_audioengine_auto.cpp ..\auto\lua_cocos2dx_auto.cpp ..\auto\lua_cocos2dx_cocosdenshion_auto.cpp ..\auto\lua_cocos2dx_csloader_auto.cpp ..\auto\lua_cocos2dx_experimental_auto.cpp ..\auto\lua_cocos2dx_experimental_video_auto.cpp ..\auto\lua_cocos2dx_experimental_webview_auto.cpp ..\auto\lua_cocos2dx_extension_auto.cpp ..\auto\lua_cocos2dx_physics_auto.cpp ..\auto\lua_cocos2dx_spine_auto.cpp ..\auto\lua_cocos2dx_studio_auto.cpp ..\auto\lua_cocos2dx_ui_auto.cpp ..\manual\audioengine\lua_cocos2dx_audioengine_manual.cpp ..\manual\CCLuaBridge.cpp ..\manual\CCLuaEngine.cpp ..\manual\CCLuaStack.cpp ..\manual\CCLuaValue.cpp ..\manual\Cocos2dxLuaLoader.cpp ..\manual\cocos2d\LuaOpengl.cpp ..\manual\cocos2d\LuaScriptHandlerMgr.cpp ..\manual\CCComponentLua.cpp ..\manual\cocos2d\lua_cocos2dx_deprecated.cpp ..\manual\cocos2d\lua_cocos2dx_experimental_manual.cpp ..\manual\cocos2d\lua_cocos2dx_manual.cpp ..\manual\cocos2d\lua_cocos2dx_physics_manual.cpp ..\manual\cocosdenshion\lua_cocos2dx_cocosdenshion_manual.cpp ..\manual\cocostudio\CustomGUIReader.cpp "..\manual\cocostudio\lua-cocos-studio-conversions.cpp" ..\manual\cocostudio\lua_cocos2dx_coco_studio_manual.cpp ..\manual\cocostudio\lua_cocos2dx_csloader_manual.cpp ..\manual\extension\lua_cocos2dx_extension_manual.cpp ..\manual\LuaBasicConversions.cpp ..\manual\lua_module_register.cpp ..\manual\network\lua_cocos2dx_network_manual.cpp ..\manual\network\lua_downloader.cpp ..\manual\network\Lua_web_socket.cpp ..\manual\network\lua_xml_http_request.cpp ..\manual\spine\LuaSkeletonAnimation.cpp ..\manual\spine\lua_cocos2dx_spine_manual.cpp ..\manual\tolua_fix.cpp ..\manual\ui\lua_cocos2dx_experimental_video_manual.cpp ..\manual\ui\lua_cocos2dx_experimental_webview_manual.cpp ..\manual\ui\lua_cocos2dx_ui_manual.cpp
         lua_async.cpp
         lua_dump.cpp
         lua_rand.cpp
         Rand.cpp
         xxtea.cpp
         lua_cocos2dx_audioengine_auto.cpp
         lua_cocos2dx_auto.cpp
         lua_cocos2dx_cocosdenshion_auto.cpp
         lua_cocos2dx_csloader_auto.cpp
         lua_cocos2dx_experimental_auto.cpp
         lua_cocos2dx_experimental_video_auto.cpp
         lua_cocos2dx_experimental_webview_auto.cpp
         lua_cocos2dx_extension_auto.cpp
         lua_cocos2dx_physics_auto.cpp
         lua_cocos2dx_spine_auto.cpp
         lua_cocos2dx_studio_auto.cpp
         lua_cocos2dx_ui_auto.cpp
         lua_cocos2dx_audioengine_manual.cpp
         CCLuaBridge.cpp
         CCLuaEngine.cpp
         CCLuaStack.cpp
         CCLuaValue.cpp
     1>E:\Pokemon\Scarlet\MyLuaGame\frameworks\cocos2d-x\cocos\base/allocator/TJAllocator.h(158): warning C4146: unary minus operator applied to unsigned type, result still unsigned (..\..\..\..\external\xxtea\xxtea.cpp)
     1>E:\Pokemon\Scarlet\MyLuaGame\frameworks\cocos2d-x\cocos\base/allocator/TJAllocator.h(254): warning C4146: unary minus operator applied to unsigned type, result still unsigned (..\..\..\..\external\xxtea\xxtea.cpp)
     1>E:\Pokemon\Scarlet\MyLuaGame\frameworks\cocos2d-x\cocos\base/allocator/TJAllocator.h(158): warning C4146: unary minus operator applied to unsigned type, result still unsigned (..\manual\CCLuaStack.cpp)
     1>E:\Pokemon\Scarlet\MyLuaGame\frameworks\cocos2d-x\cocos\base/allocator/TJAllocator.h(254): warning C4146: unary minus operator applied to unsigned type, result still unsigned (..\manual\CCLuaStack.cpp)
         Cocos2dxLuaLoader.cpp
     1>e:\pokemon\scarlet\myluagame\frameworks\cocos2d-x\cocos\base/allocator/TJAllocator.h(158): warning C4146: unary minus operator applied to unsigned type, result still unsigned (..\auto\lua_cocos2dx_auto.cpp)
     1>e:\pokemon\scarlet\myluagame\frameworks\cocos2d-x\cocos\base/allocator/TJAllocator.h(254): warning C4146: unary minus operator applied to unsigned type, result still unsigned (..\auto\lua_cocos2dx_auto.cpp)
         LuaOpengl.cpp
     1>e:\pokemon\scarlet\myluagame\frameworks\cocos2d-x\cocos\base/allocator/TJAllocator.h(158): warning C4146: unary minus operator applied to unsigned type, result still unsigned (..\auto\lua_cocos2dx_spine_auto.cpp)
     1>e:\pokemon\scarlet\myluagame\frameworks\cocos2d-x\cocos\base/allocator/TJAllocator.h(254): warning C4146: unary minus operator applied to unsigned type, result still unsigned (..\auto\lua_cocos2dx_spine_auto.cpp)
     1>..\auto\lua_cocos2dx_ui_auto.cpp(4605): warning C4083: expected '('; found identifier 'NO'
     1>..\auto\lua_cocos2dx_ui_auto.cpp(6573): warning C4083: expected '('; found identifier 'NO'
     1>..\auto\lua_cocos2dx_ui_auto.cpp(6764): warning C4083: expected '('; found identifier 'NO'
     1>..\auto\lua_cocos2dx_ui_auto.cpp(7812): warning C4083: expected '('; found identifier 'NO'
     1>..\auto\lua_cocos2dx_ui_auto.cpp(8429): warning C4083: expected '('; found identifier 'NO'
     1>..\auto\lua_cocos2dx_ui_auto.cpp(8476): warning C4083: expected '('; found identifier 'NO'
     1>..\auto\lua_cocos2dx_ui_auto.cpp(8657): warning C4083: expected '('; found identifier 'NO'
     1>..\auto\lua_cocos2dx_ui_auto.cpp(8754): warning C4083: expected '('; found identifier 'NO'
     1>..\auto\lua_cocos2dx_ui_auto.cpp(9147): warning C4083: expected '('; found identifier 'NO'
     1>..\auto\lua_cocos2dx_ui_auto.cpp(11222): warning C4083: expected '('; found identifier 'NO'
     1>..\auto\lua_cocos2dx_ui_auto.cpp(13618): warning C4083: expected '('; found identifier 'NO'
     1>..\auto\lua_cocos2dx_ui_auto.cpp(14097): warning C4083: expected '('; found identifier 'NO'
     1>..\auto\lua_cocos2dx_ui_auto.cpp(20675): warning C4083: expected '('; found identifier 'NO'
     1>..\auto\lua_cocos2dx_ui_auto.cpp(20819): warning C4083: expected '('; found identifier 'NO'
     1>..\auto\lua_cocos2dx_ui_auto.cpp(21291): warning C4083: expected '('; found identifier 'NO'
     1>..\auto\lua_cocos2dx_ui_auto.cpp(21546): warning C4083: expected '('; found identifier 'NO'
     1>..\auto\lua_cocos2dx_ui_auto.cpp(21640): warning C4083: expected '('; found identifier 'NO'
     1>..\auto\lua_cocos2dx_ui_auto.cpp(24719): warning C4083: expected '('; found identifier 'NO'
         LuaScriptHandlerMgr.cpp
     1>..\auto\lua_cocos2dx_ui_auto.cpp(33903): warning C4083: expected '('; found identifier 'NO'
     1>..\auto\lua_cocos2dx_ui_auto.cpp(34349): warning C4083: expected '('; found identifier 'NO'
     1>..\auto\lua_cocos2dx_ui_auto.cpp(34955): warning C4083: expected '('; found identifier 'NO'
     1>..\auto\lua_cocos2dx_ui_auto.cpp(35210): warning C4083: expected '('; found identifier 'NO'
         CCComponentLua.cpp
         lua_cocos2dx_deprecated.cpp
         lua_cocos2dx_experimental_manual.cpp
         lua_cocos2dx_manual.cpp
         lua_cocos2dx_physics_manual.cpp
     1>E:\Pokemon\Scarlet\MyLuaGame\frameworks\cocos2d-x\cocos\base/allocator/TJAllocator.h(158): warning C4146: unary minus operator applied to unsigned type, result still unsigned (..\auto\lua_cocos2dx_extension_auto.cpp)
     1>E:\Pokemon\Scarlet\MyLuaGame\frameworks\cocos2d-x\cocos\base/allocator/TJAllocator.h(254): warning C4146: unary minus operator applied to unsigned type, result still unsigned (..\auto\lua_cocos2dx_extension_auto.cpp)
     1>e:\pokemon\scarlet\myluagame\frameworks\cocos2d-x\cocos\base/allocator/TJAllocator.h(158): warning C4146: unary minus operator applied to unsigned type, result still unsigned (..\manual\Cocos2dxLuaLoader.cpp)
     1>e:\pokemon\scarlet\myluagame\frameworks\cocos2d-x\cocos\base/allocator/TJAllocator.h(254): warning C4146: unary minus operator applied to unsigned type, result still unsigned (..\manual\Cocos2dxLuaLoader.cpp)
         lua_cocos2dx_cocosdenshion_manual.cpp
         CustomGUIReader.cpp
     1>..\manual\cocos2d\LuaScriptHandlerMgr.cpp(228): warning C4018: '<' : signed/unsigned mismatch
     1>..\manual\cocos2d\LuaOpengl.cpp(4436): warning C4996: 'cocos2d::DrawPrimitives::drawPoint': was declared deprecated
                 E:\Pokemon\Scarlet\MyLuaGame\frameworks\cocos2d-x\cocos\2d/CCDrawingPrimitives.h(101) : see declaration of 'cocos2d::DrawPrimitives::drawPoint'
     1>..\manual\cocos2d\LuaOpengl.cpp(4471): warning C4018: '<' : signed/unsigned mismatch
     1>..\manual\cocos2d\LuaOpengl.cpp(4489): warning C4996: 'cocos2d::DrawPrimitives::drawPoints': was declared deprecated
                 E:\Pokemon\Scarlet\MyLuaGame\frameworks\cocos2d-x\cocos\2d/CCDrawingPrimitives.h(109) : see declaration of 'cocos2d::DrawPrimitives::drawPoints'
     1>..\manual\cocos2d\LuaOpengl.cpp(4524): warning C4996: 'cocos2d::DrawPrimitives::drawLine': was declared deprecated
                 E:\Pokemon\Scarlet\MyLuaGame\frameworks\cocos2d-x\cocos\2d/CCDrawingPrimitives.h(116) : see declaration of 'cocos2d::DrawPrimitives::drawLine'
     1>..\manual\cocos2d\LuaOpengl.cpp(4557): warning C4996: 'cocos2d::DrawPrimitives::drawRect': was declared deprecated
                 E:\Pokemon\Scarlet\MyLuaGame\frameworks\cocos2d-x\cocos\2d/CCDrawingPrimitives.h(124) : see declaration of 'cocos2d::DrawPrimitives::drawRect'
     1>..\manual\cocos2d\LuaOpengl.cpp(4597): warning C4996: 'cocos2d::DrawPrimitives::drawSolidRect': was declared deprecated
                 E:\Pokemon\Scarlet\MyLuaGame\frameworks\cocos2d-x\cocos\2d/CCDrawingPrimitives.h(134) : see declaration of 'cocos2d::DrawPrimitives::drawSolidRect'
     1>..\manual\cocos2d\LuaOpengl.cpp(4633): warning C4018: '<' : signed/unsigned mismatch
     1>..\manual\cocos2d\LuaOpengl.cpp(4651): warning C4996: 'cocos2d::DrawPrimitives::drawPoly': was declared deprecated
                 E:\Pokemon\Scarlet\MyLuaGame\frameworks\cocos2d-x\cocos\2d/CCDrawingPrimitives.h(143) : see declaration of 'cocos2d::DrawPrimitives::drawPoly'
     1>..\manual\cocos2d\LuaOpengl.cpp(4687): warning C4018: '<' : signed/unsigned mismatch
     1>..\manual\cocos2d\LuaOpengl.cpp(4713): warning C4996: 'cocos2d::DrawPrimitives::drawSolidPoly': was declared deprecated
                 E:\Pokemon\Scarlet\MyLuaGame\frameworks\cocos2d-x\cocos\2d/CCDrawingPrimitives.h(151) : see declaration of 'cocos2d::DrawPrimitives::drawSolidPoly'
     1>..\manual\cocos2d\LuaOpengl.cpp(4757): warning C4996: 'cocos2d::DrawPrimitives::drawCircle': was declared deprecated
                 E:\Pokemon\Scarlet\MyLuaGame\frameworks\cocos2d-x\cocos\2d/CCDrawingPrimitives.h(163) : see declaration of 'cocos2d::DrawPrimitives::drawCircle'
     1>..\manual\cocos2d\LuaOpengl.cpp(4795): warning C4996: 'cocos2d::DrawPrimitives::drawSolidCircle': was declared deprecated
                 E:\Pokemon\Scarlet\MyLuaGame\frameworks\cocos2d-x\cocos\2d/CCDrawingPrimitives.h(184) : see declaration of 'cocos2d::DrawPrimitives::drawSolidCircle'
     1>..\manual\cocos2d\LuaOpengl.cpp(4837): warning C4996: 'cocos2d::DrawPrimitives::drawQuadBezier': was declared deprecated
                 E:\Pokemon\Scarlet\MyLuaGame\frameworks\cocos2d-x\cocos\2d/CCDrawingPrimitives.h(204) : see declaration of 'cocos2d::DrawPrimitives::drawQuadBezier'
     1>..\manual\cocos2d\LuaOpengl.cpp(4884): warning C4996: 'cocos2d::DrawPrimitives::drawCubicBezier': was declared deprecated
                 E:\Pokemon\Scarlet\MyLuaGame\frameworks\cocos2d-x\cocos\2d/CCDrawingPrimitives.h(216) : see declaration of 'cocos2d::DrawPrimitives::drawCubicBezier'
     1>..\manual\cocos2d\LuaOpengl.cpp(4930): warning C4996: 'cocos2d::DrawPrimitives::drawCatmullRom': was declared deprecated
                 E:\Pokemon\Scarlet\MyLuaGame\frameworks\cocos2d-x\cocos\2d/CCDrawingPrimitives.h(225) : see declaration of 'cocos2d::DrawPrimitives::drawCatmullRom'
     1>..\manual\cocos2d\LuaOpengl.cpp(4976): warning C4996: 'cocos2d::DrawPrimitives::drawCardinalSpline': was declared deprecated
                 E:\Pokemon\Scarlet\MyLuaGame\frameworks\cocos2d-x\cocos\2d/CCDrawingPrimitives.h(235) : see declaration of 'cocos2d::DrawPrimitives::drawCardinalSpline'
     1>..\manual\cocos2d\LuaOpengl.cpp(5008): warning C4996: 'cocos2d::DrawPrimitives::setDrawColor4B': was declared deprecated
                 E:\Pokemon\Scarlet\MyLuaGame\frameworks\cocos2d-x\cocos\2d/CCDrawingPrimitives.h(246) : see declaration of 'cocos2d::DrawPrimitives::setDrawColor4B'
     1>..\manual\cocos2d\LuaOpengl.cpp(5040): warning C4996: 'cocos2d::DrawPrimitives::setDrawColor4F': was declared deprecated
                 E:\Pokemon\Scarlet\MyLuaGame\frameworks\cocos2d-x\cocos\2d/CCDrawingPrimitives.h(257) : see declaration of 'cocos2d::DrawPrimitives::setDrawColor4F'
     1>..\manual\cocos2d\LuaOpengl.cpp(5066): warning C4996: 'cocos2d::DrawPrimitives::setPointSize': was declared deprecated
                 E:\Pokemon\Scarlet\MyLuaGame\frameworks\cocos2d-x\cocos\2d/CCDrawingPrimitives.h(264) : see declaration of 'cocos2d::DrawPrimitives::setPointSize'
     1>..\manual\cocos2d\LuaOpengl.cpp(5091): warning C4996: 'tolua_cocos2d_DrawPrimitives_drawPoint00': was declared deprecated
                 ..\manual\cocos2d\LuaOpengl.cpp(4422) : see declaration of 'tolua_cocos2d_DrawPrimitives_drawPoint00'
     1>..\manual\cocos2d\LuaOpengl.cpp(5092): warning C4996: 'tolua_cocos2d_DrawPrimitives_drawPoints00': was declared deprecated
                 ..\manual\cocos2d\LuaOpengl.cpp(4450) : see declaration of 'tolua_cocos2d_DrawPrimitives_drawPoints00'
     1>..\manual\cocos2d\LuaOpengl.cpp(5093): warning C4996: 'tolua_cocos2d_DrawPrimitives_drawLine00': was declared deprecated
                 ..\manual\cocos2d\LuaOpengl.cpp(4504) : see declaration of 'tolua_cocos2d_DrawPrimitives_drawLine00'
     1>..\manual\cocos2d\LuaOpengl.cpp(5094): warning C4996: 'tolua_cocos2d_DrawPrimitives_drawRect00': was declared deprecated
                 ..\manual\cocos2d\LuaOpengl.cpp(4537) : see declaration of 'tolua_cocos2d_DrawPrimitives_drawRect00'
     1>..\manual\cocos2d\LuaOpengl.cpp(5095): warning C4996: 'tolua_cocos2d_DrawPrimitives_drawSolidRect00': was declared deprecated
                 ..\manual\cocos2d\LuaOpengl.cpp(4570) : see declaration of 'tolua_cocos2d_DrawPrimitives_drawSolidRect00'
     1>..\manual\cocos2d\LuaOpengl.cpp(5096): warning C4996: 'tolua_cocos2d_DrawPrimitives_drawPoly00': was declared deprecated
                 ..\manual\cocos2d\LuaOpengl.cpp(4610) : see declaration of 'tolua_cocos2d_DrawPrimitives_drawPoly00'
     1>..\manual\cocos2d\LuaOpengl.cpp(5097): warning C4996: 'tolua_cocos2d_DrawPrimitives_drawSolidPoly00': was declared deprecated
                 ..\manual\cocos2d\LuaOpengl.cpp(4666) : see declaration of 'tolua_cocos2d_DrawPrimitives_drawSolidPoly00'
     1>..\manual\cocos2d\LuaOpengl.cpp(5098): warning C4996: 'tolua_cocos2d_DrawPrimitives_drawCircle00': was declared deprecated
                 ..\manual\cocos2d\LuaOpengl.cpp(4728) : see declaration of 'tolua_cocos2d_DrawPrimitives_drawCircle00'
     1>..\manual\cocos2d\LuaOpengl.cpp(5099): warning C4996: 'tolua_cocos2d_DrawPrimitives_drawSolidCircle00': was declared deprecated
                 ..\manual\cocos2d\LuaOpengl.cpp(4770) : see declaration of 'tolua_cocos2d_DrawPrimitives_drawSolidCircle00'
     1>..\manual\cocos2d\LuaOpengl.cpp(5100): warning C4996: 'tolua_cocos2d_DrawPrimitives_drawQuadBezier00': was declared deprecated
                 ..\manual\cocos2d\LuaOpengl.cpp(4809) : see declaration of 'tolua_cocos2d_DrawPrimitives_drawQuadBezier00'
     1>..\manual\cocos2d\LuaOpengl.cpp(5101): warning C4996: 'tolua_cocos2d_DrawPrimitives_drawCubicBezier00': was declared deprecated
                 ..\manual\cocos2d\LuaOpengl.cpp(4850) : see declaration of 'tolua_cocos2d_DrawPrimitives_drawCubicBezier00'
     1>..\manual\cocos2d\LuaOpengl.cpp(5102): warning C4996: 'tolua_cocos2d_DrawPrimitives_drawCatmullRom00': was declared deprecated
                 ..\manual\cocos2d\LuaOpengl.cpp(4897) : see declaration of 'tolua_cocos2d_DrawPrimitives_drawCatmullRom00'
     1>..\manual\cocos2d\LuaOpengl.cpp(5103): warning C4996: 'tolua_cocos2d_DrawPrimitives_drawCardinalSpline00': was declared deprecated
                 ..\manual\cocos2d\LuaOpengl.cpp(4943) : see declaration of 'tolua_cocos2d_DrawPrimitives_drawCardinalSpline00'
     1>..\manual\cocos2d\LuaOpengl.cpp(5104): warning C4996: 'tolua_cocos2d_DrawPrimitives_drawColor4B00': was declared deprecated
                 ..\manual\cocos2d\LuaOpengl.cpp(4989) : see declaration of 'tolua_cocos2d_DrawPrimitives_drawColor4B00'
     1>..\manual\cocos2d\LuaOpengl.cpp(5105): warning C4996: 'tolua_cocos2d_DrawPrimitives_drawColor4F00': was declared deprecated
                 ..\manual\cocos2d\LuaOpengl.cpp(5021) : see declaration of 'tolua_cocos2d_DrawPrimitives_drawColor4F00'
     1>..\manual\cocos2d\LuaOpengl.cpp(5106): warning C4996: 'tolua_cocos2d_DrawPrimitives_setPointSize00': was declared deprecated
                 ..\manual\cocos2d\LuaOpengl.cpp(5053) : see declaration of 'tolua_cocos2d_DrawPrimitives_setPointSize00'
         lua-cocos-studio-conversions.cpp
     1>..\auto\lua_cocos2dx_spine_auto.cpp(180): warning C4083: expected '('; found identifier 'NO'
     1>..\auto\lua_cocos2dx_spine_auto.cpp(196): warning C4083: expected '('; found identifier 'NO'
     1>..\auto\lua_cocos2dx_spine_auto.cpp(333): warning C4083: expected '('; found identifier 'NO'
     1>..\auto\lua_cocos2dx_spine_auto.cpp(350): warning C4083: expected '('; found identifier 'NO'
     1>..\auto\lua_cocos2dx_spine_auto.cpp(485): warning C4083: expected '('; found identifier 'NO'
     1>..\auto\lua_cocos2dx_spine_auto.cpp(502): warning C4083: expected '('; found identifier 'NO'
     1>..\auto\lua_cocos2dx_spine_auto.cpp(700): warning C4083: expected '('; found identifier 'NO'
     1>..\auto\lua_cocos2dx_spine_auto.cpp(716): warning C4083: expected '('; found identifier 'NO'
     1>..\auto\lua_cocos2dx_spine_auto.cpp(735): warning C4083: expected '('; found identifier 'NO'
     1>..\auto\lua_cocos2dx_spine_auto.cpp(1228): warning C4083: expected '('; found identifier 'NO'
     1>..\auto\lua_cocos2dx_spine_auto.cpp(1338): warning C4083: expected '('; found identifier 'NO'
     1>..\auto\lua_cocos2dx_spine_auto.cpp(1408): warning C4083: expected '('; found identifier 'NO'
     1>..\auto\lua_cocos2dx_spine_auto.cpp(1425): warning C4083: expected '('; found identifier 'NO'
     1>..\auto\lua_cocos2dx_spine_auto.cpp(1497): warning C4083: expected '('; found identifier 'NO'
     1>..\auto\lua_cocos2dx_spine_auto.cpp(1512): warning C4083: expected '('; found identifier 'NO'
     1>..\auto\lua_cocos2dx_spine_auto.cpp(1529): warning C4083: expected '('; found identifier 'NO'
     1>..\auto\lua_cocos2dx_spine_auto.cpp(1597): warning C4083: expected '('; found identifier 'NO'
     1>..\auto\lua_cocos2dx_spine_auto.cpp(1613): warning C4083: expected '('; found identifier 'NO'
     1>..\auto\lua_cocos2dx_spine_auto.cpp(1633): warning C4083: expected '('; found identifier 'NO'
     1>..\auto\lua_cocos2dx_spine_auto.cpp(1668): warning C4083: expected '('; found identifier 'NO'
     1>..\auto\lua_cocos2dx_spine_auto.cpp(1684): warning C4083: expected '('; found identifier 'NO'
     1>..\auto\lua_cocos2dx_spine_auto.cpp(1708): warning C4083: expected '('; found identifier 'NO'
     1>..\auto\lua_cocos2dx_spine_auto.cpp(1728): warning C4083: expected '('; found identifier 'NO'
     1>..\auto\lua_cocos2dx_spine_auto.cpp(1876): warning C4083: expected '('; found identifier 'NO'
     1>..\auto\lua_cocos2dx_spine_auto.cpp(1990): warning C4083: expected '('; found identifier 'NO'
     1>..\auto\lua_cocos2dx_spine_auto.cpp(2144): warning C4083: expected '('; found identifier 'NO'
     1>..\auto\lua_cocos2dx_spine_auto.cpp(2211): warning C4083: expected '('; found identifier 'NO'
     1>..\auto\lua_cocos2dx_spine_auto.cpp(2231): warning C4083: expected '('; found identifier 'NO'
     1>..\auto\lua_cocos2dx_spine_auto.cpp(2329): warning C4083: expected '('; found identifier 'NO'
     1>..\auto\lua_cocos2dx_spine_auto.cpp(2491): warning C4083: expected '('; found identifier 'NO'
     1>..\auto\lua_cocos2dx_spine_auto.cpp(2612): warning C4083: expected '('; found identifier 'NO'
     1>..\auto\lua_cocos2dx_spine_auto.cpp(2656): warning C4083: expected '('; found identifier 'NO'
     1>..\auto\lua_cocos2dx_spine_auto.cpp(3126): warning C4083: expected '('; found identifier 'NO'
     1>..\auto\lua_cocos2dx_spine_auto.cpp(3364): warning C4083: expected '('; found identifier 'NO'
     1>..\auto\lua_cocos2dx_spine_auto.cpp(3381): warning C4083: expected '('; found identifier 'NO'
     1>..\auto\lua_cocos2dx_spine_auto.cpp(3492): warning C4083: expected '('; found identifier 'NO'
     1>..\auto\lua_cocos2dx_spine_auto.cpp(3509): warning C4083: expected '('; found identifier 'NO'
     1>..\auto\lua_cocos2dx_auto.cpp(13432): warning C4083: expected '('; found identifier 'NO'
     1>..\auto\lua_cocos2dx_auto.cpp(13474): warning C4083: expected '('; found identifier 'NO'
     1>..\auto\lua_cocos2dx_auto.cpp(18634): warning C4083: expected '('; found identifier 'NO'
     1>..\auto\lua_cocos2dx_auto.cpp(20486): warning C4083: expected '('; found identifier 'NO'
         lua_cocos2dx_coco_studio_manual.cpp
     1>..\auto\lua_cocos2dx_auto.cpp(26106): warning C4083: expected '('; found identifier 'NO'
     1>..\auto\lua_cocos2dx_auto.cpp(32286): warning C4083: expected '('; found identifier 'NO'
     1>..\auto\lua_cocos2dx_auto.cpp(32307): warning C4083: expected '('; found identifier 'NO'
     1>..\auto\lua_cocos2dx_auto.cpp(33161): warning C4083: expected '('; found identifier 'NO'
     1>..\auto\lua_cocos2dx_auto.cpp(33308): warning C4083: expected '('; found identifier 'NO'
     1>..\auto\lua_cocos2dx_auto.cpp(33359): warning C4083: expected '('; found identifier 'NO'
     1>..\auto\lua_cocos2dx_auto.cpp(39070): warning C4083: expected '('; found identifier 'NO'
     1>..\auto\lua_cocos2dx_auto.cpp(39182): warning C4083: expected '('; found identifier 'NO'
     1>E:\Pokemon\Scarlet\MyLuaGame\frameworks\cocos2d-x\cocos\base/allocator/TJAllocator.h(158): warning C4146: unary minus operator applied to unsigned type, result still unsigned (..\manual\CCComponentLua.cpp)
     1>E:\Pokemon\Scarlet\MyLuaGame\frameworks\cocos2d-x\cocos\base/allocator/TJAllocator.h(254): warning C4146: unary minus operator applied to unsigned type, result still unsigned (..\manual\CCComponentLua.cpp)
         lua_cocos2dx_csloader_manual.cpp
         lua_cocos2dx_extension_manual.cpp
         LuaBasicConversions.cpp
         lua_module_register.cpp
     1>..\auto\lua_cocos2dx_auto.cpp(88297): warning C4083: expected '('; found identifier 'NO'
     1>..\auto\lua_cocos2dx_auto.cpp(89381): warning C4083: expected '('; found identifier 'NO'
     1>..\auto\lua_cocos2dx_auto.cpp(89410): warning C4083: expected '('; found identifier 'NO'
     1>..\auto\lua_cocos2dx_auto.cpp(107079): warning C4083: expected '('; found identifier 'NO'
         lua_cocos2dx_network_manual.cpp
         lua_downloader.cpp
     1>E:\Pokemon\Scarlet\MyLuaGame\frameworks\cocos2d-x\cocos\base/allocator/TJAllocator.h(158): warning C4146: unary minus operator applied to unsigned type, result still unsigned (..\manual\cocos2d\lua_cocos2dx_manual.cpp)
     1>E:\Pokemon\Scarlet\MyLuaGame\frameworks\cocos2d-x\cocos\base/allocator/TJAllocator.h(254): warning C4146: unary minus operator applied to unsigned type, result still unsigned (..\manual\cocos2d\lua_cocos2dx_manual.cpp)
     1>E:\Pokemon\Scarlet\MyLuaGame\frameworks\cocos2d-x\cocos\base/allocator/TJAllocator.h(158): warning C4146: unary minus operator applied to unsigned type, result still unsigned (..\manual\cocos2d\lua_cocos2dx_deprecated.cpp)
     1>E:\Pokemon\Scarlet\MyLuaGame\frameworks\cocos2d-x\cocos\base/allocator/TJAllocator.h(254): warning C4146: unary minus operator applied to unsigned type, result still unsigned (..\manual\cocos2d\lua_cocos2dx_deprecated.cpp)
         Lua_web_socket.cpp
     1>..\manual\cocos2d\lua_cocos2dx_manual.cpp(302): warning C4018: '<=' : signed/unsigned mismatch
     1>..\manual\cocos2d\lua_cocos2dx_manual.cpp(451): warning C4018: '<' : signed/unsigned mismatch
     1>..\manual\cocos2d\lua_cocos2dx_deprecated.cpp(1530): warning C4018: '<' : signed/unsigned mismatch
     1>..\manual\cocos2d\lua_cocos2dx_manual.cpp(1784): warning C4018: '<=' : signed/unsigned mismatch
     1>..\manual\cocos2d\lua_cocos2dx_manual.cpp(2613): warning C4018: '<=' : signed/unsigned mismatch
     1>..\manual\cocos2d\lua_cocos2dx_manual.cpp(3008): warning C4018: '<' : signed/unsigned mismatch
     1>..\manual\cocos2d\lua_cocos2dx_manual.cpp(3094): warning C4018: '<' : signed/unsigned mismatch
     1>..\manual\cocos2d\lua_cocos2dx_manual.cpp(3173): warning C4018: '<' : signed/unsigned mismatch
     1>..\manual\cocos2d\lua_cocos2dx_manual.cpp(3381): warning C4018: '<' : signed/unsigned mismatch
     1>..\manual\cocos2d\lua_cocos2dx_manual.cpp(3421): warning C4018: '<' : signed/unsigned mismatch
     1>..\manual\cocos2d\lua_cocos2dx_manual.cpp(4086): warning C4018: '<=' : signed/unsigned mismatch
     1>..\manual\cocos2d\lua_cocos2dx_manual.cpp(4160): warning C4018: '<=' : signed/unsigned mismatch
     1>..\manual\cocos2d\lua_cocos2dx_manual.cpp(4235): warning C4018: '<=' : signed/unsigned mismatch
     1>..\manual\cocos2d\lua_cocos2dx_manual.cpp(4308): warning C4018: '<=' : signed/unsigned mismatch
     1>..\manual\cocos2d\lua_cocos2dx_manual.cpp(4383): warning C4018: '<=' : signed/unsigned mismatch
     1>..\manual\cocos2d\lua_cocos2dx_manual.cpp(5140): warning C4996: 'tolua_cocos2dx_DrawNode_setBlendFunc01': was declared deprecated
                 ..\manual\cocos2d\lua_cocos2dx_manual.cpp(3600) : see declaration of 'tolua_cocos2dx_DrawNode_setBlendFunc01'
     1>..\manual\cocos2d\lua_cocos2dx_manual.cpp(5327): warning C4996: 'tolua_cocos2dx_Sprite_setBlendFunc01': was declared deprecated
                 ..\manual\cocos2d\lua_cocos2dx_manual.cpp(3509) : see declaration of 'tolua_cocos2dx_Sprite_setBlendFunc01'
     1>..\manual\cocos2d\lua_cocos2dx_manual.cpp(5342): warning C4996: 'tolua_cocos2dx_LayerColor_setBlendFunc01': was declared deprecated
                 ..\manual\cocos2d\lua_cocos2dx_manual.cpp(3574) : see declaration of 'tolua_cocos2dx_LayerColor_setBlendFunc01'
     1>..\manual\cocos2d\lua_cocos2dx_manual.cpp(5368): warning C4996: 'tolua_cocos2dx_ParticleSystem_setBlendFunc01': was declared deprecated
                 ..\manual\cocos2d\lua_cocos2dx_manual.cpp(3587) : see declaration of 'tolua_cocos2dx_ParticleSystem_setBlendFunc01'
     1>..\manual\cocos2d\lua_cocos2dx_manual.cpp(5415): warning C4996: 'tolua_cocos2dx_SpriteBatchNode_setBlendFunc01': was declared deprecated
                 ..\manual\cocos2d\lua_cocos2dx_manual.cpp(3522) : see declaration of 'tolua_cocos2dx_SpriteBatchNode_setBlendFunc01'
     1>..\manual\cocos2d\lua_cocos2dx_manual.cpp(5428): warning C4996: 'tolua_cocos2dx_MotionStreak_setBlendFunc01': was declared deprecated
                 ..\manual\cocos2d\lua_cocos2dx_manual.cpp(3535) : see declaration of 'tolua_cocos2dx_MotionStreak_setBlendFunc01'
     1>..\manual\cocos2d\lua_cocos2dx_manual.cpp(5441): warning C4996: 'tolua_cocos2dx_AtlasNode_setBlendFunc01': was declared deprecated
                 ..\manual\cocos2d\lua_cocos2dx_manual.cpp(3548) : see declaration of 'tolua_cocos2dx_AtlasNode_setBlendFunc01'
     1>..\manual\cocos2d\lua_cocos2dx_manual.cpp(5454): warning C4996: 'tolua_cocos2dx_ParticleBatchNode_setBlendFunc01': was declared deprecated
                 ..\manual\cocos2d\lua_cocos2dx_manual.cpp(3561) : see declaration of 'tolua_cocos2dx_ParticleBatchNode_setBlendFunc01'
     1>..\manual\cocos2d\lua_cocos2dx_manual.cpp(6974): warning C4099: 'cocos2d::Console::Command' : type name first seen using 'class' now seen using 'struct'
                 E:\Pokemon\Scarlet\MyLuaGame\frameworks\cocos2d-x\cocos\base/CCConsole.h(115) : see declaration of 'cocos2d::Console::Command'
     1>..\manual\cocos2d\lua_cocos2dx_manual.cpp(7271): warning C4018: '<=' : signed/unsigned mismatch
         lua_xml_http_request.cpp
         LuaSkeletonAnimation.cpp
         lua_cocos2dx_spine_manual.cpp
         tolua_fix.cpp
         lua_cocos2dx_experimental_video_manual.cpp
     1>e:\pokemon\scarlet\myluagame\frameworks\cocos2d-x\cocos\scripting\lua-bindings\auto\lua_cocos2dx_spine_auto.cpp(187): warning C4700: uninitialized local variable 'arg0' used
     1>e:\pokemon\scarlet\myluagame\frameworks\cocos2d-x\cocos\scripting\lua-bindings\auto\lua_cocos2dx_spine_auto.cpp(205): warning C4700: uninitialized local variable 'arg0' used
     1>e:\pokemon\scarlet\myluagame\frameworks\cocos2d-x\cocos\scripting\lua-bindings\auto\lua_cocos2dx_spine_auto.cpp(337): warning C4700: uninitialized local variable 'arg1' used
     1>e:\pokemon\scarlet\myluagame\frameworks\cocos2d-x\cocos\scripting\lua-bindings\auto\lua_cocos2dx_spine_auto.cpp(358): warning C4700: uninitialized local variable 'arg1' used
     1>e:\pokemon\scarlet\myluagame\frameworks\cocos2d-x\cocos\scripting\lua-bindings\auto\lua_cocos2dx_spine_auto.cpp(489): warning C4700: uninitialized local variable 'arg1' used
     1>e:\pokemon\scarlet\myluagame\frameworks\cocos2d-x\cocos\scripting\lua-bindings\auto\lua_cocos2dx_spine_auto.cpp(510): warning C4700: uninitialized local variable 'arg1' used
     1>e:\pokemon\scarlet\myluagame\frameworks\cocos2d-x\cocos\scripting\lua-bindings\auto\lua_cocos2dx_spine_auto.cpp(707): warning C4700: uninitialized local variable 'arg0' used
     1>e:\pokemon\scarlet\myluagame\frameworks\cocos2d-x\cocos\scripting\lua-bindings\auto\lua_cocos2dx_spine_auto.cpp(725): warning C4700: uninitialized local variable 'arg0' used
     1>e:\pokemon\scarlet\myluagame\frameworks\cocos2d-x\cocos\scripting\lua-bindings\auto\lua_cocos2dx_spine_auto.cpp(746): warning C4700: uninitialized local variable 'arg0' used
     1>e:\pokemon\scarlet\myluagame\frameworks\cocos2d-x\cocos\scripting\lua-bindings\auto\lua_cocos2dx_spine_auto.cpp(1235): warning C4700: uninitialized local variable 'arg0' used
     1>e:\pokemon\scarlet\myluagame\frameworks\cocos2d-x\cocos\scripting\lua-bindings\auto\lua_cocos2dx_spine_auto.cpp(1411): warning C4700: uninitialized local variable 'arg1' used
     1>e:\pokemon\scarlet\myluagame\frameworks\cocos2d-x\cocos\scripting\lua-bindings\auto\lua_cocos2dx_spine_auto.cpp(1431): warning C4700: uninitialized local variable 'arg1' used
     1>e:\pokemon\scarlet\myluagame\frameworks\cocos2d-x\cocos\scripting\lua-bindings\auto\lua_cocos2dx_spine_auto.cpp(1504): warning C4700: uninitialized local variable 'arg0' used
     1>e:\pokemon\scarlet\myluagame\frameworks\cocos2d-x\cocos\scripting\lua-bindings\auto\lua_cocos2dx_spine_auto.cpp(1520): warning C4700: uninitialized local variable 'arg0' used
     1>e:\pokemon\scarlet\myluagame\frameworks\cocos2d-x\cocos\scripting\lua-bindings\auto\lua_cocos2dx_spine_auto.cpp(1538): warning C4700: uninitialized local variable 'arg0' used
     1>e:\pokemon\scarlet\myluagame\frameworks\cocos2d-x\cocos\scripting\lua-bindings\auto\lua_cocos2dx_spine_auto.cpp(1601): warning C4700: uninitialized local variable 'arg0' used
     1>e:\pokemon\scarlet\myluagame\frameworks\cocos2d-x\cocos\scripting\lua-bindings\auto\lua_cocos2dx_spine_auto.cpp(1621): warning C4700: uninitialized local variable 'arg0' used
     1>e:\pokemon\scarlet\myluagame\frameworks\cocos2d-x\cocos\scripting\lua-bindings\auto\lua_cocos2dx_spine_auto.cpp(1645): warning C4700: uninitialized local variable 'arg0' used
     1>e:\pokemon\scarlet\myluagame\frameworks\cocos2d-x\cocos\scripting\lua-bindings\auto\lua_cocos2dx_spine_auto.cpp(1672): warning C4700: uninitialized local variable 'arg0' used
     1>e:\pokemon\scarlet\myluagame\frameworks\cocos2d-x\cocos\scripting\lua-bindings\auto\lua_cocos2dx_spine_auto.cpp(1692): warning C4700: uninitialized local variable 'arg0' used
     1>e:\pokemon\scarlet\myluagame\frameworks\cocos2d-x\cocos\scripting\lua-bindings\auto\lua_cocos2dx_spine_auto.cpp(1712): warning C4700: uninitialized local variable 'arg1' used
     1>e:\pokemon\scarlet\myluagame\frameworks\cocos2d-x\cocos\scripting\lua-bindings\auto\lua_cocos2dx_spine_auto.cpp(1736): warning C4700: uninitialized local variable 'arg1' used
     1>e:\pokemon\scarlet\myluagame\frameworks\cocos2d-x\cocos\scripting\lua-bindings\auto\lua_cocos2dx_spine_auto.cpp(1889): warning C4700: uninitialized local variable 'arg0' used
     1>e:\pokemon\scarlet\myluagame\frameworks\cocos2d-x\cocos\scripting\lua-bindings\auto\lua_cocos2dx_spine_auto.cpp(2157): warning C4700: uninitialized local variable 'arg0' used
     1>e:\pokemon\scarlet\myluagame\frameworks\cocos2d-x\cocos\scripting\lua-bindings\auto\lua_cocos2dx_spine_auto.cpp(2342): warning C4700: uninitialized local variable 'arg0' used
     1>e:\pokemon\scarlet\myluagame\frameworks\cocos2d-x\cocos\scripting\lua-bindings\auto\lua_cocos2dx_spine_auto.cpp(2504): warning C4700: uninitialized local variable 'arg0' used
     1>e:\pokemon\scarlet\myluagame\frameworks\cocos2d-x\cocos\scripting\lua-bindings\auto\lua_cocos2dx_spine_auto.cpp(2669): warning C4700: uninitialized local variable 'arg0' used
     1>e:\pokemon\scarlet\myluagame\frameworks\cocos2d-x\cocos\scripting\lua-bindings\auto\lua_cocos2dx_spine_auto.cpp(3139): warning C4700: uninitialized local variable 'arg0' used
     1>e:\pokemon\scarlet\myluagame\frameworks\cocos2d-x\cocos\scripting\lua-bindings\auto\lua_cocos2dx_spine_auto.cpp(3367): warning C4700: uninitialized local variable 'arg1' used
     1>e:\pokemon\scarlet\myluagame\frameworks\cocos2d-x\cocos\scripting\lua-bindings\auto\lua_cocos2dx_spine_auto.cpp(3387): warning C4700: uninitialized local variable 'arg1' used
     1>e:\pokemon\scarlet\myluagame\frameworks\cocos2d-x\cocos\scripting\lua-bindings\auto\lua_cocos2dx_spine_auto.cpp(3495): warning C4700: uninitialized local variable 'arg1' used
     1>e:\pokemon\scarlet\myluagame\frameworks\cocos2d-x\cocos\scripting\lua-bindings\auto\lua_cocos2dx_spine_auto.cpp(3515): warning C4700: uninitialized local variable 'arg1' used
         lua_cocos2dx_experimental_webview_manual.cpp
         lua_cocos2dx_ui_manual.cpp
     1>e:\pokemon\scarlet\myluagame\frameworks\cocos2d-x\cocos\base/allocator/TJAllocator.h(158): warning C4146: unary minus operator applied to unsigned type, result still unsigned (..\manual\network\lua_downloader.cpp)
     1>e:\pokemon\scarlet\myluagame\frameworks\cocos2d-x\cocos\base/allocator/TJAllocator.h(254): warning C4146: unary minus operator applied to unsigned type, result still unsigned (..\manual\network\lua_downloader.cpp)
     1>..\manual\network\lua_xml_http_request.cpp(390): warning C4102: 'tolua_lerror' : unreferenced label
     1>..\manual\network\lua_xml_http_request.cpp(771): warning C4018: '<' : signed/unsigned mismatch
     1>..\manual\cocostudio\lua_cocos2dx_coco_studio_manual.cpp(386): warning C4996: 'cocostudio::Bone::getIgnoreMovementBoneData': was declared deprecated
                 E:\Pokemon\Scarlet\MyLuaGame\frameworks\cocos2d-x\cocos\editor-support/cocostudio/CCBone.h(195) : see declaration of 'cocostudio::Bone::getIgnoreMovementBoneData'
                 E:\Pokemon\Scarlet\MyLuaGame\frameworks\cocos2d-x\cocos\editor-support/cocostudio/CCBone.h(195) : see declaration of 'cocostudio::Bone::getIgnoreMovementBoneData'
     1>E:\Pokemon\Scarlet\MyLuaGame\frameworks\cocos2d-x\cocos\base/allocator/TJAllocator.h(158): warning C4146: unary minus operator applied to unsigned type, result still unsigned (..\manual\extension\lua_cocos2dx_extension_manual.cpp)
     1>E:\Pokemon\Scarlet\MyLuaGame\frameworks\cocos2d-x\cocos\base/allocator/TJAllocator.h(254): warning C4146: unary minus operator applied to unsigned type, result still unsigned (..\manual\extension\lua_cocos2dx_extension_manual.cpp)
     1>e:\pokemon\scarlet\myluagame\frameworks\cocos2d-x\cocos\base/allocator/TJAllocator.h(158): warning C4146: unary minus operator applied to unsigned type, result still unsigned (..\manual\spine\LuaSkeletonAnimation.cpp)
     1>e:\pokemon\scarlet\myluagame\frameworks\cocos2d-x\cocos\base/allocator/TJAllocator.h(254): warning C4146: unary minus operator applied to unsigned type, result still unsigned (..\manual\spine\LuaSkeletonAnimation.cpp)
     1>e:\pokemon\scarlet\myluagame\frameworks\cocos2d-x\cocos\base/allocator/TJAllocator.h(158): warning C4146: unary minus operator applied to unsigned type, result still unsigned (..\manual\spine\lua_cocos2dx_spine_manual.cpp)
     1>e:\pokemon\scarlet\myluagame\frameworks\cocos2d-x\cocos\base/allocator/TJAllocator.h(254): warning C4146: unary minus operator applied to unsigned type, result still unsigned (..\manual\spine\lua_cocos2dx_spine_manual.cpp)
     1>e:\pokemon\scarlet\myluagame\frameworks\cocos2d-x\cocos\scripting\lua-bindings\auto\lua_cocos2dx_auto.cpp(18646): warning C4700: uninitialized local variable 'arg2' used
     1>e:\pokemon\scarlet\myluagame\frameworks\cocos2d-x\cocos\scripting\lua-bindings\auto\lua_cocos2dx_auto.cpp(20493): warning C4700: uninitialized local variable 'arg1' used
     1>e:\pokemon\scarlet\myluagame\frameworks\cocos2d-x\cocos\scripting\lua-bindings\auto\lua_cocos2dx_auto.cpp(26113): warning C4700: uninitialized local variable 'arg1' used
     1>e:\pokemon\scarlet\myluagame\frameworks\cocos2d-x\cocos\scripting\lua-bindings\auto\lua_cocos2dx_auto.cpp(32290): warning C4700: uninitialized local variable 'arg2' used
     1>e:\pokemon\scarlet\myluagame\frameworks\cocos2d-x\cocos\scripting\lua-bindings\auto\lua_cocos2dx_auto.cpp(32311): warning C4700: uninitialized local variable 'arg2' used
     1>e:\pokemon\scarlet\myluagame\frameworks\cocos2d-x\cocos\scripting\lua-bindings\auto\lua_cocos2dx_auto.cpp(33170): warning C4700: uninitialized local variable 'arg0' used
     1>e:\pokemon\scarlet\myluagame\frameworks\cocos2d-x\cocos\scripting\lua-bindings\auto\lua_cocos2dx_auto.cpp(33315): warning C4700: uninitialized local variable 'arg0' used
     1>..\manual\spine\lua_cocos2dx_spine_manual.cpp(581): warning C4996: 'tolua_spine_SkeletoneAnimation_setBlendFunc': was declared deprecated
                 ..\manual\spine\lua_cocos2dx_spine_manual.cpp(377) : see declaration of 'tolua_spine_SkeletoneAnimation_setBlendFunc'
       Lib:
         C:\Program Files (x86)\Microsoft Visual Studio 12.0\VC\bin\Lib.exe /OUT:"E:\Pokemon\Scarlet\MyLuaGame\frameworks\runtime-src\proj.win32\Debug.win32\libluacocos2d.lib" /NOLOGO Debug.win32\libluacocos2d\aes.obj
         "Debug.win32\libluacocos2d\rijndael-alg-fst.obj"
         "Debug.win32\libluacocos2d\rijndael-api-fst.obj"
         Debug.win32\libluacocos2d\lua_async.obj
         Debug.win32\libluacocos2d\lua_dump.obj
         Debug.win32\libluacocos2d\lualz.obj
         Debug.win32\libluacocos2d\lz4.obj
         Debug.win32\libluacocos2d\lz4hc.obj
         Debug.win32\libluacocos2d\lua_rand.obj
         Debug.win32\libluacocos2d\Rand.obj
         Debug.win32\libluacocos2d\auxiliar.obj
         Debug.win32\libluacocos2d\buffer.obj
         Debug.win32\libluacocos2d\except.obj
         Debug.win32\libluacocos2d\inet.obj
         Debug.win32\libluacocos2d\io.obj
         Debug.win32\libluacocos2d\luasocket.obj
         Debug.win32\libluacocos2d\luasocket_scripts.obj
         Debug.win32\libluacocos2d\mime.obj
         Debug.win32\libluacocos2d\options.obj
         Debug.win32\libluacocos2d\select.obj
         Debug.win32\libluacocos2d\tcp.obj
         Debug.win32\libluacocos2d\timeout.obj
         Debug.win32\libluacocos2d\udp.obj
         Debug.win32\libluacocos2d\wsocket.obj
         Debug.win32\libluacocos2d\tolua_event.obj
         Debug.win32\libluacocos2d\tolua_is.obj
         Debug.win32\libluacocos2d\tolua_map.obj
         Debug.win32\libluacocos2d\tolua_push.obj
         Debug.win32\libluacocos2d\tolua_to.obj
         Debug.win32\libluacocos2d\xxtea.obj
         Debug.win32\libluacocos2d\lua_cocos2dx_audioengine_auto.obj
         Debug.win32\libluacocos2d\lua_cocos2dx_auto.obj
         Debug.win32\libluacocos2d\lua_cocos2dx_cocosdenshion_auto.obj
         Debug.win32\libluacocos2d\lua_cocos2dx_csloader_auto.obj
         Debug.win32\libluacocos2d\lua_cocos2dx_experimental_auto.obj
         Debug.win32\libluacocos2d\lua_cocos2dx_experimental_video_auto.obj
         Debug.win32\libluacocos2d\lua_cocos2dx_experimental_webview_auto.obj
         Debug.win32\libluacocos2d\lua_cocos2dx_extension_auto.obj
         Debug.win32\libluacocos2d\lua_cocos2dx_physics_auto.obj
         Debug.win32\libluacocos2d\lua_cocos2dx_spine_auto.obj
         Debug.win32\libluacocos2d\lua_cocos2dx_studio_auto.obj
         Debug.win32\libluacocos2d\lua_cocos2dx_ui_auto.obj
         Debug.win32\libluacocos2d\lua_cocos2dx_audioengine_manual.obj
         Debug.win32\libluacocos2d\CCLuaBridge.obj
         Debug.win32\libluacocos2d\CCLuaEngine.obj
         Debug.win32\libluacocos2d\CCLuaStack.obj
         Debug.win32\libluacocos2d\CCLuaValue.obj
         Debug.win32\libluacocos2d\Cocos2dxLuaLoader.obj
         Debug.win32\libluacocos2d\LuaOpengl.obj
         Debug.win32\libluacocos2d\LuaScriptHandlerMgr.obj
         Debug.win32\libluacocos2d\CCComponentLua.obj
         Debug.win32\libluacocos2d\lua_cocos2dx_deprecated.obj
         Debug.win32\libluacocos2d\lua_cocos2dx_experimental_manual.obj
         Debug.win32\libluacocos2d\lua_cocos2dx_manual.obj
         Debug.win32\libluacocos2d\lua_cocos2dx_physics_manual.obj
         Debug.win32\libluacocos2d\lua_cocos2dx_cocosdenshion_manual.obj
         Debug.win32\libluacocos2d\CustomGUIReader.obj
         "Debug.win32\libluacocos2d\lua-cocos-studio-conversions.obj"
         Debug.win32\libluacocos2d\lua_cocos2dx_coco_studio_manual.obj
         Debug.win32\libluacocos2d\lua_cocos2dx_csloader_manual.obj
         Debug.win32\libluacocos2d\lua_cocos2dx_extension_manual.obj
         Debug.win32\libluacocos2d\LuaBasicConversions.obj
         Debug.win32\libluacocos2d\lua_module_register.obj
         Debug.win32\libluacocos2d\lua_cocos2dx_network_manual.obj
         Debug.win32\libluacocos2d\lua_downloader.obj
         Debug.win32\libluacocos2d\lua_extensions.obj
         Debug.win32\libluacocos2d\Lua_web_socket.obj
         Debug.win32\libluacocos2d\lua_xml_http_request.obj
         Debug.win32\libluacocos2d\LuaSkeletonAnimation.obj
         Debug.win32\libluacocos2d\lua_cocos2dx_spine_manual.obj
         Debug.win32\libluacocos2d\tolua_fix.obj
         Debug.win32\libluacocos2d\lua_cocos2dx_experimental_video_manual.obj
         Debug.win32\libluacocos2d\lua_cocos2dx_experimental_webview_manual.obj
         Debug.win32\libluacocos2d\lua_cocos2dx_ui_manual.obj
     1>lua_cocos2dx_physics_manual.obj : warning LNK4221: This object file does not define any previously undefined public symbols, so it will not be used by any link operation that consumes this library
         libluacocos2d.vcxproj -> E:\Pokemon\Scarlet\MyLuaGame\frameworks\runtime-src\proj.win32\Debug.win32\libluacocos2d.lib
     1>Done Building Project "E:\Pokemon\Scarlet\MyLuaGame\frameworks\cocos2d-x\cocos\scripting\lua-bindings\proj.win32\libluacocos2d.vcxproj" (Build target(s)).

Build succeeded.

Time Elapsed 00:00:11.15
