e:\pokemon\scarlet\myluagame\frameworks\cocos2d-x\cocos\scripting\lua-bindings\proj.win32\debug.win32\libluacocos2d\lz4.obj
e:\pokemon\scarlet\myluagame\frameworks\cocos2d-x\cocos\scripting\lua-bindings\proj.win32\debug.win32\libluacocos2d\luasocket_scripts.obj
e:\pokemon\scarlet\myluagame\frameworks\cocos2d-x\cocos\scripting\lua-bindings\proj.win32\debug.win32\libluacocos2d\aes.obj
e:\pokemon\scarlet\myluagame\frameworks\cocos2d-x\cocos\scripting\lua-bindings\proj.win32\debug.win32\libluacocos2d\tolua_is.obj
e:\pokemon\scarlet\myluagame\frameworks\cocos2d-x\cocos\scripting\lua-bindings\proj.win32\debug.win32\libluacocos2d\luasocket.obj
e:\pokemon\scarlet\myluagame\frameworks\cocos2d-x\cocos\scripting\lua-bindings\proj.win32\debug.win32\libluacocos2d\lz4hc.obj
e:\pokemon\scarlet\myluagame\frameworks\cocos2d-x\cocos\scripting\lua-bindings\proj.win32\debug.win32\libluacocos2d\lua_extensions.obj
e:\pokemon\scarlet\myluagame\frameworks\cocos2d-x\cocos\scripting\lua-bindings\proj.win32\debug.win32\libluacocos2d\options.obj
e:\pokemon\scarlet\myluagame\frameworks\cocos2d-x\cocos\scripting\lua-bindings\proj.win32\debug.win32\libluacocos2d\rijndael-api-fst.obj
e:\pokemon\scarlet\myluagame\frameworks\cocos2d-x\cocos\scripting\lua-bindings\proj.win32\debug.win32\libluacocos2d\tcp.obj
e:\pokemon\scarlet\myluagame\frameworks\cocos2d-x\cocos\scripting\lua-bindings\proj.win32\debug.win32\libluacocos2d\auxiliar.obj
e:\pokemon\scarlet\myluagame\frameworks\cocos2d-x\cocos\scripting\lua-bindings\proj.win32\debug.win32\libluacocos2d\tolua_map.obj
e:\pokemon\scarlet\myluagame\frameworks\cocos2d-x\cocos\scripting\lua-bindings\proj.win32\debug.win32\libluacocos2d\buffer.obj
e:\pokemon\scarlet\myluagame\frameworks\cocos2d-x\cocos\scripting\lua-bindings\proj.win32\debug.win32\libluacocos2d\timeout.obj
e:\pokemon\scarlet\myluagame\frameworks\cocos2d-x\cocos\scripting\lua-bindings\proj.win32\debug.win32\libluacocos2d\mime.obj
e:\pokemon\scarlet\myluagame\frameworks\cocos2d-x\cocos\scripting\lua-bindings\proj.win32\debug.win32\libluacocos2d\tolua_push.obj
e:\pokemon\scarlet\myluagame\frameworks\cocos2d-x\cocos\scripting\lua-bindings\proj.win32\debug.win32\libluacocos2d\except.obj
e:\pokemon\scarlet\myluagame\frameworks\cocos2d-x\cocos\scripting\lua-bindings\proj.win32\debug.win32\libluacocos2d\udp.obj
e:\pokemon\scarlet\myluagame\frameworks\cocos2d-x\cocos\scripting\lua-bindings\proj.win32\debug.win32\libluacocos2d\io.obj
e:\pokemon\scarlet\myluagame\frameworks\cocos2d-x\cocos\scripting\lua-bindings\proj.win32\debug.win32\libluacocos2d\wsocket.obj
e:\pokemon\scarlet\myluagame\frameworks\cocos2d-x\cocos\scripting\lua-bindings\proj.win32\debug.win32\libluacocos2d\inet.obj
e:\pokemon\scarlet\myluagame\frameworks\cocos2d-x\cocos\scripting\lua-bindings\proj.win32\debug.win32\libluacocos2d\rijndael-alg-fst.obj
e:\pokemon\scarlet\myluagame\frameworks\cocos2d-x\cocos\scripting\lua-bindings\proj.win32\debug.win32\libluacocos2d\tolua_event.obj
e:\pokemon\scarlet\myluagame\frameworks\cocos2d-x\cocos\scripting\lua-bindings\proj.win32\debug.win32\libluacocos2d\lualz.obj
e:\pokemon\scarlet\myluagame\frameworks\cocos2d-x\cocos\scripting\lua-bindings\proj.win32\debug.win32\libluacocos2d\tolua_to.obj
e:\pokemon\scarlet\myluagame\frameworks\cocos2d-x\cocos\scripting\lua-bindings\proj.win32\debug.win32\libluacocos2d\select.obj
e:\pokemon\scarlet\myluagame\frameworks\cocos2d-x\cocos\scripting\lua-bindings\proj.win32\debug.win32\libluacocos2d\lua_cocos2dx_extension_auto.obj
e:\pokemon\scarlet\myluagame\frameworks\cocos2d-x\cocos\scripting\lua-bindings\proj.win32\debug.win32\libluacocos2d\lua_cocos2dx_spine_manual.obj
e:\pokemon\scarlet\myluagame\frameworks\cocos2d-x\cocos\scripting\lua-bindings\proj.win32\debug.win32\libluacocos2d\lua_cocos2dx_experimental_auto.obj
e:\pokemon\scarlet\myluagame\frameworks\cocos2d-x\cocos\scripting\lua-bindings\proj.win32\debug.win32\libluacocos2d\lua_cocos2dx_cocosdenshion_manual.obj
e:\pokemon\scarlet\myluagame\frameworks\cocos2d-x\cocos\scripting\lua-bindings\proj.win32\debug.win32\libluacocos2d\lua_module_register.obj
e:\pokemon\scarlet\myluagame\frameworks\cocos2d-x\cocos\scripting\lua-bindings\proj.win32\debug.win32\libluacocos2d\lua_web_socket.obj
e:\pokemon\scarlet\myluagame\frameworks\cocos2d-x\cocos\scripting\lua-bindings\proj.win32\debug.win32\libluacocos2d\lua_cocos2dx_cocosdenshion_auto.obj
e:\pokemon\scarlet\myluagame\frameworks\cocos2d-x\cocos\scripting\lua-bindings\proj.win32\debug.win32\libluacocos2d\lua_cocos2dx_experimental_manual.obj
e:\pokemon\scarlet\myluagame\frameworks\cocos2d-x\cocos\scripting\lua-bindings\proj.win32\debug.win32\libluacocos2d\lua_downloader.obj
e:\pokemon\scarlet\myluagame\frameworks\cocos2d-x\cocos\scripting\lua-bindings\proj.win32\debug.win32\libluacocos2d\lua_cocos2dx_csloader_auto.obj
e:\pokemon\scarlet\myluagame\frameworks\cocos2d-x\cocos\scripting\lua-bindings\proj.win32\debug.win32\libluacocos2d\lua_cocos2dx_physics_manual.obj
e:\pokemon\scarlet\myluagame\frameworks\cocos2d-x\cocos\scripting\lua-bindings\proj.win32\debug.win32\libluacocos2d\lua_cocos2dx_csloader_manual.obj
e:\pokemon\scarlet\myluagame\frameworks\cocos2d-x\cocos\scripting\lua-bindings\proj.win32\debug.win32\libluacocos2d\rand.obj
e:\pokemon\scarlet\myluagame\frameworks\cocos2d-x\cocos\scripting\lua-bindings\proj.win32\debug.win32\libluacocos2d\ccluastack.obj
e:\pokemon\scarlet\myluagame\frameworks\cocos2d-x\cocos\scripting\lua-bindings\proj.win32\debug.win32\libluacocos2d\lua_cocos2dx_extension_manual.obj
e:\pokemon\scarlet\myluagame\frameworks\cocos2d-x\cocos\scripting\lua-bindings\proj.win32\debug.win32\libluacocos2d\lua_cocos2dx_physics_auto.obj
e:\pokemon\scarlet\myluagame\frameworks\cocos2d-x\cocos\scripting\lua-bindings\proj.win32\debug.win32\libluacocos2d\lua_cocos2dx_ui_auto.obj
e:\pokemon\scarlet\myluagame\frameworks\cocos2d-x\cocos\scripting\lua-bindings\proj.win32\debug.win32\libluacocos2d\customguireader.obj
e:\pokemon\scarlet\myluagame\frameworks\cocos2d-x\cocos\scripting\lua-bindings\proj.win32\debug.win32\libluacocos2d\luaskeletonanimation.obj
e:\pokemon\scarlet\myluagame\frameworks\cocos2d-x\cocos\scripting\lua-bindings\proj.win32\debug.win32\libluacocos2d\lua_cocos2dx_studio_auto.obj
e:\pokemon\scarlet\myluagame\frameworks\cocos2d-x\cocos\scripting\lua-bindings\proj.win32\debug.win32\libluacocos2d\lua_cocos2dx_network_manual.obj
e:\pokemon\scarlet\myluagame\frameworks\cocos2d-x\cocos\scripting\lua-bindings\proj.win32\debug.win32\libluacocos2d\lua_cocos2dx_experimental_video_manual.obj
e:\pokemon\scarlet\myluagame\frameworks\cocos2d-x\cocos\scripting\lua-bindings\proj.win32\debug.win32\libluacocos2d\lua_cocos2dx_experimental_webview_manual.obj
e:\pokemon\scarlet\myluagame\frameworks\cocos2d-x\cocos\scripting\lua-bindings\proj.win32\debug.win32\libluacocos2d\lua_cocos2dx_ui_manual.obj
e:\pokemon\scarlet\myluagame\frameworks\cocos2d-x\cocos\scripting\lua-bindings\proj.win32\debug.win32\libluacocos2d\lua_rand.obj
e:\pokemon\scarlet\myluagame\frameworks\cocos2d-x\cocos\scripting\lua-bindings\proj.win32\debug.win32\libluacocos2d\ccluavalue.obj
e:\pokemon\scarlet\myluagame\frameworks\cocos2d-x\cocos\scripting\lua-bindings\proj.win32\debug.win32\libluacocos2d\luascripthandlermgr.obj
e:\pokemon\scarlet\myluagame\frameworks\cocos2d-x\cocos\scripting\lua-bindings\proj.win32\debug.win32\libluacocos2d\lua_cocos2dx_coco_studio_manual.obj
e:\pokemon\scarlet\myluagame\frameworks\cocos2d-x\cocos\scripting\lua-bindings\proj.win32\debug.win32\libluacocos2d\lua_cocos2dx_audioengine_auto.obj
e:\pokemon\scarlet\myluagame\frameworks\cocos2d-x\cocos\scripting\lua-bindings\proj.win32\debug.win32\libluacocos2d\lua_cocos2dx_deprecated.obj
e:\pokemon\scarlet\myluagame\frameworks\cocos2d-x\cocos\scripting\lua-bindings\proj.win32\debug.win32\libluacocos2d\xxtea.obj
e:\pokemon\scarlet\myluagame\frameworks\cocos2d-x\cocos\scripting\lua-bindings\proj.win32\debug.win32\libluacocos2d\cocos2dxlualoader.obj
e:\pokemon\scarlet\myluagame\frameworks\cocos2d-x\cocos\scripting\lua-bindings\proj.win32\debug.win32\libluacocos2d\lua_dump.obj
e:\pokemon\scarlet\myluagame\frameworks\cocos2d-x\cocos\scripting\lua-bindings\proj.win32\debug.win32\libluacocos2d\ccluaengine.obj
e:\pokemon\scarlet\myluagame\frameworks\cocos2d-x\cocos\scripting\lua-bindings\proj.win32\debug.win32\libluacocos2d\cccomponentlua.obj
e:\pokemon\scarlet\myluagame\frameworks\cocos2d-x\cocos\scripting\lua-bindings\proj.win32\debug.win32\libluacocos2d\tolua_fix.obj
e:\pokemon\scarlet\myluagame\frameworks\cocos2d-x\cocos\scripting\lua-bindings\proj.win32\debug.win32\libluacocos2d\lua_async.obj
e:\pokemon\scarlet\myluagame\frameworks\cocos2d-x\cocos\scripting\lua-bindings\proj.win32\debug.win32\libluacocos2d\lua-cocos-studio-conversions.obj
e:\pokemon\scarlet\myluagame\frameworks\cocos2d-x\cocos\scripting\lua-bindings\proj.win32\debug.win32\libluacocos2d\lua_xml_http_request.obj
e:\pokemon\scarlet\myluagame\frameworks\cocos2d-x\cocos\scripting\lua-bindings\proj.win32\debug.win32\libluacocos2d\lua_cocos2dx_experimental_webview_auto.obj
e:\pokemon\scarlet\myluagame\frameworks\cocos2d-x\cocos\scripting\lua-bindings\proj.win32\debug.win32\libluacocos2d\lua_cocos2dx_audioengine_manual.obj
e:\pokemon\scarlet\myluagame\frameworks\cocos2d-x\cocos\scripting\lua-bindings\proj.win32\debug.win32\libluacocos2d\lua_cocos2dx_manual.obj
e:\pokemon\scarlet\myluagame\frameworks\cocos2d-x\cocos\scripting\lua-bindings\proj.win32\debug.win32\libluacocos2d\lua_cocos2dx_spine_auto.obj
e:\pokemon\scarlet\myluagame\frameworks\cocos2d-x\cocos\scripting\lua-bindings\proj.win32\debug.win32\libluacocos2d\lua_cocos2dx_experimental_video_auto.obj
e:\pokemon\scarlet\myluagame\frameworks\cocos2d-x\cocos\scripting\lua-bindings\proj.win32\debug.win32\libluacocos2d\ccluabridge.obj
e:\pokemon\scarlet\myluagame\frameworks\cocos2d-x\cocos\scripting\lua-bindings\proj.win32\debug.win32\libluacocos2d\luaopengl.obj
e:\pokemon\scarlet\myluagame\frameworks\cocos2d-x\cocos\scripting\lua-bindings\proj.win32\debug.win32\libluacocos2d\luabasicconversions.obj
e:\pokemon\scarlet\myluagame\frameworks\cocos2d-x\cocos\scripting\lua-bindings\proj.win32\debug.win32\libluacocos2d\lua_cocos2dx_auto.obj
e:\pokemon\scarlet\myluagame\frameworks\runtime-src\proj.win32\debug.win32\libluacocos2d.lib
e:\pokemon\scarlet\myluagame\frameworks\cocos2d-x\cocos\scripting\lua-bindings\proj.win32\debug.win32\libluacocos2d\libluacocos2d.tlog\cl.command.1.tlog
e:\pokemon\scarlet\myluagame\frameworks\cocos2d-x\cocos\scripting\lua-bindings\proj.win32\debug.win32\libluacocos2d\libluacocos2d.tlog\cl.read.1.tlog
e:\pokemon\scarlet\myluagame\frameworks\cocos2d-x\cocos\scripting\lua-bindings\proj.win32\debug.win32\libluacocos2d\libluacocos2d.tlog\cl.read.10.tlog
e:\pokemon\scarlet\myluagame\frameworks\cocos2d-x\cocos\scripting\lua-bindings\proj.win32\debug.win32\libluacocos2d\libluacocos2d.tlog\cl.read.11.tlog
e:\pokemon\scarlet\myluagame\frameworks\cocos2d-x\cocos\scripting\lua-bindings\proj.win32\debug.win32\libluacocos2d\libluacocos2d.tlog\cl.read.12.tlog
e:\pokemon\scarlet\myluagame\frameworks\cocos2d-x\cocos\scripting\lua-bindings\proj.win32\debug.win32\libluacocos2d\libluacocos2d.tlog\cl.read.13.tlog
e:\pokemon\scarlet\myluagame\frameworks\cocos2d-x\cocos\scripting\lua-bindings\proj.win32\debug.win32\libluacocos2d\libluacocos2d.tlog\cl.read.14.tlog
e:\pokemon\scarlet\myluagame\frameworks\cocos2d-x\cocos\scripting\lua-bindings\proj.win32\debug.win32\libluacocos2d\libluacocos2d.tlog\cl.read.15.tlog
e:\pokemon\scarlet\myluagame\frameworks\cocos2d-x\cocos\scripting\lua-bindings\proj.win32\debug.win32\libluacocos2d\libluacocos2d.tlog\cl.read.16.tlog
e:\pokemon\scarlet\myluagame\frameworks\cocos2d-x\cocos\scripting\lua-bindings\proj.win32\debug.win32\libluacocos2d\libluacocos2d.tlog\cl.read.2.tlog
e:\pokemon\scarlet\myluagame\frameworks\cocos2d-x\cocos\scripting\lua-bindings\proj.win32\debug.win32\libluacocos2d\libluacocos2d.tlog\cl.read.3.tlog
e:\pokemon\scarlet\myluagame\frameworks\cocos2d-x\cocos\scripting\lua-bindings\proj.win32\debug.win32\libluacocos2d\libluacocos2d.tlog\cl.read.4.tlog
e:\pokemon\scarlet\myluagame\frameworks\cocos2d-x\cocos\scripting\lua-bindings\proj.win32\debug.win32\libluacocos2d\libluacocos2d.tlog\cl.read.5.tlog
e:\pokemon\scarlet\myluagame\frameworks\cocos2d-x\cocos\scripting\lua-bindings\proj.win32\debug.win32\libluacocos2d\libluacocos2d.tlog\cl.read.6.tlog
e:\pokemon\scarlet\myluagame\frameworks\cocos2d-x\cocos\scripting\lua-bindings\proj.win32\debug.win32\libluacocos2d\libluacocos2d.tlog\cl.read.7.tlog
e:\pokemon\scarlet\myluagame\frameworks\cocos2d-x\cocos\scripting\lua-bindings\proj.win32\debug.win32\libluacocos2d\libluacocos2d.tlog\cl.read.8.tlog
e:\pokemon\scarlet\myluagame\frameworks\cocos2d-x\cocos\scripting\lua-bindings\proj.win32\debug.win32\libluacocos2d\libluacocos2d.tlog\cl.read.9.tlog
e:\pokemon\scarlet\myluagame\frameworks\cocos2d-x\cocos\scripting\lua-bindings\proj.win32\debug.win32\libluacocos2d\libluacocos2d.tlog\cl.write.1.tlog
e:\pokemon\scarlet\myluagame\frameworks\cocos2d-x\cocos\scripting\lua-bindings\proj.win32\debug.win32\libluacocos2d\libluacocos2d.tlog\lib-link.write.1.tlog
e:\pokemon\scarlet\myluagame\frameworks\cocos2d-x\cocos\scripting\lua-bindings\proj.win32\debug.win32\libluacocos2d\libluacocos2d.tlog\lib.command.1.tlog
e:\pokemon\scarlet\myluagame\frameworks\cocos2d-x\cocos\scripting\lua-bindings\proj.win32\debug.win32\libluacocos2d\libluacocos2d.tlog\lib.read.1.tlog
