e:\pokemon\scarlet\myluagame\frameworks\cocos2d-x\tools\simulator\libsimulator\proj.win32\debug.win32\simulatorconfig.obj
e:\pokemon\scarlet\myluagame\frameworks\cocos2d-x\tools\simulator\libsimulator\proj.win32\debug.win32\portrait_png.obj
e:\pokemon\scarlet\myluagame\frameworks\cocos2d-x\tools\simulator\libsimulator\proj.win32\debug.win32\appevent.obj
e:\pokemon\scarlet\myluagame\frameworks\cocos2d-x\tools\simulator\libsimulator\proj.win32\debug.win32\playdisable_png.obj
e:\pokemon\scarlet\myluagame\frameworks\cocos2d-x\tools\simulator\libsimulator\proj.win32\debug.win32\runtime_win32.obj
e:\pokemon\scarlet\myluagame\frameworks\cocos2d-x\tools\simulator\libsimulator\proj.win32\debug.win32\playerfiledialogservicewin.obj
e:\pokemon\scarlet\myluagame\frameworks\cocos2d-x\tools\simulator\libsimulator\proj.win32\debug.win32\shine_png.obj
e:\pokemon\scarlet\myluagame\frameworks\cocos2d-x\tools\simulator\libsimulator\proj.win32\debug.win32\playerserviceprotocol.obj
e:\pokemon\scarlet\myluagame\frameworks\cocos2d-x\tools\simulator\libsimulator\proj.win32\debug.win32\playertaskserviceprotocol.obj
e:\pokemon\scarlet\myluagame\frameworks\cocos2d-x\tools\simulator\libsimulator\proj.win32\debug.win32\playerprotocol.obj
e:\pokemon\scarlet\myluagame\frameworks\cocos2d-x\tools\simulator\libsimulator\proj.win32\debug.win32\playenable_png.obj
e:\pokemon\scarlet\myluagame\frameworks\cocos2d-x\tools\simulator\libsimulator\proj.win32\debug.win32\projectconfig.obj
e:\pokemon\scarlet\myluagame\frameworks\cocos2d-x\tools\simulator\libsimulator\proj.win32\debug.win32\visiblerect.obj
e:\pokemon\scarlet\myluagame\frameworks\cocos2d-x\tools\simulator\libsimulator\proj.win32\debug.win32\playereditboxservicewin.obj
e:\pokemon\scarlet\myluagame\frameworks\cocos2d-x\tools\simulator\libsimulator\proj.win32\debug.win32\consolecommand.obj
e:\pokemon\scarlet\myluagame\frameworks\cocos2d-x\tools\simulator\libsimulator\proj.win32\debug.win32\playermenuserviceprotocol.obj
e:\pokemon\scarlet\myluagame\frameworks\cocos2d-x\tools\simulator\libsimulator\proj.win32\debug.win32\landscape_png.obj
e:\pokemon\scarlet\myluagame\frameworks\cocos2d-x\tools\simulator\libsimulator\proj.win32\debug.win32\stdafx.obj
e:\pokemon\scarlet\myluagame\frameworks\cocos2d-x\tools\simulator\libsimulator\proj.win32\debug.win32\playerwin.obj
e:\pokemon\scarlet\myluagame\frameworks\cocos2d-x\tools\simulator\libsimulator\proj.win32\debug.win32\runtimeprotocol.obj
e:\pokemon\scarlet\myluagame\frameworks\cocos2d-x\tools\simulator\libsimulator\proj.win32\debug.win32\playersettings.obj
e:\pokemon\scarlet\myluagame\frameworks\cocos2d-x\tools\simulator\libsimulator\proj.win32\debug.win32\playerutils.obj
e:\pokemon\scarlet\myluagame\frameworks\cocos2d-x\tools\simulator\libsimulator\proj.win32\debug.win32\extension_set.obj
e:\pokemon\scarlet\myluagame\frameworks\cocos2d-x\tools\simulator\libsimulator\proj.win32\debug.win32\zero_copy_stream.obj
e:\pokemon\scarlet\myluagame\frameworks\cocos2d-x\tools\simulator\libsimulator\proj.win32\debug.win32\message_lite.obj
e:\pokemon\scarlet\myluagame\frameworks\cocos2d-x\tools\simulator\libsimulator\proj.win32\debug.win32\atomicops_internals_x86_gcc.obj
e:\pokemon\scarlet\myluagame\frameworks\cocos2d-x\tools\simulator\libsimulator\proj.win32\debug.win32\common.obj
e:\pokemon\scarlet\myluagame\frameworks\cocos2d-x\tools\simulator\libsimulator\proj.win32\debug.win32\stringprintf.obj
e:\pokemon\scarlet\myluagame\frameworks\cocos2d-x\tools\simulator\libsimulator\proj.win32\debug.win32\configparser.obj
e:\pokemon\scarlet\myluagame\frameworks\cocos2d-x\tools\simulator\libsimulator\proj.win32\debug.win32\playermenuservicewin.obj
e:\pokemon\scarlet\myluagame\frameworks\cocos2d-x\tools\simulator\libsimulator\proj.win32\debug.win32\cchttprequest.obj
e:\pokemon\scarlet\myluagame\frameworks\cocos2d-x\tools\simulator\libsimulator\proj.win32\debug.win32\protos.pb.obj
e:\pokemon\scarlet\myluagame\frameworks\cocos2d-x\tools\simulator\libsimulator\proj.win32\debug.win32\applang.obj
e:\pokemon\scarlet\myluagame\frameworks\cocos2d-x\tools\simulator\libsimulator\proj.win32\debug.win32\runtimeccsimpl.obj
e:\pokemon\scarlet\myluagame\frameworks\cocos2d-x\tools\simulator\libsimulator\proj.win32\debug.win32\playermessageboxservicewin.obj
e:\pokemon\scarlet\myluagame\frameworks\cocos2d-x\tools\simulator\libsimulator\proj.win32\debug.win32\fileserver.obj
e:\pokemon\scarlet\myluagame\frameworks\cocos2d-x\tools\simulator\libsimulator\proj.win32\debug.win32\deviceex-win32.obj
e:\pokemon\scarlet\myluagame\frameworks\cocos2d-x\tools\simulator\libsimulator\proj.win32\debug.win32\generated_message_util.obj
e:\pokemon\scarlet\myluagame\frameworks\cocos2d-x\tools\simulator\libsimulator\proj.win32\debug.win32\coded_stream.obj
e:\pokemon\scarlet\myluagame\frameworks\cocos2d-x\tools\simulator\libsimulator\proj.win32\debug.win32\zero_copy_stream_impl_lite.obj
e:\pokemon\scarlet\myluagame\frameworks\cocos2d-x\tools\simulator\libsimulator\proj.win32\debug.win32\repeated_field.obj
e:\pokemon\scarlet\myluagame\frameworks\cocos2d-x\tools\simulator\libsimulator\proj.win32\debug.win32\atomicops_internals_x86_msvc.obj
e:\pokemon\scarlet\myluagame\frameworks\cocos2d-x\tools\simulator\libsimulator\proj.win32\debug.win32\once.obj
e:\pokemon\scarlet\myluagame\frameworks\cocos2d-x\tools\simulator\libsimulator\proj.win32\debug.win32\wire_format_lite.obj
e:\pokemon\scarlet\myluagame\frameworks\cocos2d-x\tools\simulator\libsimulator\proj.win32\debug.win32\connectwaitlayer.obj
e:\pokemon\scarlet\myluagame\frameworks\cocos2d-x\tools\simulator\libsimulator\proj.win32\debug.win32\playertaskservicewin.obj
e:\pokemon\scarlet\myluagame\frameworks\cocos2d-x\tools\simulator\libsimulator\proj.win32\debug.win32\runtime.obj
e:\pokemon\scarlet\myluagame\frameworks\cocos2d-x\tools\simulator\libsimulator\proj.win32\debug.win32\vc120.pdb
e:\pokemon\scarlet\myluagame\frameworks\runtime-src\proj.win32\debug.win32\libsimulator.lib
e:\pokemon\scarlet\myluagame\frameworks\cocos2d-x\tools\simulator\libsimulator\proj.win32\debug.win32\libsimulator.tlog\cl.command.1.tlog
e:\pokemon\scarlet\myluagame\frameworks\cocos2d-x\tools\simulator\libsimulator\proj.win32\debug.win32\libsimulator.tlog\cl.read.1.tlog
e:\pokemon\scarlet\myluagame\frameworks\cocos2d-x\tools\simulator\libsimulator\proj.win32\debug.win32\libsimulator.tlog\cl.read.10.tlog
e:\pokemon\scarlet\myluagame\frameworks\cocos2d-x\tools\simulator\libsimulator\proj.win32\debug.win32\libsimulator.tlog\cl.read.11.tlog
e:\pokemon\scarlet\myluagame\frameworks\cocos2d-x\tools\simulator\libsimulator\proj.win32\debug.win32\libsimulator.tlog\cl.read.12.tlog
e:\pokemon\scarlet\myluagame\frameworks\cocos2d-x\tools\simulator\libsimulator\proj.win32\debug.win32\libsimulator.tlog\cl.read.13.tlog
e:\pokemon\scarlet\myluagame\frameworks\cocos2d-x\tools\simulator\libsimulator\proj.win32\debug.win32\libsimulator.tlog\cl.read.14.tlog
e:\pokemon\scarlet\myluagame\frameworks\cocos2d-x\tools\simulator\libsimulator\proj.win32\debug.win32\libsimulator.tlog\cl.read.15.tlog
e:\pokemon\scarlet\myluagame\frameworks\cocos2d-x\tools\simulator\libsimulator\proj.win32\debug.win32\libsimulator.tlog\cl.read.16.tlog
e:\pokemon\scarlet\myluagame\frameworks\cocos2d-x\tools\simulator\libsimulator\proj.win32\debug.win32\libsimulator.tlog\cl.read.2.tlog
e:\pokemon\scarlet\myluagame\frameworks\cocos2d-x\tools\simulator\libsimulator\proj.win32\debug.win32\libsimulator.tlog\cl.read.3.tlog
e:\pokemon\scarlet\myluagame\frameworks\cocos2d-x\tools\simulator\libsimulator\proj.win32\debug.win32\libsimulator.tlog\cl.read.4.tlog
e:\pokemon\scarlet\myluagame\frameworks\cocos2d-x\tools\simulator\libsimulator\proj.win32\debug.win32\libsimulator.tlog\cl.read.5.tlog
e:\pokemon\scarlet\myluagame\frameworks\cocos2d-x\tools\simulator\libsimulator\proj.win32\debug.win32\libsimulator.tlog\cl.read.6.tlog
e:\pokemon\scarlet\myluagame\frameworks\cocos2d-x\tools\simulator\libsimulator\proj.win32\debug.win32\libsimulator.tlog\cl.read.7.tlog
e:\pokemon\scarlet\myluagame\frameworks\cocos2d-x\tools\simulator\libsimulator\proj.win32\debug.win32\libsimulator.tlog\cl.read.8.tlog
e:\pokemon\scarlet\myluagame\frameworks\cocos2d-x\tools\simulator\libsimulator\proj.win32\debug.win32\libsimulator.tlog\cl.read.9.tlog
e:\pokemon\scarlet\myluagame\frameworks\cocos2d-x\tools\simulator\libsimulator\proj.win32\debug.win32\libsimulator.tlog\cl.write.1.tlog
e:\pokemon\scarlet\myluagame\frameworks\cocos2d-x\tools\simulator\libsimulator\proj.win32\debug.win32\libsimulator.tlog\lib-link.write.1.tlog
e:\pokemon\scarlet\myluagame\frameworks\cocos2d-x\tools\simulator\libsimulator\proj.win32\debug.win32\libsimulator.tlog\lib.command.1.tlog
e:\pokemon\scarlet\myluagame\frameworks\cocos2d-x\tools\simulator\libsimulator\proj.win32\debug.win32\libsimulator.tlog\lib.read.1.tlog
