Build started 4/21/2025 5:05:41 PM.
     1>Project "E:\Pokemon\Scarlet\MyLuaGame\frameworks\cocos2d-x\cocos\2d\libcocos2d.vcxproj" on node 2 (Build target(s)).
     1>ClCompile:
         C:\Program Files (x86)\Microsoft Visual Studio 12.0\VC\bin\CL.exe /c /I"C:\Program Files (x86)\Microsoft SDKs\Windows\v7.1A\include" /I"E:\Pokemon\Scarlet\MyLuaGame\frameworks\cocos2d-x\cocos\2d\..\..\external\breakpad" /I"E:\Pokemon\Scarlet\MyLuaGame\frameworks\cocos2d-x\cocos\2d\..\..\external\uv\include" /I"E:\Pokemon\Scarlet\MyLuaGame\frameworks\cocos2d-x\cocos\2d\..\..\external\sqlite3\include" /I"E:\Pokemon\Scarlet\MyLuaGame\frameworks\cocos2d-x\cocos\2d\..\..\external\unzip" /I"E:\Pokemon\Scarlet\MyLuaGame\frameworks\cocos2d-x\cocos\2d\..\..\external\edtaa3func" /I"E:\Pokemon\Scarlet\MyLuaGame\frameworks\cocos2d-x\cocos\2d\..\..\external\tinyxml2" /I"E:\Pokemon\Scarlet\MyLuaGame\frameworks\cocos2d-x\cocos\2d\..\..\external\png\include\win32" /I"E:\Pokemon\Scarlet\MyLuaGame\frameworks\cocos2d-x\cocos\2d\..\..\external\jpeg\include\win32" /I"E:\Pokemon\Scarlet\MyLuaGame\frameworks\cocos2d-x\cocos\2d\..\..\external\tiff\include\win32" /I"E:\Pokemon\Scarlet\MyLuaGame\frameworks\cocos2d-x\cocos\2d\..\..\external\webp\include\win32" /I"E:\Pokemon\Scarlet\MyLuaGame\frameworks\cocos2d-x\cocos\2d\..\..\external\freetype2\include\win32" /I"E:\Pokemon\Scarlet\MyLuaGame\frameworks\cocos2d-x\cocos\2d\..\..\external\win32-specific\OpenalSoft\include" /I"E:\Pokemon\Scarlet\MyLuaGame\frameworks\cocos2d-x\cocos\2d\..\..\external\win32-specific\MP3Decoder\include" /I"E:\Pokemon\Scarlet\MyLuaGame\frameworks\cocos2d-x\cocos\2d\..\..\external\win32-specific\OggDecoder\include" /I"E:\Pokemon\Scarlet\MyLuaGame\frameworks\cocos2d-x\cocos\2d\..\..\external\win32-specific\icon\include" /I"E:\Pokemon\Scarlet\MyLuaGame\frameworks\cocos2d-x\cocos\2d\..\..\external\win32-specific\zlib\include" /I"E:\Pokemon\Scarlet\MyLuaGame\frameworks\cocos2d-x\cocos\2d\..\..\external\chipmunk\include" /I"E:\Pokemon\Scarlet\MyLuaGame\frameworks\cocos2d-x\cocos\2d\..\..\external\xxhash" /I"E:\Pokemon\Scarlet\MyLuaGame\frameworks\cocos2d-x\cocos\2d\..\..\external\ConvertUTF" /I"E:\Pokemon\Scarlet\MyLuaGame\frameworks\cocos2d-x\cocos\2d\..\..\external\curl\include\win32" /I"E:\Pokemon\Scarlet\MyLuaGame\frameworks\cocos2d-x\cocos\2d\..\..\external\websockets\include\win32" /I"E:\Pokemon\Scarlet\MyLuaGame\frameworks\cocos2d-x\cocos\2d\..\..\external\poly2tri\common" /I"E:\Pokemon\Scarlet\MyLuaGame\frameworks\cocos2d-x\cocos\2d\..\..\external\poly2tri\sweep" /I"E:\Pokemon\Scarlet\MyLuaGame\frameworks\cocos2d-x\cocos\2d\..\..\external\poly2tri" /I"E:\Pokemon\Scarlet\MyLuaGame\frameworks\cocos2d-x\cocos\2d\..\..\external" /I"E:\Pokemon\Scarlet\MyLuaGame\frameworks\cocos2d-x\cocos\2d\..\..\ymextra" /I"E:\Pokemon\Scarlet\MyLuaGame\frameworks\cocos2d-x\cocos\2d\..\..\cocos" /I"E:\Pokemon\Scarlet\MyLuaGame\frameworks\cocos2d-x\cocos\2d\..\..\cocos\editor-support" /I"E:\Pokemon\Scarlet\MyLuaGame\frameworks\cocos2d-x\cocos\2d\..\..\cocos\platform\win8.1-universal" /I"E:\Pokemon\Scarlet\MyLuaGame\frameworks\cocos2d-x\cocos\2d\..\..\extensions" /I"E:\Pokemon\Scarlet\MyLuaGame\frameworks\cocos2d-x\cocos\2d\..\..\\" /I"E:\Pokemon\Scarlet\MyLuaGame\frameworks\cocos2d-x\cocos\2d\..\..\cocos" /I"E:\Pokemon\Scarlet\MyLuaGame\frameworks\cocos2d-x\cocos\2d\..\..\cocos/editor-support" /I"E:\Pokemon\Scarlet\MyLuaGame\frameworks\cocos2d-x\cocos\2d\..\..\external\glfw3\include\win32" /I"E:\Pokemon\Scarlet\MyLuaGame\frameworks\cocos2d-x\cocos\2d\..\..\external\win32-specific\gles\include\OGLES" /I"E:\Pokemon\Scarlet\MyLuaGame\frameworks\cocos2d-x\cocos\2d\..\..\external\freetype2\include\win32\freetype2" /I"E:\Pokemon\Scarlet\MyLuaGame\frameworks\cocos2d-x\cocos\2d\..\..\external\freetype2\include\win32\\" /I"E:\Pokemon\Scarlet\MyLuaGame\frameworks\cocos2d-x\cocos\2d\..\..\external" /I"E:\Pokemon\Scarlet\MyLuaGame\frameworks\cocos2d-x\cocos\2d\..\..\external\openssl\include\win32" /Z7 /nologo /W3 /WX- /MP /Od /Oy- /D WIN32 /D _USRDLL /D _USREXDLL /D _DEBUG /D _WINDOWS /D _LIB /D LWS_DLL /D COCOS2DXWIN32_EXPORTS /D GL_GLEXT_PROTOTYPES /D COCOS2D_DEBUG=1 /D _CRT_SECURE_NO_WARNINGS /D _SCL_SECURE_NO_WARNINGS /D _USE3DDLL /D _EXPORT_DLL_ /D _USRSTUDIODLL /D _USEGUIDLL /D CC_ENABLE_CHIPMUNK_INTEGRATION=0 /D PROTOBUF_USE_DLLS /D LIBPROTOBUF_EXPORTS /D _VARIADIC_MAX=10 /D _USING_V110_SDK71_ /D _WINDLL /D _UNICODE /D UNICODE /Gm- /EHsc /RTC1 /MDd /GS /fp:precise /Zc:wchar_t /Zc:forScope /Yc"precheader.h" /Fp"Debug.win32\libcocos2d.pch" /Fo"Debug.win32\\" /Fd"Debug.win32\vc120.pdb" /Gd /TP /wd4267 /wd4251 /wd4244 /FIprecheader.h /analyze- /errorReport:prompt -Zm256 ..\precheader.cpp
         precheader.cpp
     1>e:\pokemon\scarlet\myluagame\frameworks\cocos2d-x\cocos\base/allocator/TJAllocator.h(158): warning C4146: unary minus operator applied to unsigned type, result still unsigned
     1>e:\pokemon\scarlet\myluagame\frameworks\cocos2d-x\cocos\base/allocator/TJAllocator.h(254): warning C4146: unary minus operator applied to unsigned type, result still unsigned
         C:\Program Files (x86)\Microsoft Visual Studio 12.0\VC\bin\CL.exe /c /I"C:\Program Files (x86)\Microsoft SDKs\Windows\v7.1A\include" /I"E:\Pokemon\Scarlet\MyLuaGame\frameworks\cocos2d-x\cocos\2d\..\..\external\breakpad" /I"E:\Pokemon\Scarlet\MyLuaGame\frameworks\cocos2d-x\cocos\2d\..\..\external\uv\include" /I"E:\Pokemon\Scarlet\MyLuaGame\frameworks\cocos2d-x\cocos\2d\..\..\external\sqlite3\include" /I"E:\Pokemon\Scarlet\MyLuaGame\frameworks\cocos2d-x\cocos\2d\..\..\external\unzip" /I"E:\Pokemon\Scarlet\MyLuaGame\frameworks\cocos2d-x\cocos\2d\..\..\external\edtaa3func" /I"E:\Pokemon\Scarlet\MyLuaGame\frameworks\cocos2d-x\cocos\2d\..\..\external\tinyxml2" /I"E:\Pokemon\Scarlet\MyLuaGame\frameworks\cocos2d-x\cocos\2d\..\..\external\png\include\win32" /I"E:\Pokemon\Scarlet\MyLuaGame\frameworks\cocos2d-x\cocos\2d\..\..\external\jpeg\include\win32" /I"E:\Pokemon\Scarlet\MyLuaGame\frameworks\cocos2d-x\cocos\2d\..\..\external\tiff\include\win32" /I"E:\Pokemon\Scarlet\MyLuaGame\frameworks\cocos2d-x\cocos\2d\..\..\external\webp\include\win32" /I"E:\Pokemon\Scarlet\MyLuaGame\frameworks\cocos2d-x\cocos\2d\..\..\external\freetype2\include\win32" /I"E:\Pokemon\Scarlet\MyLuaGame\frameworks\cocos2d-x\cocos\2d\..\..\external\win32-specific\OpenalSoft\include" /I"E:\Pokemon\Scarlet\MyLuaGame\frameworks\cocos2d-x\cocos\2d\..\..\external\win32-specific\MP3Decoder\include" /I"E:\Pokemon\Scarlet\MyLuaGame\frameworks\cocos2d-x\cocos\2d\..\..\external\win32-specific\OggDecoder\include" /I"E:\Pokemon\Scarlet\MyLuaGame\frameworks\cocos2d-x\cocos\2d\..\..\external\win32-specific\icon\include" /I"E:\Pokemon\Scarlet\MyLuaGame\frameworks\cocos2d-x\cocos\2d\..\..\external\win32-specific\zlib\include" /I"E:\Pokemon\Scarlet\MyLuaGame\frameworks\cocos2d-x\cocos\2d\..\..\external\chipmunk\include" /I"E:\Pokemon\Scarlet\MyLuaGame\frameworks\cocos2d-x\cocos\2d\..\..\external\xxhash" /I"E:\Pokemon\Scarlet\MyLuaGame\frameworks\cocos2d-x\cocos\2d\..\..\external\ConvertUTF" /I"E:\Pokemon\Scarlet\MyLuaGame\frameworks\cocos2d-x\cocos\2d\..\..\external\curl\include\win32" /I"E:\Pokemon\Scarlet\MyLuaGame\frameworks\cocos2d-x\cocos\2d\..\..\external\websockets\include\win32" /I"E:\Pokemon\Scarlet\MyLuaGame\frameworks\cocos2d-x\cocos\2d\..\..\external\poly2tri\common" /I"E:\Pokemon\Scarlet\MyLuaGame\frameworks\cocos2d-x\cocos\2d\..\..\external\poly2tri\sweep" /I"E:\Pokemon\Scarlet\MyLuaGame\frameworks\cocos2d-x\cocos\2d\..\..\external\poly2tri" /I"E:\Pokemon\Scarlet\MyLuaGame\frameworks\cocos2d-x\cocos\2d\..\..\external" /I"E:\Pokemon\Scarlet\MyLuaGame\frameworks\cocos2d-x\cocos\2d\..\..\ymextra" /I"E:\Pokemon\Scarlet\MyLuaGame\frameworks\cocos2d-x\cocos\2d\..\..\cocos" /I"E:\Pokemon\Scarlet\MyLuaGame\frameworks\cocos2d-x\cocos\2d\..\..\cocos\editor-support" /I"E:\Pokemon\Scarlet\MyLuaGame\frameworks\cocos2d-x\cocos\2d\..\..\cocos\platform\win8.1-universal" /I"E:\Pokemon\Scarlet\MyLuaGame\frameworks\cocos2d-x\cocos\2d\..\..\extensions" /I"E:\Pokemon\Scarlet\MyLuaGame\frameworks\cocos2d-x\cocos\2d\..\..\\" /I"E:\Pokemon\Scarlet\MyLuaGame\frameworks\cocos2d-x\cocos\2d\..\..\cocos" /I"E:\Pokemon\Scarlet\MyLuaGame\frameworks\cocos2d-x\cocos\2d\..\..\cocos/editor-support" /I"E:\Pokemon\Scarlet\MyLuaGame\frameworks\cocos2d-x\cocos\2d\..\..\external\glfw3\include\win32" /I"E:\Pokemon\Scarlet\MyLuaGame\frameworks\cocos2d-x\cocos\2d\..\..\external\win32-specific\gles\include\OGLES" /I"E:\Pokemon\Scarlet\MyLuaGame\frameworks\cocos2d-x\cocos\2d\..\..\external\freetype2\include\win32\freetype2" /I"E:\Pokemon\Scarlet\MyLuaGame\frameworks\cocos2d-x\cocos\2d\..\..\external\freetype2\include\win32\\" /I"E:\Pokemon\Scarlet\MyLuaGame\frameworks\cocos2d-x\cocos\2d\..\..\external" /I"E:\Pokemon\Scarlet\MyLuaGame\frameworks\cocos2d-x\cocos\2d\..\..\external\openssl\include\win32" /Z7 /nologo /W3 /WX- /MP /Od /Oy- /D WIN32 /D _USRDLL /D _USREXDLL /D _DEBUG /D _WINDOWS /D _LIB /D LWS_DLL /D COCOS2DXWIN32_EXPORTS /D GL_GLEXT_PROTOTYPES /D COCOS2D_DEBUG=1 /D _CRT_SECURE_NO_WARNINGS /D _SCL_SECURE_NO_WARNINGS /D _USE3DDLL /D _EXPORT_DLL_ /D _USRSTUDIODLL /D _USEGUIDLL /D CC_ENABLE_CHIPMUNK_INTEGRATION=0 /D PROTOBUF_USE_DLLS /D LIBPROTOBUF_EXPORTS /D _VARIADIC_MAX=10 /D _USING_V110_SDK71_ /D _WINDLL /D _UNICODE /D UNICODE /Gm- /EHsc /RTC1 /MDd /GS /fp:precise /Zc:wchar_t /Zc:forScope /Yu"precheader.h" /Fp"Debug.win32\libcocos2d.pch" /Fo"Debug.win32\\" /Fd"Debug.win32\vc120.pdb" /Gd /TP /wd4267 /wd4251 /wd4244 /FIprecheader.h /analyze- /errorReport:prompt -Zm256 "..\..\extensions\assets-manager\AssetsManagerEx.cpp" "..\..\extensions\assets-manager\CCEventAssetsManagerEx.cpp" "..\..\extensions\assets-manager\CCEventListenerAssetsManagerEx.cpp" "..\..\extensions\assets-manager\Difflist.cpp" "..\..\extensions\assets-manager\Manifest.cpp" "..\..\extensions\assets-manager\VersionUtils.cpp" ..\..\extensions\GUI\CCControlExtension\CCControl.cpp ..\..\extensions\GUI\CCControlExtension\CCControlButton.cpp ..\..\extensions\GUI\CCControlExtension\CCControlColourPicker.cpp ..\..\extensions\GUI\CCControlExtension\CCControlHuePicker.cpp ..\..\extensions\GUI\CCControlExtension\CCControlPotentiometer.cpp ..\..\extensions\GUI\CCControlExtension\CCControlSaturationBrightnessPicker.cpp ..\..\extensions\GUI\CCControlExtension\CCControlSlider.cpp ..\..\extensions\GUI\CCControlExtension\CCControlStepper.cpp ..\..\extensions\GUI\CCControlExtension\CCControlSwitch.cpp ..\..\extensions\GUI\CCControlExtension\CCControlUtils.cpp ..\..\extensions\GUI\CCControlExtension\CCInvocation.cpp ..\..\extensions\GUI\CCScrollView\CCScrollView.cpp ..\..\extensions\GUI\CCScrollView\CCTableView.cpp ..\..\extensions\GUI\CCScrollView\CCTableViewCell.cpp "..\..\extensions\physics-nodes\CCPhysicsDebugNode.cpp" "..\..\extensions\physics-nodes\CCPhysicsSprite.cpp" ..\..\external\clipper\clipper.cpp ..\..\external\ConvertUTF\ConvertUTF.c ..\..\external\ConvertUTF\ConvertUTFWrapper.cpp ..\..\external\edtaa3func\edtaa3func.cpp ..\..\external\flatbuffers\idl_gen_cpp.cpp ..\..\external\flatbuffers\idl_gen_fbs.cpp ..\..\external\flatbuffers\idl_gen_general.cpp ..\..\external\flatbuffers\idl_gen_go.cpp ..\..\external\flatbuffers\idl_gen_text.cpp ..\..\external\flatbuffers\idl_parser.cpp ..\..\external\md5\md5.c ..\..\external\poly2tri\common\shapes.cc ..\..\external\poly2tri\sweep\advancing_front.cc ..\..\external\poly2tri\sweep\cdt.cc ..\..\external\poly2tri\sweep\sweep.cc ..\..\external\poly2tri\sweep\sweep_context.cc ..\..\external\tinyxml2\tinyxml2.cpp ..\..\external\unzip\ioapi_mem.cpp ..\..\external\unzip\ioapi.cpp ..\..\external\unzip\unzip.cpp ..\..\external\xxhash\xxhash.c ..\..\external\xxtea\xxtea.cpp ..\..\ymextra\crypto\CCCrypto.cpp ..\audio\AudioEngine.cpp ..\audio\win32\AudioCache.cpp ..\audio\win32\AudioDecoder.cpp ..\audio\win32\AudioDecoderManager.cpp ..\audio\win32\AudioDecoderMp3.cpp ..\audio\win32\AudioDecoderOgg.cpp "..\audio\win32\AudioEngine-win32.cpp" ..\audio\win32\AudioPlayer.cpp ..\audio\win32\MciPlayer.cpp ..\audio\win32\SimpleAudioEngine.cpp ..\base\allocator\CCAllocatorDiagnostics.cpp ..\base\allocator\CCAllocatorGlobal.cpp ..\base\allocator\CCAllocatorGlobalNewDelete.cpp ..\base\allocator\TJAllocator.cpp ..\base\atitc.cpp ..\base\base64.cpp ..\base\CCAsyncTaskPool.cpp ..\base\CCAutoreleasePool.cpp ..\base\ccCArray.cpp ..\base\CCConfiguration.cpp ..\base\CCConsole.cpp ..\base\CCController.cpp "..\base\CCController-linux-win32.cpp" ..\base\CCData.cpp ..\base\CCDataVisitor.cpp ..\base\CCDirector.cpp ..\base\CCEvent.cpp ..\base\CCEventAcceleration.cpp ..\base\CCEventController.cpp ..\base\CCEventCustom.cpp ..\base\CCEventDispatcher.cpp ..\base\CCEventFocus.cpp ..\base\CCEventKeyboard.cpp ..\base\CCEventListener.cpp ..\base\CCEventListenerAcceleration.cpp ..\base\CCEventListenerController.cpp ..\base\CCEventListenerCustom.cpp ..\base\CCEventListenerFocus.cpp ..\base\CCEventListenerKeyboard.cpp ..\base\CCEventListenerMouse.cpp ..\base\CCEventListenerTouch.cpp ..\base\CCEventMouse.cpp ..\base\CCEventTouch.cpp ..\base\ccFPSImages.c ..\base\CCIMEDispatcher.cpp ..\base\CCNinePatchImageParser.cpp ..\base\CCStencilStateManager.cpp ..\base\CCNS.cpp ..\base\CCProfiling.cpp ..\base\CCProperties.cpp ..\base\ccRandom.cpp ..\base\CCRef.cpp ..\base\CCScheduler.cpp ..\base\CCScriptSupport.cpp ..\base\CCTouch.cpp ..\base\ccTypes.cpp ..\base\CCUserDefault.cpp ..\base\ccUTF8.cpp ..\base\ccUtils.cpp ..\base\CCValue.cpp ..\base\etc1.cpp ..\base\pvr.cpp ..\base\ObjectFactory.cpp ..\base\s3tc.cpp ..\base\TGAlib.cpp ..\base\TJThreadPool.cpp ..\base\ZipUtils.cpp ..\cocos2d.cpp ..\deprecated\CCArray.cpp ..\deprecated\CCDeprecated.cpp ..\deprecated\CCDictionary.cpp ..\deprecated\CCNotificationCenter.cpp ..\deprecated\CCSet.cpp ..\deprecated\CCString.cpp "..\editor-support\cocostudio\ActionTimeline\CCActionTimeline.cpp" "..\editor-support\cocostudio\ActionTimeline\CCActionTimelineCache.cpp" "..\editor-support\cocostudio\ActionTimeline\CCActionTimelineNode.cpp" "..\editor-support\cocostudio\ActionTimeline\CCBoneNode.cpp" "..\editor-support\cocostudio\ActionTimeline\CCFrame.cpp" "..\editor-support\cocostudio\ActionTimeline\CCSkeletonNode.cpp" "..\editor-support\cocostudio\ActionTimeline\CCSkinNode.cpp" "..\editor-support\cocostudio\ActionTimeline\CCTimeLine.cpp" "..\editor-support\cocostudio\ActionTimeline\CSLoader.cpp" "..\editor-support\cocostudio\CCActionFrame.cpp" "..\editor-support\cocostudio\CCActionFrameEasing.cpp" "..\editor-support\cocostudio\CCActionManagerEx.cpp" "..\editor-support\cocostudio\CCActionNode.cpp" "..\editor-support\cocostudio\CCActionObject.cpp" "..\editor-support\cocostudio\CCArmature.cpp" "..\editor-support\cocostudio\CCArmatureAnimation.cpp" "..\editor-support\cocostudio\CCArmatureDataManager.cpp" "..\editor-support\cocostudio\CCArmatureDefine.cpp" "..\editor-support\cocostudio\CCBatchNode.cpp" "..\editor-support\cocostudio\CCBone.cpp" "..\editor-support\cocostudio\CCColliderDetector.cpp" "..\editor-support\cocostudio\CCComAttribute.cpp" "..\editor-support\cocostudio\CCComAudio.cpp" "..\editor-support\cocostudio\CCComController.cpp" "..\editor-support\cocostudio\CCComRender.cpp" "..\editor-support\cocostudio\CCDataReaderHelper.cpp" "..\editor-support\cocostudio\CCDatas.cpp" "..\editor-support\cocostudio\CCDecorativeDisplay.cpp" "..\editor-support\cocostudio\CCDisplayFactory.cpp" "..\editor-support\cocostudio\CCDisplayManager.cpp" "..\editor-support\cocostudio\CCInputDelegate.cpp" "..\editor-support\cocostudio\CCComExtensionData.cpp" "..\editor-support\cocostudio\CCProcessBase.cpp" "..\editor-support\cocostudio\CCSGUIReader.cpp" "..\editor-support\cocostudio\CCSkin.cpp" "..\editor-support\cocostudio\CCSpriteFrameCacheHelper.cpp" "..\editor-support\cocostudio\CCSSceneReader.cpp" "..\editor-support\cocostudio\CCTransformHelp.cpp" "..\editor-support\cocostudio\CCTween.cpp" "..\editor-support\cocostudio\CCUtilMath.cpp" "..\editor-support\cocostudio\CocoLoader.cpp" "..\editor-support\cocostudio\CocoStudio.cpp" "..\editor-support\cocostudio\DictionaryHelper.cpp" "..\editor-support\cocostudio\FlatBuffersSerialize.cpp" "..\editor-support\cocostudio\LocalizationManager.cpp" "..\editor-support\cocostudio\TriggerBase.cpp" "..\editor-support\cocostudio\TriggerMng.cpp" "..\editor-support\cocostudio\TriggerObj.cpp" "..\editor-support\cocostudio\WidgetCallBackHandlerProtocol.cpp" "..\editor-support\cocostudio\WidgetReader\ArmatureNodeReader\ArmatureNodeReader.cpp" "..\editor-support\cocostudio\WidgetReader\ButtonReader\ButtonReader.cpp" "..\editor-support\cocostudio\WidgetReader\CheckBoxReader\CheckBoxReader.cpp" "..\editor-support\cocostudio\WidgetReader\ComAudioReader\ComAudioReader.cpp" "..\editor-support\cocostudio\WidgetReader\GameMapReader\GameMapReader.cpp" "..\editor-support\cocostudio\WidgetReader\ImageViewReader\ImageViewReader.cpp" "..\editor-support\cocostudio\WidgetReader\LayoutReader\LayoutReader.cpp" "..\editor-support\cocostudio\WidgetReader\ListViewReader\ListViewReader.cpp" "..\editor-support\cocostudio\WidgetReader\LoadingBarReader\LoadingBarReader.cpp" "..\editor-support\cocostudio\WidgetReader\NodeReaderDefine.cpp" "..\editor-support\cocostudio\WidgetReader\NodeReaderProtocol.cpp" "..\editor-support\cocostudio\WidgetReader\NodeReader\NodeReader.cpp" "..\editor-support\cocostudio\WidgetReader\PageViewReader\PageViewReader.cpp" "..\editor-support\cocostudio\WidgetReader\ParticleReader\ParticleReader.cpp" "..\editor-support\cocostudio\WidgetReader\ProjectNodeReader\ProjectNodeReader.cpp" "..\editor-support\cocostudio\WidgetReader\ScrollViewReader\ScrollViewReader.cpp" "..\editor-support\cocostudio\WidgetReader\SingleNodeReader\SingleNodeReader.cpp" "..\editor-support\cocostudio\WidgetReader\SkeletonReader\BoneNodeReader.cpp" "..\editor-support\cocostudio\WidgetReader\SkeletonReader\SkeletonNodeReader.cpp" "..\editor-support\cocostudio\WidgetReader\SliderReader\SliderReader.cpp" "..\editor-support\cocostudio\WidgetReader\SpriteReader\SpriteReader.cpp" "..\editor-support\cocostudio\WidgetReader\TabControlReader\TabControlReader.cpp" "..\editor-support\cocostudio\WidgetReader\TextAtlasReader\TextAtlasReader.cpp" "..\editor-support\cocostudio\WidgetReader\TextBMFontReader\TextBMFontReader.cpp" "..\editor-support\cocostudio\WidgetReader\TextFieldReader\TextFieldReader.cpp" "..\editor-support\cocostudio\WidgetReader\TextReader\TextReader.cpp" "..\editor-support\cocostudio\WidgetReader\WidgetReader.cpp" ..\math\CCAffineTransform.cpp ..\math\CCGeometry.cpp ..\math\CCVertex.cpp ..\math\Mat4.cpp ..\math\MathUtil.cpp ..\math\Quaternion.cpp ..\math\TransformUtils.cpp ..\math\Vec2.cpp ..\math\Vec3.cpp ..\math\Vec4.cpp "..\network\CCDownloader-curl.cpp" ..\network\CCDownloader.cpp ..\network\HttpClient.cpp ..\network\SocketIO.cpp ..\network\Uri.cpp ..\network\WebSocket.cpp ..\physics\CCPhysicsBody.cpp ..\physics\CCPhysicsContact.cpp ..\physics\CCPhysicsJoint.cpp ..\physics\CCPhysicsShape.cpp ..\physics\CCPhysicsWorld.cpp ..\platform\CCFileUtils.cpp ..\platform\CCGLView.cpp ..\platform\CCImage.cpp ..\platform\CCSAXParser.cpp ..\platform\CCThread.cpp "..\platform\desktop\CCGLViewImpl-desktop.cpp" ..\platform\TJCommon.cpp "..\platform\win32\CCApplication-win32.cpp" "..\platform\win32\CCCommon-win32.cpp" "..\platform\win32\CCDevice-win32.cpp" "..\platform\win32\CCFileUtils-win32.cpp" "..\platform\win32\CCStdC-win32.cpp" "..\platform\win32\CCUtils-win32.cpp" ..\renderer\CCBatchCommand.cpp ..\renderer\CCCustomCommand.cpp ..\renderer\CCFrameBuffer.cpp ..\renderer\CCGLProgram.cpp ..\renderer\CCGLProgramCache.cpp ..\renderer\CCGLProgramState.cpp ..\renderer\CCGLProgramStateCache.cpp ..\renderer\ccGLStateCache.cpp ..\renderer\CCGroupCommand.cpp ..\renderer\CCMaterial.cpp ..\renderer\CCMeshCommand.cpp ..\renderer\CCPass.cpp ..\renderer\CCPrimitive.cpp ..\renderer\CCPrimitiveCommand.cpp ..\renderer\CCQuadCommand.cpp ..\renderer\CCRenderCommand.cpp ..\renderer\CCRenderer.cpp ..\renderer\CCRenderState.cpp ..\renderer\ccShaders.cpp ..\renderer\CCTechnique.cpp ..\renderer\CCTexture2D.cpp ..\renderer\CCTextureAtlas.cpp ..\renderer\CCTextureCache.cpp ..\renderer\CCTextureCube.cpp ..\renderer\CCTrianglesCommand.cpp ..\renderer\CCVertexAttribBinding.cpp ..\renderer\CCVertexIndexBuffer.cpp ..\renderer\CCVertexIndexData.cpp ..\renderer\TJHierarchyDraw.cpp "..\storage\local-storage\LocalStorage.cpp" ..\ui\CocosGUI.cpp ..\ui\UIButton.cpp ..\ui\UIAbstractCheckButton.cpp ..\ui\UICheckBox.cpp "..\ui\UIEditBox\UIEditBoxImpl-common.cpp" ..\ui\UIRadioButton.cpp ..\ui\UIDeprecated.cpp ..\ui\UIEditBox\UIEditBox.cpp "..\ui\UIEditBox\UIEditBoxImpl-win32.cpp" ..\ui\UIHBox.cpp ..\ui\UIHelper.cpp ..\ui\UIImageView.cpp ..\ui\UILayout.cpp ..\ui\UILayoutComponent.cpp ..\ui\UILayoutManager.cpp ..\ui\UILayoutParameter.cpp ..\ui\UIListView.cpp ..\ui\UILoadingBar.cpp ..\ui\UIPageView.cpp ..\ui\UIPageViewIndicator.cpp ..\ui\UIRelativeBox.cpp ..\ui\UIRichText.cpp ..\ui\UIScale9Sprite.cpp ..\ui\UIScrollView.cpp ..\ui\UIScrollViewBar.cpp ..\ui\UISlider.cpp ..\ui\UITabControl.cpp ..\ui\UIText.cpp ..\ui\UITextAtlas.cpp ..\ui\UITextBMFont.cpp ..\ui\UITextField.cpp ..\ui\UIVBox.cpp ..\ui\UIWebView.cpp ..\ui\UIWidget.cpp CCAction.cpp CCActionCamera.cpp CCActionCatmullRom.cpp CCActionEase.cpp CCActionGrid.cpp CCActionGrid3D.cpp CCActionInstant.cpp CCActionInterval.cpp CCActionManager.cpp CCActionPageTurn3D.cpp CCActionProgressTimer.cpp CCActionTiledGrid.cpp CCActionTween.cpp CCAnimation.cpp CCAnimationCache.cpp CCAtlasNode.cpp CCAutoPolygon.cpp CCCamera.cpp CCCameraBackgroundBrush.cpp CCClippingNode.cpp CCClippingRectangleNode.cpp CCComponent.cpp CCComponentContainer.cpp CCDrawingPrimitives.cpp CCDrawNode.cpp CCFastTMXLayer.cpp CCFastTMXTiledMap.cpp CCFontAtlas.cpp CCFontAtlasCache.cpp CCFontCharMap.cpp CCFontFNT.cpp CCFontFreeType.cpp CCGLBufferedNode.cpp CCGrabber.cpp CCGrid.cpp CCLabel.cpp CCLabelAtlas.cpp CCLabelBMFont.cpp CCLabelTextFormatter.cpp CCLabelTTF.cpp CCLayer.cpp CCLight.cpp CCMenu.cpp CCMenuItem.cpp CCMotionStreak.cpp CCNode.cpp CCNodeGrid.cpp CCParallaxNode.cpp CCParticleBatchNode.cpp CCParticleExamples.cpp CCParticleSystem.cpp CCParticleSystemQuad.cpp CCProgressTimer.cpp CCProtectedNode.cpp CCRenderTexture.cpp CCScene.cpp CCSprite.cpp CCSpriteBatchNode.cpp CCSpriteFrame.cpp CCSpriteFrameCache.cpp CCTextFieldTTF.cpp CCTileMapAtlas.cpp CCTMXLayer.cpp CCTMXObjectGroup.cpp CCTMXTiledMap.cpp CCTMXXMLParser.cpp CCTransition.cpp CCTransitionPageTurn.cpp CCTransitionProgress.cpp CCTweenFunction.cpp
         AssetsManagerEx.cpp
         CCEventAssetsManagerEx.cpp
         CCEventListenerAssetsManagerEx.cpp
         Difflist.cpp
         Manifest.cpp
         VersionUtils.cpp
         CCControl.cpp
         CCControlButton.cpp
         CCControlColourPicker.cpp
         CCControlHuePicker.cpp
         CCControlPotentiometer.cpp
         CCControlSaturationBrightnessPicker.cpp
         CCControlSlider.cpp
         CCControlStepper.cpp
         CCControlSwitch.cpp
         CCControlUtils.cpp
         CCInvocation.cpp
         CCScrollView.cpp
         CCTableView.cpp
         CCTableViewCell.cpp
         CCPhysicsDebugNode.cpp
         CCPhysicsSprite.cpp
         clipper.cpp
         ConvertUTF.c
     1>E:\Pokemon\Scarlet\MyLuaGame\frameworks\cocos2d-x\external\unzip\unzip.h(47): warning C4005: 'CC_DLL' : macro redefinition (..\..\extensions\assets-manager\AssetsManagerEx.cpp)
                 e:\pokemon\scarlet\myluagame\frameworks\cocos2d-x\cocos\platform/win32/CCPlatformDefine-win32.h(40) : see previous definition of 'CC_DLL'
         ConvertUTFWrapper.cpp
         edtaa3func.cpp
         idl_gen_cpp.cpp
         idl_gen_fbs.cpp
         idl_gen_general.cpp
         idl_gen_go.cpp
         idl_gen_text.cpp
         idl_parser.cpp
         md5.c
         shapes.cc
         advancing_front.cc
         cdt.cc
         sweep.cc
         sweep_context.cc
         tinyxml2.cpp
         ioapi_mem.cpp
         ioapi.cpp
         unzip.cpp
     1>e:\pokemon\scarlet\myluagame\frameworks\cocos2d-x\external\unzip\ioapi.h(25): warning C4005: 'CC_DLL' : macro redefinition (..\..\external\unzip\ioapi_mem.cpp)
                 e:\pokemon\scarlet\myluagame\frameworks\cocos2d-x\cocos\platform/win32/CCPlatformDefine-win32.h(40) : see previous definition of 'CC_DLL'
     1>e:\pokemon\scarlet\myluagame\frameworks\cocos2d-x\external\unzip\ioapi.h(25): warning C4005: 'CC_DLL' : macro redefinition (..\..\external\unzip\ioapi.cpp)
                 e:\pokemon\scarlet\myluagame\frameworks\cocos2d-x\cocos\platform/win32/CCPlatformDefine-win32.h(40) : see previous definition of 'CC_DLL'
         xxhash.c
     1>e:\pokemon\scarlet\myluagame\frameworks\cocos2d-x\external\unzip\unzip.h(47): warning C4005: 'CC_DLL' : macro redefinition (..\..\external\unzip\unzip.cpp)
                 e:\pokemon\scarlet\myluagame\frameworks\cocos2d-x\cocos\platform/win32/CCPlatformDefine-win32.h(40) : see previous definition of 'CC_DLL'
         xxtea.cpp
     1>..\..\external\xxhash\xxhash.c(312): warning C4804: '/' : unsafe use of type 'bool' in operation
         CCCrypto.cpp
         AudioEngine.cpp
         AudioCache.cpp
         AudioDecoder.cpp
         AudioDecoderManager.cpp
         AudioDecoderMp3.cpp
         AudioDecoderOgg.cpp
         AudioEngine-win32.cpp
         AudioPlayer.cpp
         MciPlayer.cpp
         SimpleAudioEngine.cpp
         CCAllocatorDiagnostics.cpp
         CCAllocatorGlobal.cpp
         CCAllocatorGlobalNewDelete.cpp
         TJAllocator.cpp
         atitc.cpp
         base64.cpp
         CCAsyncTaskPool.cpp
         CCAutoreleasePool.cpp
         ccCArray.cpp
         CCConfiguration.cpp
         CCConsole.cpp
         CCController.cpp
         CCController-linux-win32.cpp
         CCData.cpp
         CCDataVisitor.cpp
         CCDirector.cpp
         CCEvent.cpp
         CCEventAcceleration.cpp
         CCEventController.cpp
         CCEventCustom.cpp
         CCEventDispatcher.cpp
         CCEventFocus.cpp
         CCEventKeyboard.cpp
         CCEventListener.cpp
         CCEventListenerAcceleration.cpp
         CCEventListenerController.cpp
         CCEventListenerCustom.cpp
         CCEventListenerFocus.cpp
         CCEventListenerKeyboard.cpp
         CCEventListenerMouse.cpp
         CCEventListenerTouch.cpp
         CCEventMouse.cpp
         CCEventTouch.cpp
         ccFPSImages.c
         CCIMEDispatcher.cpp
         CCNinePatchImageParser.cpp
         CCStencilStateManager.cpp
         CCNS.cpp
         CCProfiling.cpp
         CCProperties.cpp
         ccRandom.cpp
         CCRef.cpp
         CCScheduler.cpp
         CCScriptSupport.cpp
         CCTouch.cpp
         ccTypes.cpp
         CCUserDefault.cpp
         ccUTF8.cpp
         ccUtils.cpp
         CCValue.cpp
         etc1.cpp
         pvr.cpp
         ObjectFactory.cpp
         s3tc.cpp
         TGAlib.cpp
         TJThreadPool.cpp
         ZipUtils.cpp
         cocos2d.cpp
         CCArray.cpp
     1>E:\Pokemon\Scarlet\MyLuaGame\frameworks\cocos2d-x\external\unzip\unzip.h(47): warning C4005: 'CC_DLL' : macro redefinition (..\base\ZipUtils.cpp)
                 e:\pokemon\scarlet\myluagame\frameworks\cocos2d-x\cocos\platform/win32/CCPlatformDefine-win32.h(40) : see previous definition of 'CC_DLL'
         CCDeprecated.cpp
     1>..\base\TJThreadPool.cpp(11): warning C4018: '>' : signed/unsigned mismatch
     1>..\base\TJThreadPool.cpp(58): warning C4018: '<' : signed/unsigned mismatch
         CCDictionary.cpp
         CCNotificationCenter.cpp
         CCSet.cpp
         CCString.cpp
         CCActionTimeline.cpp
         CCActionTimelineCache.cpp
         CCActionTimelineNode.cpp
         CCBoneNode.cpp
         CCFrame.cpp
         CCSkeletonNode.cpp
         CCSkinNode.cpp
         CCTimeLine.cpp
         CSLoader.cpp
         CCActionFrame.cpp
         CCActionFrameEasing.cpp
         CCActionManagerEx.cpp
         CCActionNode.cpp
         CCActionObject.cpp
         CCArmature.cpp
         CCArmatureAnimation.cpp
         CCArmatureDataManager.cpp
         CCArmatureDefine.cpp
     1>E:\Pokemon\Scarlet\MyLuaGame\frameworks\cocos2d-x\cocos\editor-support/cocostudio/CSParseBinary_generated.h(1546): warning C4305: 'argument' : truncation from 'double' to 'float' (..\editor-support\cocostudio\ActionTimeline\CCActionTimelineCache.cpp)
     1>E:\Pokemon\Scarlet\MyLuaGame\frameworks\cocos2d-x\cocos\editor-support/cocostudio/CSParseBinary_generated.h(1593): warning C4305: 'argument' : truncation from 'double' to 'float' (..\editor-support\cocostudio\ActionTimeline\CCActionTimelineCache.cpp)
         CCBatchNode.cpp
         CCBone.cpp
         CCColliderDetector.cpp
         CCComAttribute.cpp
         CCComAudio.cpp
         CCComController.cpp
         CCComRender.cpp
         CCDataReaderHelper.cpp
         CCDatas.cpp
         CCDecorativeDisplay.cpp
         CCDisplayFactory.cpp
         CCDisplayManager.cpp
         CCInputDelegate.cpp
         CCComExtensionData.cpp
         CCProcessBase.cpp
         CCSGUIReader.cpp
         CCSkin.cpp
     1>E:\Pokemon\Scarlet\MyLuaGame\frameworks\cocos2d-x\cocos\editor-support/cocostudio/CSParseBinary_generated.h(1546): warning C4305: 'argument' : truncation from 'double' to 'float' (..\editor-support\cocostudio\ActionTimeline\CSLoader.cpp)
     1>E:\Pokemon\Scarlet\MyLuaGame\frameworks\cocos2d-x\cocos\editor-support/cocostudio/CSParseBinary_generated.h(1593): warning C4305: 'argument' : truncation from 'double' to 'float' (..\editor-support\cocostudio\ActionTimeline\CSLoader.cpp)
         CCSpriteFrameCacheHelper.cpp
         CCSSceneReader.cpp
         CCTransformHelp.cpp
         CCTween.cpp
         CCUtilMath.cpp
         CocoLoader.cpp
         CocoStudio.cpp
         DictionaryHelper.cpp
         FlatBuffersSerialize.cpp
         LocalizationManager.cpp
         TriggerBase.cpp
         TriggerMng.cpp
         TriggerObj.cpp
         WidgetCallBackHandlerProtocol.cpp
         ArmatureNodeReader.cpp
         ButtonReader.cpp
         CheckBoxReader.cpp
     1>E:\Pokemon\Scarlet\MyLuaGame\frameworks\cocos2d-x\cocos\editor-support/cocostudio/CSParseBinary_generated.h(1546): warning C4305: 'argument' : truncation from 'double' to 'float' (..\editor-support\cocostudio\WidgetReader\ArmatureNodeReader\ArmatureNodeReader.cpp)
     1>E:\Pokemon\Scarlet\MyLuaGame\frameworks\cocos2d-x\cocos\editor-support/cocostudio/CSParseBinary_generated.h(1593): warning C4305: 'argument' : truncation from 'double' to 'float' (..\editor-support\cocostudio\WidgetReader\ArmatureNodeReader\ArmatureNodeReader.cpp)
         ComAudioReader.cpp
     1>E:\Pokemon\Scarlet\MyLuaGame\frameworks\cocos2d-x\cocos\editor-support/cocostudio/CSParseBinary_generated.h(1546): warning C4305: 'argument' : truncation from 'double' to 'float' (..\editor-support\cocostudio\WidgetReader\ButtonReader\ButtonReader.cpp)
     1>E:\Pokemon\Scarlet\MyLuaGame\frameworks\cocos2d-x\cocos\editor-support/cocostudio/CSParseBinary_generated.h(1593): warning C4305: 'argument' : truncation from 'double' to 'float' (..\editor-support\cocostudio\WidgetReader\ButtonReader\ButtonReader.cpp)
         GameMapReader.cpp
     1>E:\Pokemon\Scarlet\MyLuaGame\frameworks\cocos2d-x\cocos\editor-support/cocostudio/CSParseBinary_generated.h(1546): warning C4305: 'argument' : truncation from 'double' to 'float' (..\editor-support\cocostudio\WidgetReader\CheckBoxReader\CheckBoxReader.cpp)
     1>E:\Pokemon\Scarlet\MyLuaGame\frameworks\cocos2d-x\cocos\editor-support/cocostudio/CSParseBinary_generated.h(1593): warning C4305: 'argument' : truncation from 'double' to 'float' (..\editor-support\cocostudio\WidgetReader\CheckBoxReader\CheckBoxReader.cpp)
         ImageViewReader.cpp
     1>E:\Pokemon\Scarlet\MyLuaGame\frameworks\cocos2d-x\cocos\editor-support/cocostudio/CSParseBinary_generated.h(1546): warning C4305: 'argument' : truncation from 'double' to 'float' (..\editor-support\cocostudio\WidgetReader\GameMapReader\GameMapReader.cpp)
     1>E:\Pokemon\Scarlet\MyLuaGame\frameworks\cocos2d-x\cocos\editor-support/cocostudio/CSParseBinary_generated.h(1593): warning C4305: 'argument' : truncation from 'double' to 'float' (..\editor-support\cocostudio\WidgetReader\GameMapReader\GameMapReader.cpp)
     1>E:\Pokemon\Scarlet\MyLuaGame\frameworks\cocos2d-x\cocos\editor-support/cocostudio/CSParseBinary_generated.h(1546): warning C4305: 'argument' : truncation from 'double' to 'float' (..\editor-support\cocostudio\WidgetReader\ComAudioReader\ComAudioReader.cpp)
     1>E:\Pokemon\Scarlet\MyLuaGame\frameworks\cocos2d-x\cocos\editor-support/cocostudio/CSParseBinary_generated.h(1593): warning C4305: 'argument' : truncation from 'double' to 'float' (..\editor-support\cocostudio\WidgetReader\ComAudioReader\ComAudioReader.cpp)
     1>E:\Pokemon\Scarlet\MyLuaGame\frameworks\cocos2d-x\cocos\editor-support/cocostudio/CSParseBinary_generated.h(1546): warning C4305: 'argument' : truncation from 'double' to 'float' (..\editor-support\cocostudio\WidgetReader\ImageViewReader\ImageViewReader.cpp)
     1>E:\Pokemon\Scarlet\MyLuaGame\frameworks\cocos2d-x\cocos\editor-support/cocostudio/CSParseBinary_generated.h(1593): warning C4305: 'argument' : truncation from 'double' to 'float' (..\editor-support\cocostudio\WidgetReader\ImageViewReader\ImageViewReader.cpp)
         LayoutReader.cpp
         ListViewReader.cpp
         LoadingBarReader.cpp
     1>E:\Pokemon\Scarlet\MyLuaGame\frameworks\cocos2d-x\cocos\editor-support/cocostudio/CSParseBinary_generated.h(1546): warning C4305: 'argument' : truncation from 'double' to 'float' (..\editor-support\cocostudio\WidgetReader\LayoutReader\LayoutReader.cpp)
     1>E:\Pokemon\Scarlet\MyLuaGame\frameworks\cocos2d-x\cocos\editor-support/cocostudio/CSParseBinary_generated.h(1593): warning C4305: 'argument' : truncation from 'double' to 'float' (..\editor-support\cocostudio\WidgetReader\LayoutReader\LayoutReader.cpp)
         NodeReaderDefine.cpp
         NodeReaderProtocol.cpp
         NodeReader.cpp
     1>E:\Pokemon\Scarlet\MyLuaGame\frameworks\cocos2d-x\cocos\editor-support/cocostudio/CSParseBinary_generated.h(1546): warning C4305: 'argument' : truncation from 'double' to 'float' (..\editor-support\cocostudio\WidgetReader\ListViewReader\ListViewReader.cpp)
     1>E:\Pokemon\Scarlet\MyLuaGame\frameworks\cocos2d-x\cocos\editor-support/cocostudio/CSParseBinary_generated.h(1593): warning C4305: 'argument' : truncation from 'double' to 'float' (..\editor-support\cocostudio\WidgetReader\ListViewReader\ListViewReader.cpp)
     1>E:\Pokemon\Scarlet\MyLuaGame\frameworks\cocos2d-x\cocos\editor-support/cocostudio/CSParseBinary_generated.h(1546): warning C4305: 'argument' : truncation from 'double' to 'float' (..\editor-support\cocostudio\WidgetReader\LoadingBarReader\LoadingBarReader.cpp)
     1>E:\Pokemon\Scarlet\MyLuaGame\frameworks\cocos2d-x\cocos\editor-support/cocostudio/CSParseBinary_generated.h(1593): warning C4305: 'argument' : truncation from 'double' to 'float' (..\editor-support\cocostudio\WidgetReader\LoadingBarReader\LoadingBarReader.cpp)
         PageViewReader.cpp
         ParticleReader.cpp
     1>E:\Pokemon\Scarlet\MyLuaGame\frameworks\cocos2d-x\cocos\editor-support/cocostudio/CSParseBinary_generated.h(1546): warning C4305: 'argument' : truncation from 'double' to 'float' (..\editor-support\cocostudio\FlatBuffersSerialize.cpp)
     1>E:\Pokemon\Scarlet\MyLuaGame\frameworks\cocos2d-x\cocos\editor-support/cocostudio/CSParseBinary_generated.h(1546): warning C4305: 'argument' : truncation from 'double' to 'float' (..\editor-support\cocostudio\WidgetReader\NodeReader\NodeReader.cpp)
     1>E:\Pokemon\Scarlet\MyLuaGame\frameworks\cocos2d-x\cocos\editor-support/cocostudio/CSParseBinary_generated.h(1593): warning C4305: 'argument' : truncation from 'double' to 'float' (..\editor-support\cocostudio\FlatBuffersSerialize.cpp)
     1>E:\Pokemon\Scarlet\MyLuaGame\frameworks\cocos2d-x\cocos\editor-support/cocostudio/CSParseBinary_generated.h(1593): warning C4305: 'argument' : truncation from 'double' to 'float' (..\editor-support\cocostudio\WidgetReader\NodeReader\NodeReader.cpp)
         ProjectNodeReader.cpp
     1>E:\Pokemon\Scarlet\MyLuaGame\frameworks\cocos2d-x\cocos\editor-support/cocostudio/CSParseBinary_generated.h(1546): warning C4305: 'argument' : truncation from 'double' to 'float' (..\editor-support\cocostudio\WidgetReader\PageViewReader\PageViewReader.cpp)
     1>E:\Pokemon\Scarlet\MyLuaGame\frameworks\cocos2d-x\cocos\editor-support/cocostudio/CSParseBinary_generated.h(1593): warning C4305: 'argument' : truncation from 'double' to 'float' (..\editor-support\cocostudio\WidgetReader\PageViewReader\PageViewReader.cpp)
     1>E:\Pokemon\Scarlet\MyLuaGame\frameworks\cocos2d-x\cocos\editor-support/cocostudio/CSParseBinary_generated.h(1546): warning C4305: 'argument' : truncation from 'double' to 'float' (..\editor-support\cocostudio\WidgetReader\ParticleReader\ParticleReader.cpp)
     1>E:\Pokemon\Scarlet\MyLuaGame\frameworks\cocos2d-x\cocos\editor-support/cocostudio/CSParseBinary_generated.h(1593): warning C4305: 'argument' : truncation from 'double' to 'float' (..\editor-support\cocostudio\WidgetReader\ParticleReader\ParticleReader.cpp)
     1>E:\Pokemon\Scarlet\MyLuaGame\frameworks\cocos2d-x\cocos\editor-support/cocostudio/CSParseBinary_generated.h(1546): warning C4305: 'argument' : truncation from 'double' to 'float' (..\editor-support\cocostudio\WidgetReader\ProjectNodeReader\ProjectNodeReader.cpp)
     1>E:\Pokemon\Scarlet\MyLuaGame\frameworks\cocos2d-x\cocos\editor-support/cocostudio/CSParseBinary_generated.h(1593): warning C4305: 'argument' : truncation from 'double' to 'float' (..\editor-support\cocostudio\WidgetReader\ProjectNodeReader\ProjectNodeReader.cpp)
         ScrollViewReader.cpp
         SingleNodeReader.cpp
         BoneNodeReader.cpp
         SkeletonNodeReader.cpp
         SliderReader.cpp
     1>E:\Pokemon\Scarlet\MyLuaGame\frameworks\cocos2d-x\cocos\editor-support/cocostudio/CSParseBinary_generated.h(1546): warning C4305: 'argument' : truncation from 'double' to 'float' (..\editor-support\cocostudio\WidgetReader\SingleNodeReader\SingleNodeReader.cpp)
     1>E:\Pokemon\Scarlet\MyLuaGame\frameworks\cocos2d-x\cocos\editor-support/cocostudio/CSParseBinary_generated.h(1593): warning C4305: 'argument' : truncation from 'double' to 'float' (..\editor-support\cocostudio\WidgetReader\SingleNodeReader\SingleNodeReader.cpp)
     1>E:\Pokemon\Scarlet\MyLuaGame\frameworks\cocos2d-x\cocos\editor-support/cocostudio/CSParseBinary_generated.h(1546): warning C4305: 'argument' : truncation from 'double' to 'float' (..\editor-support\cocostudio\WidgetReader\ScrollViewReader\ScrollViewReader.cpp)
     1>E:\Pokemon\Scarlet\MyLuaGame\frameworks\cocos2d-x\cocos\editor-support/cocostudio/CSParseBinary_generated.h(1593): warning C4305: 'argument' : truncation from 'double' to 'float' (..\editor-support\cocostudio\WidgetReader\ScrollViewReader\ScrollViewReader.cpp)
         SpriteReader.cpp
         TabControlReader.cpp
     1>E:\Pokemon\Scarlet\MyLuaGame\frameworks\cocos2d-x\cocos\editor-support/cocostudio/CSParseBinary_generated.h(1546): warning C4305: 'argument' : truncation from 'double' to 'float' (..\editor-support\cocostudio\WidgetReader\SkeletonReader\BoneNodeReader.cpp)
     1>E:\Pokemon\Scarlet\MyLuaGame\frameworks\cocos2d-x\cocos\editor-support/cocostudio/CSParseBinary_generated.h(1593): warning C4305: 'argument' : truncation from 'double' to 'float' (..\editor-support\cocostudio\WidgetReader\SkeletonReader\BoneNodeReader.cpp)
     1>E:\Pokemon\Scarlet\MyLuaGame\frameworks\cocos2d-x\cocos\editor-support/cocostudio/CSParseBinary_generated.h(1546): warning C4305: 'argument' : truncation from 'double' to 'float' (..\editor-support\cocostudio\WidgetReader\SkeletonReader\SkeletonNodeReader.cpp)
     1>E:\Pokemon\Scarlet\MyLuaGame\frameworks\cocos2d-x\cocos\editor-support/cocostudio/CSParseBinary_generated.h(1593): warning C4305: 'argument' : truncation from 'double' to 'float' (..\editor-support\cocostudio\WidgetReader\SkeletonReader\SkeletonNodeReader.cpp)
         TextAtlasReader.cpp
     1>E:\Pokemon\Scarlet\MyLuaGame\frameworks\cocos2d-x\cocos\editor-support/cocostudio/CSParseBinary_generated.h(1546): warning C4305: 'argument' : truncation from 'double' to 'float' (..\editor-support\cocostudio\WidgetReader\SpriteReader\SpriteReader.cpp)
     1>E:\Pokemon\Scarlet\MyLuaGame\frameworks\cocos2d-x\cocos\editor-support/cocostudio/CSParseBinary_generated.h(1593): warning C4305: 'argument' : truncation from 'double' to 'float' (..\editor-support\cocostudio\WidgetReader\SpriteReader\SpriteReader.cpp)
     1>E:\Pokemon\Scarlet\MyLuaGame\frameworks\cocos2d-x\cocos\editor-support/cocostudio/CSParseBinary_generated.h(1546): warning C4305: 'argument' : truncation from 'double' to 'float' (..\editor-support\cocostudio\WidgetReader\SliderReader\SliderReader.cpp)
     1>E:\Pokemon\Scarlet\MyLuaGame\frameworks\cocos2d-x\cocos\editor-support/cocostudio/CSParseBinary_generated.h(1593): warning C4305: 'argument' : truncation from 'double' to 'float' (..\editor-support\cocostudio\WidgetReader\SliderReader\SliderReader.cpp)
     1>E:\Pokemon\Scarlet\MyLuaGame\frameworks\cocos2d-x\cocos\editor-support/cocostudio/CSParseBinary_generated.h(1546): warning C4305: 'argument' : truncation from 'double' to 'float' (..\editor-support\cocostudio\WidgetReader\TabControlReader\TabControlReader.cpp)
     1>E:\Pokemon\Scarlet\MyLuaGame\frameworks\cocos2d-x\cocos\editor-support/cocostudio/CSParseBinary_generated.h(1593): warning C4305: 'argument' : truncation from 'double' to 'float' (..\editor-support\cocostudio\WidgetReader\TabControlReader\TabControlReader.cpp)
         TextBMFontReader.cpp
         TextFieldReader.cpp
     1>E:\Pokemon\Scarlet\MyLuaGame\frameworks\cocos2d-x\cocos\editor-support/cocostudio/CSParseBinary_generated.h(1546): warning C4305: 'argument' : truncation from 'double' to 'float' (..\editor-support\cocostudio\WidgetReader\TextAtlasReader\TextAtlasReader.cpp)
     1>E:\Pokemon\Scarlet\MyLuaGame\frameworks\cocos2d-x\cocos\editor-support/cocostudio/CSParseBinary_generated.h(1593): warning C4305: 'argument' : truncation from 'double' to 'float' (..\editor-support\cocostudio\WidgetReader\TextAtlasReader\TextAtlasReader.cpp)
         TextReader.cpp
         WidgetReader.cpp
         CCAffineTransform.cpp
         CCGeometry.cpp
     1>E:\Pokemon\Scarlet\MyLuaGame\frameworks\cocos2d-x\cocos\editor-support/cocostudio/CSParseBinary_generated.h(1546): warning C4305: 'argument' : truncation from 'double' to 'float' (..\editor-support\cocostudio\WidgetReader\TextFieldReader\TextFieldReader.cpp)
     1>E:\Pokemon\Scarlet\MyLuaGame\frameworks\cocos2d-x\cocos\editor-support/cocostudio/CSParseBinary_generated.h(1593): warning C4305: 'argument' : truncation from 'double' to 'float' (..\editor-support\cocostudio\WidgetReader\TextFieldReader\TextFieldReader.cpp)
     1>E:\Pokemon\Scarlet\MyLuaGame\frameworks\cocos2d-x\cocos\editor-support/cocostudio/CSParseBinary_generated.h(1546): warning C4305: 'argument' : truncation from 'double' to 'float' (..\editor-support\cocostudio\WidgetReader\TextReader\TextReader.cpp)
     1>E:\Pokemon\Scarlet\MyLuaGame\frameworks\cocos2d-x\cocos\editor-support/cocostudio/CSParseBinary_generated.h(1593): warning C4305: 'argument' : truncation from 'double' to 'float' (..\editor-support\cocostudio\WidgetReader\TextReader\TextReader.cpp)
     1>E:\Pokemon\Scarlet\MyLuaGame\frameworks\cocos2d-x\cocos\editor-support/cocostudio/CSParseBinary_generated.h(1546): warning C4305: 'argument' : truncation from 'double' to 'float' (..\editor-support\cocostudio\WidgetReader\TextBMFontReader\TextBMFontReader.cpp)
     1>E:\Pokemon\Scarlet\MyLuaGame\frameworks\cocos2d-x\cocos\editor-support/cocostudio/CSParseBinary_generated.h(1593): warning C4305: 'argument' : truncation from 'double' to 'float' (..\editor-support\cocostudio\WidgetReader\TextBMFontReader\TextBMFontReader.cpp)
         CCVertex.cpp
         Mat4.cpp
         MathUtil.cpp
         Quaternion.cpp
         TransformUtils.cpp
     1>E:\Pokemon\Scarlet\MyLuaGame\frameworks\cocos2d-x\cocos\editor-support/cocostudio/CSParseBinary_generated.h(1546): warning C4305: 'argument' : truncation from 'double' to 'float' (..\editor-support\cocostudio\WidgetReader\WidgetReader.cpp)
     1>E:\Pokemon\Scarlet\MyLuaGame\frameworks\cocos2d-x\cocos\editor-support/cocostudio/CSParseBinary_generated.h(1593): warning C4305: 'argument' : truncation from 'double' to 'float' (..\editor-support\cocostudio\WidgetReader\WidgetReader.cpp)
         Vec2.cpp
         Vec3.cpp
         Vec4.cpp
         CCDownloader-curl.cpp
         CCDownloader.cpp
         HttpClient.cpp
         SocketIO.cpp
         Uri.cpp
         WebSocket.cpp
         CCPhysicsBody.cpp
         CCPhysicsContact.cpp
         CCPhysicsJoint.cpp
         CCPhysicsShape.cpp
         CCPhysicsWorld.cpp
         CCFileUtils.cpp
         CCGLView.cpp
         CCImage.cpp
         CCSAXParser.cpp
         CCThread.cpp
     1>E:\Pokemon\Scarlet\MyLuaGame\frameworks\cocos2d-x\external\unzip\unzip.h(47): warning C4005: 'CC_DLL' : macro redefinition (..\platform\CCFileUtils.cpp)
                 e:\pokemon\scarlet\myluagame\frameworks\cocos2d-x\cocos\platform/win32/CCPlatformDefine-win32.h(40) : see previous definition of 'CC_DLL'
         CCGLViewImpl-desktop.cpp
         TJCommon.cpp
         CCApplication-win32.cpp
         CCCommon-win32.cpp
         CCDevice-win32.cpp
         CCFileUtils-win32.cpp
         CCStdC-win32.cpp
         CCUtils-win32.cpp
         CCBatchCommand.cpp
         CCCustomCommand.cpp
         CCFrameBuffer.cpp
         CCGLProgram.cpp
         CCGLProgramCache.cpp
         CCGLProgramState.cpp
         CCGLProgramStateCache.cpp
         ccGLStateCache.cpp
         CCGroupCommand.cpp
         CCMaterial.cpp
         CCMeshCommand.cpp
     1>..\renderer\CCGLProgramState.cpp(917): warning C4996: 'cocos2d::UniformValue::setTexture': was declared deprecated
                 e:\pokemon\scarlet\myluagame\frameworks\cocos2d-x\cocos\renderer/CCGLProgramState.h(110) : see declaration of 'cocos2d::UniformValue::setTexture'
     1>..\renderer\CCGLProgramState.cpp(921): warning C4996: 'cocos2d::UniformValue::setTexture': was declared deprecated
                 e:\pokemon\scarlet\myluagame\frameworks\cocos2d-x\cocos\renderer/CCGLProgramState.h(110) : see declaration of 'cocos2d::UniformValue::setTexture'
     1>..\renderer\CCGLProgramState.cpp(938): warning C4996: 'cocos2d::UniformValue::setTexture': was declared deprecated
                 e:\pokemon\scarlet\myluagame\frameworks\cocos2d-x\cocos\renderer/CCGLProgramState.h(110) : see declaration of 'cocos2d::UniformValue::setTexture'
     1>..\renderer\CCGLProgramState.cpp(942): warning C4996: 'cocos2d::UniformValue::setTexture': was declared deprecated
                 e:\pokemon\scarlet\myluagame\frameworks\cocos2d-x\cocos\renderer/CCGLProgramState.h(110) : see declaration of 'cocos2d::UniformValue::setTexture'
         CCPass.cpp
         CCPrimitive.cpp
         CCPrimitiveCommand.cpp
         CCQuadCommand.cpp
         CCRenderCommand.cpp
         CCRenderer.cpp
         CCRenderState.cpp
         ccShaders.cpp
         CCTechnique.cpp
         CCTexture2D.cpp
         CCTextureAtlas.cpp
         CCTextureCache.cpp
         CCTextureCube.cpp
         CCTrianglesCommand.cpp
         CCVertexAttribBinding.cpp
         CCVertexIndexBuffer.cpp
         CCVertexIndexData.cpp
         TJHierarchyDraw.cpp
         LocalStorage.cpp
         CocosGUI.cpp
         UIButton.cpp
         UIAbstractCheckButton.cpp
         UICheckBox.cpp
     1>..\renderer\TJHierarchyDraw.cpp(159): warning C4018: '<' : signed/unsigned mismatch
         UIEditBoxImpl-common.cpp
         UIRadioButton.cpp
     1>..\renderer\TJHierarchyDraw.cpp(609): warning C4018: '<' : signed/unsigned mismatch
         UIDeprecated.cpp
         UIEditBox.cpp
         UIEditBoxImpl-win32.cpp
         UIHBox.cpp
         UIHelper.cpp
         UIImageView.cpp
         UILayout.cpp
         UILayoutComponent.cpp
         UILayoutManager.cpp
         UILayoutParameter.cpp
         UIListView.cpp
         UILoadingBar.cpp
         UIPageView.cpp
         UIPageViewIndicator.cpp
         UIRelativeBox.cpp
         UIRichText.cpp
         UIScale9Sprite.cpp
         UIScrollView.cpp
         UIScrollViewBar.cpp
         UISlider.cpp
         UITabControl.cpp
         UIText.cpp
         UITextAtlas.cpp
         UITextBMFont.cpp
         UITextField.cpp
         UIVBox.cpp
         UIWebView.cpp
         UIWidget.cpp
         CCAction.cpp
         CCActionCamera.cpp
         CCActionCatmullRom.cpp
         CCActionEase.cpp
         CCActionGrid.cpp
         CCActionGrid3D.cpp
         CCActionInstant.cpp
         CCActionInterval.cpp
         CCActionManager.cpp
         CCActionPageTurn3D.cpp
         CCActionProgressTimer.cpp
         CCActionTiledGrid.cpp
         CCActionTween.cpp
         CCAnimation.cpp
         CCAnimationCache.cpp
         CCAtlasNode.cpp
         CCAutoPolygon.cpp
         CCCamera.cpp
         CCCameraBackgroundBrush.cpp
         CCClippingNode.cpp
         CCClippingRectangleNode.cpp
         CCComponent.cpp
         CCComponentContainer.cpp
         CCDrawingPrimitives.cpp
         CCDrawNode.cpp
         CCFastTMXLayer.cpp
         CCFastTMXTiledMap.cpp
         CCFontAtlas.cpp
         CCFontAtlasCache.cpp
         CCFontCharMap.cpp
         CCFontFNT.cpp
         CCFontFreeType.cpp
         CCGLBufferedNode.cpp
         CCGrabber.cpp
         CCGrid.cpp
         CCLabel.cpp
         CCLabelAtlas.cpp
         CCLabelBMFont.cpp
         CCLabelTextFormatter.cpp
         CCLabelTTF.cpp
         CCLayer.cpp
         CCLight.cpp
         CCMenu.cpp
         CCMenuItem.cpp
         CCMotionStreak.cpp
         CCNode.cpp
         CCNodeGrid.cpp
         CCParallaxNode.cpp
         CCParticleBatchNode.cpp
         CCParticleExamples.cpp
         CCParticleSystem.cpp
         CCParticleSystemQuad.cpp
         CCProgressTimer.cpp
         CCProtectedNode.cpp
         CCRenderTexture.cpp
         CCScene.cpp
         CCSprite.cpp
         CCSpriteBatchNode.cpp
         CCSpriteFrame.cpp
         CCSpriteFrameCache.cpp
         CCTextFieldTTF.cpp
         CCTileMapAtlas.cpp
         CCTMXLayer.cpp
         CCTMXObjectGroup.cpp
         CCTMXTiledMap.cpp
         CCTMXXMLParser.cpp
         CCTransition.cpp
         CCTransitionPageTurn.cpp
         CCTransitionProgress.cpp
     1>C:\Program Files (x86)\Microsoft Visual Studio 12.0\VC\include\vector(214): warning C4503: 'std::_Func_class<_Ret,const cocos2d::ValueMap &>::_Do_alloc' : decorated name length exceeded, name was truncated
                 with
                 [
                     _Ret=std::pair<cocos2d::ValueMap,cocos2d::ui::RichElement *>
                 ] (..\ui\UIRichText.cpp)
         CCTweenFunction.cpp
     1>C:\Program Files (x86)\Microsoft Visual Studio 12.0\VC\include\vector(214): warning C4503: 'std::allocator<_Other>::destroy' : decorated name length exceeded, name was truncated
                 with
                 [
                     _Other=std::_Func_impl<_MyWrapper,std::allocator<std::_Func_class<std::pair<cocos2d::ValueMap,cocos2d::ui::RichElement *>,const cocos2d::ValueMap &>>,std::pair<cocos2d::ValueMap,cocos2d::ui::RichElement *>,const cocos2d::ValueMap &>
                 ] (..\ui\UIRichText.cpp)
         C:\Program Files (x86)\Microsoft Visual Studio 12.0\VC\bin\CL.exe /c /I"C:\Program Files (x86)\Microsoft SDKs\Windows\v7.1A\include" /I"E:\Pokemon\Scarlet\MyLuaGame\frameworks\cocos2d-x\cocos\2d\..\..\external\breakpad" /I"E:\Pokemon\Scarlet\MyLuaGame\frameworks\cocos2d-x\cocos\2d\..\..\external\uv\include" /I"E:\Pokemon\Scarlet\MyLuaGame\frameworks\cocos2d-x\cocos\2d\..\..\external\sqlite3\include" /I"E:\Pokemon\Scarlet\MyLuaGame\frameworks\cocos2d-x\cocos\2d\..\..\external\unzip" /I"E:\Pokemon\Scarlet\MyLuaGame\frameworks\cocos2d-x\cocos\2d\..\..\external\edtaa3func" /I"E:\Pokemon\Scarlet\MyLuaGame\frameworks\cocos2d-x\cocos\2d\..\..\external\tinyxml2" /I"E:\Pokemon\Scarlet\MyLuaGame\frameworks\cocos2d-x\cocos\2d\..\..\external\png\include\win32" /I"E:\Pokemon\Scarlet\MyLuaGame\frameworks\cocos2d-x\cocos\2d\..\..\external\jpeg\include\win32" /I"E:\Pokemon\Scarlet\MyLuaGame\frameworks\cocos2d-x\cocos\2d\..\..\external\tiff\include\win32" /I"E:\Pokemon\Scarlet\MyLuaGame\frameworks\cocos2d-x\cocos\2d\..\..\external\webp\include\win32" /I"E:\Pokemon\Scarlet\MyLuaGame\frameworks\cocos2d-x\cocos\2d\..\..\external\freetype2\include\win32" /I"E:\Pokemon\Scarlet\MyLuaGame\frameworks\cocos2d-x\cocos\2d\..\..\external\win32-specific\OpenalSoft\include" /I"E:\Pokemon\Scarlet\MyLuaGame\frameworks\cocos2d-x\cocos\2d\..\..\external\win32-specific\MP3Decoder\include" /I"E:\Pokemon\Scarlet\MyLuaGame\frameworks\cocos2d-x\cocos\2d\..\..\external\win32-specific\OggDecoder\include" /I"E:\Pokemon\Scarlet\MyLuaGame\frameworks\cocos2d-x\cocos\2d\..\..\external\win32-specific\icon\include" /I"E:\Pokemon\Scarlet\MyLuaGame\frameworks\cocos2d-x\cocos\2d\..\..\external\win32-specific\zlib\include" /I"E:\Pokemon\Scarlet\MyLuaGame\frameworks\cocos2d-x\cocos\2d\..\..\external\chipmunk\include" /I"E:\Pokemon\Scarlet\MyLuaGame\frameworks\cocos2d-x\cocos\2d\..\..\external\xxhash" /I"E:\Pokemon\Scarlet\MyLuaGame\frameworks\cocos2d-x\cocos\2d\..\..\external\ConvertUTF" /I"E:\Pokemon\Scarlet\MyLuaGame\frameworks\cocos2d-x\cocos\2d\..\..\external\curl\include\win32" /I"E:\Pokemon\Scarlet\MyLuaGame\frameworks\cocos2d-x\cocos\2d\..\..\external\websockets\include\win32" /I"E:\Pokemon\Scarlet\MyLuaGame\frameworks\cocos2d-x\cocos\2d\..\..\external\poly2tri\common" /I"E:\Pokemon\Scarlet\MyLuaGame\frameworks\cocos2d-x\cocos\2d\..\..\external\poly2tri\sweep" /I"E:\Pokemon\Scarlet\MyLuaGame\frameworks\cocos2d-x\cocos\2d\..\..\external\poly2tri" /I"E:\Pokemon\Scarlet\MyLuaGame\frameworks\cocos2d-x\cocos\2d\..\..\external" /I"E:\Pokemon\Scarlet\MyLuaGame\frameworks\cocos2d-x\cocos\2d\..\..\ymextra" /I"E:\Pokemon\Scarlet\MyLuaGame\frameworks\cocos2d-x\cocos\2d\..\..\cocos" /I"E:\Pokemon\Scarlet\MyLuaGame\frameworks\cocos2d-x\cocos\2d\..\..\cocos\editor-support" /I"E:\Pokemon\Scarlet\MyLuaGame\frameworks\cocos2d-x\cocos\2d\..\..\cocos\platform\win8.1-universal" /I"E:\Pokemon\Scarlet\MyLuaGame\frameworks\cocos2d-x\cocos\2d\..\..\extensions" /I"E:\Pokemon\Scarlet\MyLuaGame\frameworks\cocos2d-x\cocos\2d\..\..\\" /I"E:\Pokemon\Scarlet\MyLuaGame\frameworks\cocos2d-x\cocos\2d\..\..\cocos" /I"E:\Pokemon\Scarlet\MyLuaGame\frameworks\cocos2d-x\cocos\2d\..\..\cocos/editor-support" /I"E:\Pokemon\Scarlet\MyLuaGame\frameworks\cocos2d-x\cocos\2d\..\..\external\glfw3\include\win32" /I"E:\Pokemon\Scarlet\MyLuaGame\frameworks\cocos2d-x\cocos\2d\..\..\external\win32-specific\gles\include\OGLES" /I"E:\Pokemon\Scarlet\MyLuaGame\frameworks\cocos2d-x\cocos\2d\..\..\external\freetype2\include\win32\freetype2" /I"E:\Pokemon\Scarlet\MyLuaGame\frameworks\cocos2d-x\cocos\2d\..\..\external\freetype2\include\win32\\" /I"E:\Pokemon\Scarlet\MyLuaGame\frameworks\cocos2d-x\cocos\2d\..\..\external" /I"E:\Pokemon\Scarlet\MyLuaGame\frameworks\cocos2d-x\cocos\2d\..\..\external\openssl\include\win32" /Z7 /nologo /W3 /WX- /MP /Od /Oy- /D WIN32 /D _USRDLL /D _USREXDLL /D _DEBUG /D _WINDOWS /D _LIB /D LWS_DLL /D COCOS2DXWIN32_EXPORTS /D GL_GLEXT_PROTOTYPES /D COCOS2D_DEBUG=1 /D _CRT_SECURE_NO_WARNINGS /D _SCL_SECURE_NO_WARNINGS /D _USE3DDLL /D _EXPORT_DLL_ /D _USRSTUDIODLL /D _USEGUIDLL /D CC_ENABLE_CHIPMUNK_INTEGRATION=0 /D PROTOBUF_USE_DLLS /D LIBPROTOBUF_EXPORTS /D _VARIADIC_MAX=10 /D _USING_V110_SDK71_ /D _WINDLL /D _UNICODE /D UNICODE /Gm- /EHsc /RTC1 /MDd /GS /fp:precise /Zc:wchar_t /Zc:forScope /Fo"Debug.win32\\" /Fd"Debug.win32\vc120.pdb" /Gd /TC /wd4267 /wd4251 /wd4244 /analyze- /errorReport:prompt -Zm256 "..\..\ymextra\crypto\AES\rijndael-alg-fst.c" "..\..\ymextra\crypto\AES\rijndael-api-fst.c" ..\..\ymextra\crypto\base64\libbase64.c ..\..\ymextra\crypto\lz4\lz4.c ..\..\ymextra\crypto\lz4\lz4hc.c ..\..\ymextra\crypto\md5\md5_.c ..\..\ymextra\crypto\xxtea\xxtea_.c
         rijndael-alg-fst.c
         rijndael-api-fst.c
         libbase64.c
         lz4.c
         lz4hc.c
         md5_.c
         xxtea_.c
       PreLinkEvent:
         if not exist "E:\Pokemon\Scarlet\MyLuaGame\frameworks\runtime-src\proj.win32\Debug.win32\" mkdir "E:\Pokemon\Scarlet\MyLuaGame\frameworks\runtime-src\proj.win32\Debug.win32\"
         xcopy /Y /Q "E:\Pokemon\Scarlet\MyLuaGame\frameworks\cocos2d-x\cocos\2d\..\..\external\freetype2\prebuilt\win32\*.*" "E:\Pokemon\Scarlet\MyLuaGame\frameworks\runtime-src\proj.win32\Debug.win32\"
         xcopy /Y /Q "E:\Pokemon\Scarlet\MyLuaGame\frameworks\cocos2d-x\cocos\2d\..\..\external\glfw3\prebuilt\win32\*.*" "E:\Pokemon\Scarlet\MyLuaGame\frameworks\runtime-src\proj.win32\Debug.win32\"
         xcopy /Y /Q "E:\Pokemon\Scarlet\MyLuaGame\frameworks\cocos2d-x\cocos\2d\..\..\external\curl\prebuilt\win32\*.*" "E:\Pokemon\Scarlet\MyLuaGame\frameworks\runtime-src\proj.win32\Debug.win32\"
         xcopy /Y /Q "E:\Pokemon\Scarlet\MyLuaGame\frameworks\cocos2d-x\cocos\2d\..\..\external\jpeg\prebuilt\win32\*.*" "E:\Pokemon\Scarlet\MyLuaGame\frameworks\runtime-src\proj.win32\Debug.win32\"
         xcopy /Y /Q "E:\Pokemon\Scarlet\MyLuaGame\frameworks\cocos2d-x\cocos\2d\..\..\external\png\prebuilt\win32\*.*" "E:\Pokemon\Scarlet\MyLuaGame\frameworks\runtime-src\proj.win32\Debug.win32\"
         xcopy /Y /Q "E:\Pokemon\Scarlet\MyLuaGame\frameworks\cocos2d-x\cocos\2d\..\..\external\tiff\prebuilt\win32\*.*" "E:\Pokemon\Scarlet\MyLuaGame\frameworks\runtime-src\proj.win32\Debug.win32\"
         xcopy /Y /Q "E:\Pokemon\Scarlet\MyLuaGame\frameworks\cocos2d-x\cocos\2d\..\..\external\webp\prebuilt\win32\*.*" "E:\Pokemon\Scarlet\MyLuaGame\frameworks\runtime-src\proj.win32\Debug.win32\"
         xcopy /Y /Q "E:\Pokemon\Scarlet\MyLuaGame\frameworks\cocos2d-x\cocos\2d\..\..\external\websockets\prebuilt\win32\*.*" "E:\Pokemon\Scarlet\MyLuaGame\frameworks\runtime-src\proj.win32\Debug.win32\"
         xcopy /Y /Q "E:\Pokemon\Scarlet\MyLuaGame\frameworks\cocos2d-x\cocos\2d\..\..\external\win32-specific\zlib\prebuilt\*.*" "E:\Pokemon\Scarlet\MyLuaGame\frameworks\runtime-src\proj.win32\Debug.win32\"
         xcopy /Y /Q "E:\Pokemon\Scarlet\MyLuaGame\frameworks\cocos2d-x\cocos\2d\..\..\external\win32-specific\icon\prebuilt\*.*" "E:\Pokemon\Scarlet\MyLuaGame\frameworks\runtime-src\proj.win32\Debug.win32\"
         xcopy /Y /Q "E:\Pokemon\Scarlet\MyLuaGame\frameworks\cocos2d-x\cocos\2d\..\..\external\win32-specific\gles\prebuilt\*.*" "E:\Pokemon\Scarlet\MyLuaGame\frameworks\runtime-src\proj.win32\Debug.win32\"
         xcopy /Y /Q "E:\Pokemon\Scarlet\MyLuaGame\frameworks\cocos2d-x\cocos\2d\..\..\external\win32-specific\OpenalSoft\prebuilt\*.*" "E:\Pokemon\Scarlet\MyLuaGame\frameworks\runtime-src\proj.win32\Debug.win32\"
         xcopy /Y /Q "E:\Pokemon\Scarlet\MyLuaGame\frameworks\cocos2d-x\cocos\2d\..\..\external\win32-specific\MP3Decoder\prebuilt\*.*" "E:\Pokemon\Scarlet\MyLuaGame\frameworks\runtime-src\proj.win32\Debug.win32\"
         xcopy /Y /Q "E:\Pokemon\Scarlet\MyLuaGame\frameworks\cocos2d-x\cocos\2d\..\..\external\win32-specific\OggDecoder\prebuilt\*.*" "E:\Pokemon\Scarlet\MyLuaGame\frameworks\runtime-src\proj.win32\Debug.win32\"
         xcopy /Y /Q "E:\Pokemon\Scarlet\MyLuaGame\frameworks\cocos2d-x\cocos\2d\..\..\external\sqlite3\libraries\win32\*.*" "E:\Pokemon\Scarlet\MyLuaGame\frameworks\runtime-src\proj.win32\Debug.win32\"
         xcopy /Y /Q "E:\Pokemon\Scarlet\MyLuaGame\frameworks\cocos2d-x\cocos\2d\..\..\external\chipmunk\prebuilt\win32\release-lib\*.*" "E:\Pokemon\Scarlet\MyLuaGame\frameworks\runtime-src\proj.win32\Debug.win32\"
         xcopy /Y /Q "E:\Pokemon\Scarlet\MyLuaGame\frameworks\cocos2d-x\cocos\2d\..\..\external\openssl\prebuilt\win32\*.*" "E:\Pokemon\Scarlet\MyLuaGame\frameworks\runtime-src\proj.win32\Debug.win32\"
         xcopy /Y /Q "E:\Pokemon\Scarlet\MyLuaGame\frameworks\cocos2d-x\cocos\2d\..\..\external\uv\prebuilt\win32\*.*" "E:\Pokemon\Scarlet\MyLuaGame\frameworks\runtime-src\proj.win32\Debug.win32\"
         :VCEnd
         1 File(s) copied
         1 File(s) copied
         2 File(s) copied
         1 File(s) copied
         1 File(s) copied
         File not found - *.*
         0 File(s) copied
         File not found - *.*
         0 File(s) copied
         2 File(s) copied
         2 File(s) copied
         2 File(s) copied
         2 File(s) copied
         2 File(s) copied
         2 File(s) copied
         6 File(s) copied
         2 File(s) copied
         File not found - *.*
         0 File(s) copied
         4 File(s) copied
         2 File(s) copied
       Link:
         C:\Program Files (x86)\Microsoft Visual Studio 12.0\VC\bin\link.exe /ERRORREPORT:PROMPT /OUT:"E:\Pokemon\Scarlet\MyLuaGame\frameworks\runtime-src\proj.win32\Debug.win32\libcocos2d.dll" /INCREMENTAL:NO /NOLOGO /LIBPATH:"E:\Pokemon\Scarlet\MyLuaGame\frameworks\runtime-src\proj.win32\Debug.win32\\" /LIBPATH:"E:\Pokemon\Scarlet\MyLuaGame\frameworks\cocos2d-x\cocos\2d\..\..\external\breakpad\prebuilt\win32\\" /LIBPATH:"E:\Pokemon\Scarlet\MyLuaGame\frameworks\cocos2d-x\cocos\2d\..\..\external\uv\prebuilt\win32\\" /LIBPATH:"E:\Pokemon\Scarlet\MyLuaGame\frameworks\cocos2d-x\cocos\2d\..\..\external\curl\prebuilt\win32\\" /LIBPATH:"C:\Program Files (x86)\IntelSWTools\VTune Profiler 2020\lib32" /LIBPATH:"E:\Pokemon\Scarlet\MyLuaGame\frameworks\runtime-src\proj.win32\Debug.win32\\" Wininet.lib sqlite3.lib libcurl.lib websockets.lib libcrypto.lib libssl.lib libmpg123.lib libogg.lib libvorbis.lib libvorbisfile.lib OpenAL32.lib version.lib uv_a.lib opengl32.lib glew32.lib libzlib.lib libiconv.lib freetype.lib winmm.lib ws2_32.lib libSpine.lib libpng.lib libjpeg.lib glfw3.lib kernel32.lib user32.lib gdi32.lib winspool.lib comdlg32.lib advapi32.lib shell32.lib ole32.lib oleaut32.lib uuid.lib odbc32.lib odbccp32.lib /NODEFAULTLIB:libcmtd.lib /DEF:"cocos2d.def" /MANIFEST /MANIFESTUAC:"level='asInvoker' uiAccess='false'" /manifest:embed /DEBUG /PDB:"E:\Pokemon\Scarlet\MyLuaGame\frameworks\cocos2d-x\cocos\2d\../../../../simulator/win32/libcocos2d.pdb" /SUBSYSTEM:WINDOWS,"5.01" /TLBID:1 /DYNAMICBASE /NXCOMPAT /IMPLIB:"E:\Pokemon\Scarlet\MyLuaGame\frameworks\runtime-src\proj.win32\Debug.win32\libcocos2d.lib" /MACHINE:X86 /PROFILE /SAFESEH /DLL Debug.win32\AssetsManagerEx.obj
         Debug.win32\CCEventAssetsManagerEx.obj
         Debug.win32\CCEventListenerAssetsManagerEx.obj
         Debug.win32\Difflist.obj
         Debug.win32\Manifest.obj
         Debug.win32\VersionUtils.obj
         Debug.win32\CCControl.obj
         Debug.win32\CCControlButton.obj
         Debug.win32\CCControlColourPicker.obj
         Debug.win32\CCControlHuePicker.obj
         Debug.win32\CCControlPotentiometer.obj
         Debug.win32\CCControlSaturationBrightnessPicker.obj
         Debug.win32\CCControlSlider.obj
         Debug.win32\CCControlStepper.obj
         Debug.win32\CCControlSwitch.obj
         Debug.win32\CCControlUtils.obj
         Debug.win32\CCInvocation.obj
         Debug.win32\CCScrollView.obj
         Debug.win32\CCTableView.obj
         Debug.win32\CCTableViewCell.obj
         Debug.win32\CCPhysicsDebugNode.obj
         Debug.win32\CCPhysicsSprite.obj
         Debug.win32\clipper.obj
         Debug.win32\ConvertUTF.obj
         Debug.win32\ConvertUTFWrapper.obj
         Debug.win32\edtaa3func.obj
         Debug.win32\idl_gen_cpp.obj
         Debug.win32\idl_gen_fbs.obj
         Debug.win32\idl_gen_general.obj
         Debug.win32\idl_gen_go.obj
         Debug.win32\idl_gen_text.obj
         Debug.win32\idl_parser.obj
         Debug.win32\md5.obj
         Debug.win32\shapes.obj
         Debug.win32\advancing_front.obj
         Debug.win32\cdt.obj
         Debug.win32\sweep.obj
         Debug.win32\sweep_context.obj
         Debug.win32\tinyxml2.obj
         Debug.win32\ioapi_mem.obj
         Debug.win32\ioapi.obj
         Debug.win32\unzip.obj
         Debug.win32\xxhash.obj
         Debug.win32\xxtea.obj
         "Debug.win32\rijndael-alg-fst.obj"
         "Debug.win32\rijndael-api-fst.obj"
         Debug.win32\libbase64.obj
         Debug.win32\CCCrypto.obj
         Debug.win32\lz4.obj
         Debug.win32\lz4hc.obj
         Debug.win32\md5_.obj
         Debug.win32\xxtea_.obj
         Debug.win32\AudioEngine.obj
         Debug.win32\AudioCache.obj
         Debug.win32\AudioDecoder.obj
         Debug.win32\AudioDecoderManager.obj
         Debug.win32\AudioDecoderMp3.obj
         Debug.win32\AudioDecoderOgg.obj
         "Debug.win32\AudioEngine-win32.obj"
         Debug.win32\AudioPlayer.obj
         Debug.win32\MciPlayer.obj
         Debug.win32\SimpleAudioEngine.obj
         Debug.win32\CCAllocatorDiagnostics.obj
         Debug.win32\CCAllocatorGlobal.obj
         Debug.win32\CCAllocatorGlobalNewDelete.obj
         Debug.win32\TJAllocator.obj
         Debug.win32\atitc.obj
         Debug.win32\base64.obj
         Debug.win32\CCAsyncTaskPool.obj
         Debug.win32\CCAutoreleasePool.obj
         Debug.win32\ccCArray.obj
         Debug.win32\CCConfiguration.obj
         Debug.win32\CCConsole.obj
         Debug.win32\CCController.obj
         "Debug.win32\CCController-linux-win32.obj"
         Debug.win32\CCData.obj
         Debug.win32\CCDataVisitor.obj
         Debug.win32\CCDirector.obj
         Debug.win32\CCEvent.obj
         Debug.win32\CCEventAcceleration.obj
         Debug.win32\CCEventController.obj
         Debug.win32\CCEventCustom.obj
         Debug.win32\CCEventDispatcher.obj
         Debug.win32\CCEventFocus.obj
         Debug.win32\CCEventKeyboard.obj
         Debug.win32\CCEventListener.obj
         Debug.win32\CCEventListenerAcceleration.obj
         Debug.win32\CCEventListenerController.obj
         Debug.win32\CCEventListenerCustom.obj
         Debug.win32\CCEventListenerFocus.obj
         Debug.win32\CCEventListenerKeyboard.obj
         Debug.win32\CCEventListenerMouse.obj
         Debug.win32\CCEventListenerTouch.obj
         Debug.win32\CCEventMouse.obj
         Debug.win32\CCEventTouch.obj
         Debug.win32\ccFPSImages.obj
         Debug.win32\CCIMEDispatcher.obj
         Debug.win32\CCNinePatchImageParser.obj
         Debug.win32\CCStencilStateManager.obj
         Debug.win32\CCNS.obj
         Debug.win32\CCProfiling.obj
         Debug.win32\CCProperties.obj
         Debug.win32\ccRandom.obj
         Debug.win32\CCRef.obj
         Debug.win32\CCScheduler.obj
         Debug.win32\CCScriptSupport.obj
         Debug.win32\CCTouch.obj
         Debug.win32\ccTypes.obj
         Debug.win32\CCUserDefault.obj
         Debug.win32\ccUTF8.obj
         Debug.win32\ccUtils.obj
         Debug.win32\CCValue.obj
         Debug.win32\etc1.obj
         Debug.win32\pvr.obj
         Debug.win32\ObjectFactory.obj
         Debug.win32\s3tc.obj
         Debug.win32\TGAlib.obj
         Debug.win32\TJThreadPool.obj
         Debug.win32\ZipUtils.obj
         Debug.win32\cocos2d.obj
         Debug.win32\CCArray.obj
         Debug.win32\CCDeprecated.obj
         Debug.win32\CCDictionary.obj
         Debug.win32\CCNotificationCenter.obj
         Debug.win32\CCSet.obj
         Debug.win32\CCString.obj
         Debug.win32\CCActionTimeline.obj
         Debug.win32\CCActionTimelineCache.obj
         Debug.win32\CCActionTimelineNode.obj
         Debug.win32\CCBoneNode.obj
         Debug.win32\CCFrame.obj
         Debug.win32\CCSkeletonNode.obj
         Debug.win32\CCSkinNode.obj
         Debug.win32\CCTimeLine.obj
         Debug.win32\CSLoader.obj
         Debug.win32\CCActionFrame.obj
         Debug.win32\CCActionFrameEasing.obj
         Debug.win32\CCActionManagerEx.obj
         Debug.win32\CCActionNode.obj
         Debug.win32\CCActionObject.obj
         Debug.win32\CCArmature.obj
         Debug.win32\CCArmatureAnimation.obj
         Debug.win32\CCArmatureDataManager.obj
         Debug.win32\CCArmatureDefine.obj
         Debug.win32\CCBatchNode.obj
         Debug.win32\CCBone.obj
         Debug.win32\CCColliderDetector.obj
         Debug.win32\CCComAttribute.obj
         Debug.win32\CCComAudio.obj
         Debug.win32\CCComController.obj
         Debug.win32\CCComRender.obj
         Debug.win32\CCDataReaderHelper.obj
         Debug.win32\CCDatas.obj
         Debug.win32\CCDecorativeDisplay.obj
         Debug.win32\CCDisplayFactory.obj
         Debug.win32\CCDisplayManager.obj
         Debug.win32\CCInputDelegate.obj
         Debug.win32\CCComExtensionData.obj
         Debug.win32\CCProcessBase.obj
         Debug.win32\CCSGUIReader.obj
         Debug.win32\CCSkin.obj
         Debug.win32\CCSpriteFrameCacheHelper.obj
         Debug.win32\CCSSceneReader.obj
         Debug.win32\CCTransformHelp.obj
         Debug.win32\CCTween.obj
         Debug.win32\CCUtilMath.obj
         Debug.win32\CocoLoader.obj
         Debug.win32\CocoStudio.obj
         Debug.win32\DictionaryHelper.obj
         Debug.win32\FlatBuffersSerialize.obj
         Debug.win32\LocalizationManager.obj
         Debug.win32\TriggerBase.obj
         Debug.win32\TriggerMng.obj
         Debug.win32\TriggerObj.obj
         Debug.win32\WidgetCallBackHandlerProtocol.obj
         Debug.win32\ArmatureNodeReader.obj
         Debug.win32\ButtonReader.obj
         Debug.win32\CheckBoxReader.obj
         Debug.win32\ComAudioReader.obj
         Debug.win32\GameMapReader.obj
         Debug.win32\ImageViewReader.obj
         Debug.win32\LayoutReader.obj
         Debug.win32\ListViewReader.obj
         Debug.win32\LoadingBarReader.obj
         Debug.win32\NodeReaderDefine.obj
         Debug.win32\NodeReaderProtocol.obj
         Debug.win32\NodeReader.obj
         Debug.win32\PageViewReader.obj
         Debug.win32\ParticleReader.obj
         Debug.win32\ProjectNodeReader.obj
         Debug.win32\ScrollViewReader.obj
         Debug.win32\SingleNodeReader.obj
         Debug.win32\BoneNodeReader.obj
         Debug.win32\SkeletonNodeReader.obj
         Debug.win32\SliderReader.obj
         Debug.win32\SpriteReader.obj
         Debug.win32\TabControlReader.obj
         Debug.win32\TextAtlasReader.obj
         Debug.win32\TextBMFontReader.obj
         Debug.win32\TextFieldReader.obj
         Debug.win32\TextReader.obj
         Debug.win32\WidgetReader.obj
         Debug.win32\CCAffineTransform.obj
         Debug.win32\CCGeometry.obj
         Debug.win32\CCVertex.obj
         Debug.win32\Mat4.obj
         Debug.win32\MathUtil.obj
         Debug.win32\Quaternion.obj
         Debug.win32\TransformUtils.obj
         Debug.win32\Vec2.obj
         Debug.win32\Vec3.obj
         Debug.win32\Vec4.obj
         "Debug.win32\CCDownloader-curl.obj"
         Debug.win32\CCDownloader.obj
         Debug.win32\HttpClient.obj
         Debug.win32\SocketIO.obj
         Debug.win32\Uri.obj
         Debug.win32\WebSocket.obj
         Debug.win32\CCPhysicsBody.obj
         Debug.win32\CCPhysicsContact.obj
         Debug.win32\CCPhysicsJoint.obj
         Debug.win32\CCPhysicsShape.obj
         Debug.win32\CCPhysicsWorld.obj
         Debug.win32\CCFileUtils.obj
         Debug.win32\CCGLView.obj
         Debug.win32\CCImage.obj
         Debug.win32\CCSAXParser.obj
         Debug.win32\CCThread.obj
         "Debug.win32\CCGLViewImpl-desktop.obj"
         Debug.win32\TJCommon.obj
         "Debug.win32\CCApplication-win32.obj"
         "Debug.win32\CCCommon-win32.obj"
         "Debug.win32\CCDevice-win32.obj"
         "Debug.win32\CCFileUtils-win32.obj"
         "Debug.win32\CCStdC-win32.obj"
         "Debug.win32\CCUtils-win32.obj"
         Debug.win32\precheader.obj
         Debug.win32\CCBatchCommand.obj
         Debug.win32\CCCustomCommand.obj
         Debug.win32\CCFrameBuffer.obj
         Debug.win32\CCGLProgram.obj
         Debug.win32\CCGLProgramCache.obj
         Debug.win32\CCGLProgramState.obj
         Debug.win32\CCGLProgramStateCache.obj
         Debug.win32\ccGLStateCache.obj
         Debug.win32\CCGroupCommand.obj
         Debug.win32\CCMaterial.obj
         Debug.win32\CCMeshCommand.obj
         Debug.win32\CCPass.obj
         Debug.win32\CCPrimitive.obj
         Debug.win32\CCPrimitiveCommand.obj
         Debug.win32\CCQuadCommand.obj
         Debug.win32\CCRenderCommand.obj
         Debug.win32\CCRenderer.obj
         Debug.win32\CCRenderState.obj
         Debug.win32\ccShaders.obj
         Debug.win32\CCTechnique.obj
         Debug.win32\CCTexture2D.obj
         Debug.win32\CCTextureAtlas.obj
         Debug.win32\CCTextureCache.obj
         Debug.win32\CCTextureCube.obj
         Debug.win32\CCTrianglesCommand.obj
         Debug.win32\CCVertexAttribBinding.obj
         Debug.win32\CCVertexIndexBuffer.obj
         Debug.win32\CCVertexIndexData.obj
         Debug.win32\TJHierarchyDraw.obj
         Debug.win32\LocalStorage.obj
         Debug.win32\CocosGUI.obj
         Debug.win32\UIButton.obj
         Debug.win32\UIAbstractCheckButton.obj
         Debug.win32\UICheckBox.obj
         "Debug.win32\UIEditBoxImpl-common.obj"
         Debug.win32\UIRadioButton.obj
         Debug.win32\UIDeprecated.obj
         Debug.win32\UIEditBox.obj
         "Debug.win32\UIEditBoxImpl-win32.obj"
         Debug.win32\UIHBox.obj
         Debug.win32\UIHelper.obj
         Debug.win32\UIImageView.obj
         Debug.win32\UILayout.obj
         Debug.win32\UILayoutComponent.obj
         Debug.win32\UILayoutManager.obj
         Debug.win32\UILayoutParameter.obj
         Debug.win32\UIListView.obj
         Debug.win32\UILoadingBar.obj
         Debug.win32\UIPageView.obj
         Debug.win32\UIPageViewIndicator.obj
         Debug.win32\UIRelativeBox.obj
         Debug.win32\UIRichText.obj
         Debug.win32\UIScale9Sprite.obj
         Debug.win32\UIScrollView.obj
         Debug.win32\UIScrollViewBar.obj
         Debug.win32\UISlider.obj
         Debug.win32\UITabControl.obj
         Debug.win32\UIText.obj
         Debug.win32\UITextAtlas.obj
         Debug.win32\UITextBMFont.obj
         Debug.win32\UITextField.obj
         Debug.win32\UIVBox.obj
         Debug.win32\UIWebView.obj
         Debug.win32\UIWidget.obj
         Debug.win32\CCAction.obj
         Debug.win32\CCActionCamera.obj
         Debug.win32\CCActionCatmullRom.obj
         Debug.win32\CCActionEase.obj
         Debug.win32\CCActionGrid.obj
         Debug.win32\CCActionGrid3D.obj
         Debug.win32\CCActionInstant.obj
         Debug.win32\CCActionInterval.obj
         Debug.win32\CCActionManager.obj
         Debug.win32\CCActionPageTurn3D.obj
         Debug.win32\CCActionProgressTimer.obj
         Debug.win32\CCActionTiledGrid.obj
         Debug.win32\CCActionTween.obj
         Debug.win32\CCAnimation.obj
         Debug.win32\CCAnimationCache.obj
         Debug.win32\CCAtlasNode.obj
         Debug.win32\CCAutoPolygon.obj
         Debug.win32\CCCamera.obj
         Debug.win32\CCCameraBackgroundBrush.obj
         Debug.win32\CCClippingNode.obj
         Debug.win32\CCClippingRectangleNode.obj
         Debug.win32\CCComponent.obj
         Debug.win32\CCComponentContainer.obj
         Debug.win32\CCDrawingPrimitives.obj
         Debug.win32\CCDrawNode.obj
         Debug.win32\CCFastTMXLayer.obj
         Debug.win32\CCFastTMXTiledMap.obj
         Debug.win32\CCFontAtlas.obj
         Debug.win32\CCFontAtlasCache.obj
         Debug.win32\CCFontCharMap.obj
         Debug.win32\CCFontFNT.obj
         Debug.win32\CCFontFreeType.obj
         Debug.win32\CCGLBufferedNode.obj
         Debug.win32\CCGrabber.obj
         Debug.win32\CCGrid.obj
         Debug.win32\CCLabel.obj
         Debug.win32\CCLabelAtlas.obj
         Debug.win32\CCLabelBMFont.obj
         Debug.win32\CCLabelTextFormatter.obj
         Debug.win32\CCLabelTTF.obj
         Debug.win32\CCLayer.obj
         Debug.win32\CCLight.obj
         Debug.win32\CCMenu.obj
         Debug.win32\CCMenuItem.obj
         Debug.win32\CCMotionStreak.obj
         Debug.win32\CCNode.obj
         Debug.win32\CCNodeGrid.obj
         Debug.win32\CCParallaxNode.obj
         Debug.win32\CCParticleBatchNode.obj
         Debug.win32\CCParticleExamples.obj
         Debug.win32\CCParticleSystem.obj
         Debug.win32\CCParticleSystemQuad.obj
         Debug.win32\CCProgressTimer.obj
         Debug.win32\CCProtectedNode.obj
         Debug.win32\CCRenderTexture.obj
         Debug.win32\CCScene.obj
         Debug.win32\CCSprite.obj
         Debug.win32\CCSpriteBatchNode.obj
         Debug.win32\CCSpriteFrame.obj
         Debug.win32\CCSpriteFrameCache.obj
         Debug.win32\CCTextFieldTTF.obj
         Debug.win32\CCTileMapAtlas.obj
         Debug.win32\CCTMXLayer.obj
         Debug.win32\CCTMXObjectGroup.obj
         Debug.win32\CCTMXTiledMap.obj
         Debug.win32\CCTMXXMLParser.obj
         Debug.win32\CCTransition.obj
         Debug.win32\CCTransitionPageTurn.obj
         Debug.win32\CCTransitionProgress.obj
         Debug.win32\CCTweenFunction.obj
         "E:\Pokemon\Scarlet\MyLuaGame\frameworks\runtime-src\proj.win32\Debug.win32\libSpine.lib"
            Creating library E:\Pokemon\Scarlet\MyLuaGame\frameworks\runtime-src\proj.win32\Debug.win32\libcocos2d.lib and object E:\Pokemon\Scarlet\MyLuaGame\frameworks\runtime-src\proj.win32\Debug.win32\libcocos2d.exp
     1>LINK : warning LNK4098: defaultlib 'LIBCMT' conflicts with use of other libs; use /NODEFAULTLIB:library
     1>LINK : warning LNK4098: defaultlib 'MSVCRT' conflicts with use of other libs; use /NODEFAULTLIB:library
     1>libjpeg.lib(jcapimin.obj) : warning LNK4099: PDB 'vc110.pdb' was not found with 'libjpeg.lib(jcapimin.obj)' or at 'E:\Pokemon\Scarlet\MyLuaGame\simulator\win32\vc110.pdb'; linking object as if no debug info
     1>libjpeg.lib(jcapistd.obj) : warning LNK4099: PDB 'vc110.pdb' was not found with 'libjpeg.lib(jcapistd.obj)' or at 'E:\Pokemon\Scarlet\MyLuaGame\simulator\win32\vc110.pdb'; linking object as if no debug info
     1>libjpeg.lib(jcarith.obj) : warning LNK4099: PDB 'vc110.pdb' was not found with 'libjpeg.lib(jcarith.obj)' or at 'E:\Pokemon\Scarlet\MyLuaGame\simulator\win32\vc110.pdb'; linking object as if no debug info
     1>libjpeg.lib(jcparam.obj) : warning LNK4099: PDB 'vc110.pdb' was not found with 'libjpeg.lib(jcparam.obj)' or at 'E:\Pokemon\Scarlet\MyLuaGame\simulator\win32\vc110.pdb'; linking object as if no debug info
     1>libjpeg.lib(jdatadst.obj) : warning LNK4099: PDB 'vc110.pdb' was not found with 'libjpeg.lib(jdatadst.obj)' or at 'E:\Pokemon\Scarlet\MyLuaGame\simulator\win32\vc110.pdb'; linking object as if no debug info
     1>libjpeg.lib(jcinit.obj) : warning LNK4099: PDB 'vc110.pdb' was not found with 'libjpeg.lib(jcinit.obj)' or at 'E:\Pokemon\Scarlet\MyLuaGame\simulator\win32\vc110.pdb'; linking object as if no debug info
     1>libjpeg.lib(jcmaster.obj) : warning LNK4099: PDB 'vc110.pdb' was not found with 'libjpeg.lib(jcmaster.obj)' or at 'E:\Pokemon\Scarlet\MyLuaGame\simulator\win32\vc110.pdb'; linking object as if no debug info
     1>libjpeg.lib(jcmarker.obj) : warning LNK4099: PDB 'vc110.pdb' was not found with 'libjpeg.lib(jcmarker.obj)' or at 'E:\Pokemon\Scarlet\MyLuaGame\simulator\win32\vc110.pdb'; linking object as if no debug info
     1>libjpeg.lib(jcmainct.obj) : warning LNK4099: PDB 'vc110.pdb' was not found with 'libjpeg.lib(jcmainct.obj)' or at 'E:\Pokemon\Scarlet\MyLuaGame\simulator\win32\vc110.pdb'; linking object as if no debug info
     1>libjpeg.lib(jcprepct.obj) : warning LNK4099: PDB 'vc110.pdb' was not found with 'libjpeg.lib(jcprepct.obj)' or at 'E:\Pokemon\Scarlet\MyLuaGame\simulator\win32\vc110.pdb'; linking object as if no debug info
     1>libjpeg.lib(jccoefct.obj) : warning LNK4099: PDB 'vc110.pdb' was not found with 'libjpeg.lib(jccoefct.obj)' or at 'E:\Pokemon\Scarlet\MyLuaGame\simulator\win32\vc110.pdb'; linking object as if no debug info
     1>libjpeg.lib(jccolor.obj) : warning LNK4099: PDB 'vc110.pdb' was not found with 'libjpeg.lib(jccolor.obj)' or at 'E:\Pokemon\Scarlet\MyLuaGame\simulator\win32\vc110.pdb'; linking object as if no debug info
     1>libjpeg.lib(jcsample.obj) : warning LNK4099: PDB 'vc110.pdb' was not found with 'libjpeg.lib(jcsample.obj)' or at 'E:\Pokemon\Scarlet\MyLuaGame\simulator\win32\vc110.pdb'; linking object as if no debug info
     1>libjpeg.lib(jchuff.obj) : warning LNK4099: PDB 'vc110.pdb' was not found with 'libjpeg.lib(jchuff.obj)' or at 'E:\Pokemon\Scarlet\MyLuaGame\simulator\win32\vc110.pdb'; linking object as if no debug info
     1>libjpeg.lib(jcdctmgr.obj) : warning LNK4099: PDB 'vc110.pdb' was not found with 'libjpeg.lib(jcdctmgr.obj)' or at 'E:\Pokemon\Scarlet\MyLuaGame\simulator\win32\vc110.pdb'; linking object as if no debug info
     1>libjpeg.lib(jfdctfst.obj) : warning LNK4099: PDB 'vc110.pdb' was not found with 'libjpeg.lib(jfdctfst.obj)' or at 'E:\Pokemon\Scarlet\MyLuaGame\simulator\win32\vc110.pdb'; linking object as if no debug info
     1>libjpeg.lib(jfdctflt.obj) : warning LNK4099: PDB 'vc110.pdb' was not found with 'libjpeg.lib(jfdctflt.obj)' or at 'E:\Pokemon\Scarlet\MyLuaGame\simulator\win32\vc110.pdb'; linking object as if no debug info
     1>libjpeg.lib(jfdctint.obj) : warning LNK4099: PDB 'vc110.pdb' was not found with 'libjpeg.lib(jfdctint.obj)' or at 'E:\Pokemon\Scarlet\MyLuaGame\simulator\win32\vc110.pdb'; linking object as if no debug info
     1>libjpeg.lib(jdapimin.obj) : warning LNK4099: PDB 'vc110.pdb' was not found with 'libjpeg.lib(jdapimin.obj)' or at 'E:\Pokemon\Scarlet\MyLuaGame\simulator\win32\vc110.pdb'; linking object as if no debug info
     1>libjpeg.lib(jdapistd.obj) : warning LNK4099: PDB 'vc110.pdb' was not found with 'libjpeg.lib(jdapistd.obj)' or at 'E:\Pokemon\Scarlet\MyLuaGame\simulator\win32\vc110.pdb'; linking object as if no debug info
     1>libjpeg.lib(jdarith.obj) : warning LNK4099: PDB 'vc110.pdb' was not found with 'libjpeg.lib(jdarith.obj)' or at 'E:\Pokemon\Scarlet\MyLuaGame\simulator\win32\vc110.pdb'; linking object as if no debug info
     1>libjpeg.lib(jdatasrc.obj) : warning LNK4099: PDB 'vc110.pdb' was not found with 'libjpeg.lib(jdatasrc.obj)' or at 'E:\Pokemon\Scarlet\MyLuaGame\simulator\win32\vc110.pdb'; linking object as if no debug info
     1>libjpeg.lib(jdmaster.obj) : warning LNK4099: PDB 'vc110.pdb' was not found with 'libjpeg.lib(jdmaster.obj)' or at 'E:\Pokemon\Scarlet\MyLuaGame\simulator\win32\vc110.pdb'; linking object as if no debug info
     1>libjpeg.lib(jdinput.obj) : warning LNK4099: PDB 'vc110.pdb' was not found with 'libjpeg.lib(jdinput.obj)' or at 'E:\Pokemon\Scarlet\MyLuaGame\simulator\win32\vc110.pdb'; linking object as if no debug info
     1>libjpeg.lib(jdmarker.obj) : warning LNK4099: PDB 'vc110.pdb' was not found with 'libjpeg.lib(jdmarker.obj)' or at 'E:\Pokemon\Scarlet\MyLuaGame\simulator\win32\vc110.pdb'; linking object as if no debug info
     1>libjpeg.lib(jdhuff.obj) : warning LNK4099: PDB 'vc110.pdb' was not found with 'libjpeg.lib(jdhuff.obj)' or at 'E:\Pokemon\Scarlet\MyLuaGame\simulator\win32\vc110.pdb'; linking object as if no debug info
     1>libjpeg.lib(jdmainct.obj) : warning LNK4099: PDB 'vc110.pdb' was not found with 'libjpeg.lib(jdmainct.obj)' or at 'E:\Pokemon\Scarlet\MyLuaGame\simulator\win32\vc110.pdb'; linking object as if no debug info
     1>libjpeg.lib(jdcoefct.obj) : warning LNK4099: PDB 'vc110.pdb' was not found with 'libjpeg.lib(jdcoefct.obj)' or at 'E:\Pokemon\Scarlet\MyLuaGame\simulator\win32\vc110.pdb'; linking object as if no debug info
     1>libjpeg.lib(jdpostct.obj) : warning LNK4099: PDB 'vc110.pdb' was not found with 'libjpeg.lib(jdpostct.obj)' or at 'E:\Pokemon\Scarlet\MyLuaGame\simulator\win32\vc110.pdb'; linking object as if no debug info
     1>libjpeg.lib(jddctmgr.obj) : warning LNK4099: PDB 'vc110.pdb' was not found with 'libjpeg.lib(jddctmgr.obj)' or at 'E:\Pokemon\Scarlet\MyLuaGame\simulator\win32\vc110.pdb'; linking object as if no debug info
     1>libjpeg.lib(jidctfst.obj) : warning LNK4099: PDB 'vc110.pdb' was not found with 'libjpeg.lib(jidctfst.obj)' or at 'E:\Pokemon\Scarlet\MyLuaGame\simulator\win32\vc110.pdb'; linking object as if no debug info
     1>libjpeg.lib(jidctflt.obj) : warning LNK4099: PDB 'vc110.pdb' was not found with 'libjpeg.lib(jidctflt.obj)' or at 'E:\Pokemon\Scarlet\MyLuaGame\simulator\win32\vc110.pdb'; linking object as if no debug info
     1>libjpeg.lib(jidctint.obj) : warning LNK4099: PDB 'vc110.pdb' was not found with 'libjpeg.lib(jidctint.obj)' or at 'E:\Pokemon\Scarlet\MyLuaGame\simulator\win32\vc110.pdb'; linking object as if no debug info
     1>libjpeg.lib(jdsample.obj) : warning LNK4099: PDB 'vc110.pdb' was not found with 'libjpeg.lib(jdsample.obj)' or at 'E:\Pokemon\Scarlet\MyLuaGame\simulator\win32\vc110.pdb'; linking object as if no debug info
     1>libjpeg.lib(jdcolor.obj) : warning LNK4099: PDB 'vc110.pdb' was not found with 'libjpeg.lib(jdcolor.obj)' or at 'E:\Pokemon\Scarlet\MyLuaGame\simulator\win32\vc110.pdb'; linking object as if no debug info
     1>libjpeg.lib(jquant1.obj) : warning LNK4099: PDB 'vc110.pdb' was not found with 'libjpeg.lib(jquant1.obj)' or at 'E:\Pokemon\Scarlet\MyLuaGame\simulator\win32\vc110.pdb'; linking object as if no debug info
     1>libjpeg.lib(jquant2.obj) : warning LNK4099: PDB 'vc110.pdb' was not found with 'libjpeg.lib(jquant2.obj)' or at 'E:\Pokemon\Scarlet\MyLuaGame\simulator\win32\vc110.pdb'; linking object as if no debug info
     1>libjpeg.lib(jdmerge.obj) : warning LNK4099: PDB 'vc110.pdb' was not found with 'libjpeg.lib(jdmerge.obj)' or at 'E:\Pokemon\Scarlet\MyLuaGame\simulator\win32\vc110.pdb'; linking object as if no debug info
     1>libjpeg.lib(jaricom.obj) : warning LNK4099: PDB 'vc110.pdb' was not found with 'libjpeg.lib(jaricom.obj)' or at 'E:\Pokemon\Scarlet\MyLuaGame\simulator\win32\vc110.pdb'; linking object as if no debug info
     1>libjpeg.lib(jcomapi.obj) : warning LNK4099: PDB 'vc110.pdb' was not found with 'libjpeg.lib(jcomapi.obj)' or at 'E:\Pokemon\Scarlet\MyLuaGame\simulator\win32\vc110.pdb'; linking object as if no debug info
     1>libjpeg.lib(jutils.obj) : warning LNK4099: PDB 'vc110.pdb' was not found with 'libjpeg.lib(jutils.obj)' or at 'E:\Pokemon\Scarlet\MyLuaGame\simulator\win32\vc110.pdb'; linking object as if no debug info
     1>libjpeg.lib(jerror.obj) : warning LNK4099: PDB 'vc110.pdb' was not found with 'libjpeg.lib(jerror.obj)' or at 'E:\Pokemon\Scarlet\MyLuaGame\simulator\win32\vc110.pdb'; linking object as if no debug info
     1>libjpeg.lib(jmemmgr.obj) : warning LNK4099: PDB 'vc110.pdb' was not found with 'libjpeg.lib(jmemmgr.obj)' or at 'E:\Pokemon\Scarlet\MyLuaGame\simulator\win32\vc110.pdb'; linking object as if no debug info
     1>libjpeg.lib(jmemnobs.obj) : warning LNK4099: PDB 'vc110.pdb' was not found with 'libjpeg.lib(jmemnobs.obj)' or at 'E:\Pokemon\Scarlet\MyLuaGame\simulator\win32\vc110.pdb'; linking object as if no debug info
         libcocos2d.vcxproj -> E:\Pokemon\Scarlet\MyLuaGame\frameworks\runtime-src\proj.win32\Debug.win32\libcocos2d.dll
       PostBuildEvent:
         xcopy /Y "E:\Pokemon\Scarlet\MyLuaGame\frameworks\runtime-src\proj.win32\Debug.win32\*.dll" "E:\Pokemon\Scarlet\MyLuaGame\frameworks\runtime-src\proj.win32\Debug.win32\..\..\..\..\simulator\win32\"
         xcopy /Y "E:\Pokemon\Scarlet\MyLuaGame\frameworks\runtime-src\proj.win32\Debug.win32\*.pdb" "E:\Pokemon\Scarlet\MyLuaGame\frameworks\runtime-src\proj.win32\Debug.win32\..\..\..\..\simulator\win32\"
         :VCEnd
         E:\Pokemon\Scarlet\MyLuaGame\frameworks\runtime-src\proj.win32\Debug.win32\cd.dll
         E:\Pokemon\Scarlet\MyLuaGame\frameworks\runtime-src\proj.win32\Debug.win32\cdcontextplus.dll
         E:\Pokemon\Scarlet\MyLuaGame\frameworks\runtime-src\proj.win32\Debug.win32\cdgl.dll
         E:\Pokemon\Scarlet\MyLuaGame\frameworks\runtime-src\proj.win32\Debug.win32\cdim.dll
         E:\Pokemon\Scarlet\MyLuaGame\frameworks\runtime-src\proj.win32\Debug.win32\cdlua51.dll
         E:\Pokemon\Scarlet\MyLuaGame\frameworks\runtime-src\proj.win32\Debug.win32\cdluacontextplus51.dll
         E:\Pokemon\Scarlet\MyLuaGame\frameworks\runtime-src\proj.win32\Debug.win32\cdluagl51.dll
         E:\Pokemon\Scarlet\MyLuaGame\frameworks\runtime-src\proj.win32\Debug.win32\cdluaim51.dll
         E:\Pokemon\Scarlet\MyLuaGame\frameworks\runtime-src\proj.win32\Debug.win32\cdluapdf51.dll
         E:\Pokemon\Scarlet\MyLuaGame\frameworks\runtime-src\proj.win32\Debug.win32\cdpdf.dll
         E:\Pokemon\Scarlet\MyLuaGame\frameworks\runtime-src\proj.win32\Debug.win32\freetype6.dll
         E:\Pokemon\Scarlet\MyLuaGame\frameworks\runtime-src\proj.win32\Debug.win32\ftgl.dll
         E:\Pokemon\Scarlet\MyLuaGame\frameworks\runtime-src\proj.win32\Debug.win32\glew32.dll
         E:\Pokemon\Scarlet\MyLuaGame\frameworks\runtime-src\proj.win32\Debug.win32\iconv.dll
         E:\Pokemon\Scarlet\MyLuaGame\frameworks\runtime-src\proj.win32\Debug.win32\im.dll
         E:\Pokemon\Scarlet\MyLuaGame\frameworks\runtime-src\proj.win32\Debug.win32\imlua51.dll
         E:\Pokemon\Scarlet\MyLuaGame\frameworks\runtime-src\proj.win32\Debug.win32\imlua_avi51.dll
         E:\Pokemon\Scarlet\MyLuaGame\frameworks\runtime-src\proj.win32\Debug.win32\imlua_capture51.dll
         E:\Pokemon\Scarlet\MyLuaGame\frameworks\runtime-src\proj.win32\Debug.win32\imlua_fftw51.dll
         E:\Pokemon\Scarlet\MyLuaGame\frameworks\runtime-src\proj.win32\Debug.win32\imlua_jp251.dll
         E:\Pokemon\Scarlet\MyLuaGame\frameworks\runtime-src\proj.win32\Debug.win32\imlua_process51.dll
         E:\Pokemon\Scarlet\MyLuaGame\frameworks\runtime-src\proj.win32\Debug.win32\imlua_process_omp51.dll
         E:\Pokemon\Scarlet\MyLuaGame\frameworks\runtime-src\proj.win32\Debug.win32\imlua_wmv51.dll
         E:\Pokemon\Scarlet\MyLuaGame\frameworks\runtime-src\proj.win32\Debug.win32\im_avi.dll
         E:\Pokemon\Scarlet\MyLuaGame\frameworks\runtime-src\proj.win32\Debug.win32\im_capture.dll
         E:\Pokemon\Scarlet\MyLuaGame\frameworks\runtime-src\proj.win32\Debug.win32\im_fftw.dll
         E:\Pokemon\Scarlet\MyLuaGame\frameworks\runtime-src\proj.win32\Debug.win32\im_jp2.dll
         E:\Pokemon\Scarlet\MyLuaGame\frameworks\runtime-src\proj.win32\Debug.win32\im_lzo.dll
         E:\Pokemon\Scarlet\MyLuaGame\frameworks\runtime-src\proj.win32\Debug.win32\im_process.dll
         E:\Pokemon\Scarlet\MyLuaGame\frameworks\runtime-src\proj.win32\Debug.win32\im_process_omp.dll
         E:\Pokemon\Scarlet\MyLuaGame\frameworks\runtime-src\proj.win32\Debug.win32\im_wmv.dll
         E:\Pokemon\Scarlet\MyLuaGame\frameworks\runtime-src\proj.win32\Debug.win32\iup.dll
         E:\Pokemon\Scarlet\MyLuaGame\frameworks\runtime-src\proj.win32\Debug.win32\iupcd.dll
         E:\Pokemon\Scarlet\MyLuaGame\frameworks\runtime-src\proj.win32\Debug.win32\iupcontrols.dll
         E:\Pokemon\Scarlet\MyLuaGame\frameworks\runtime-src\proj.win32\Debug.win32\iupgl.dll
         E:\Pokemon\Scarlet\MyLuaGame\frameworks\runtime-src\proj.win32\Debug.win32\iupglcontrols.dll
         E:\Pokemon\Scarlet\MyLuaGame\frameworks\runtime-src\proj.win32\Debug.win32\iupim.dll
         E:\Pokemon\Scarlet\MyLuaGame\frameworks\runtime-src\proj.win32\Debug.win32\iupimglib.dll
         E:\Pokemon\Scarlet\MyLuaGame\frameworks\runtime-src\proj.win32\Debug.win32\iuplua51.dll
         E:\Pokemon\Scarlet\MyLuaGame\frameworks\runtime-src\proj.win32\Debug.win32\iupluacd51.dll
         E:\Pokemon\Scarlet\MyLuaGame\frameworks\runtime-src\proj.win32\Debug.win32\iupluacontrols51.dll
         E:\Pokemon\Scarlet\MyLuaGame\frameworks\runtime-src\proj.win32\Debug.win32\iupluagl51.dll
         E:\Pokemon\Scarlet\MyLuaGame\frameworks\runtime-src\proj.win32\Debug.win32\iupluaglcontrols51.dll
         E:\Pokemon\Scarlet\MyLuaGame\frameworks\runtime-src\proj.win32\Debug.win32\iupluaim51.dll
         E:\Pokemon\Scarlet\MyLuaGame\frameworks\runtime-src\proj.win32\Debug.win32\iupluaimglib51.dll
         E:\Pokemon\Scarlet\MyLuaGame\frameworks\runtime-src\proj.win32\Debug.win32\iupluamatrixex51.dll
         E:\Pokemon\Scarlet\MyLuaGame\frameworks\runtime-src\proj.win32\Debug.win32\iupluaole51.dll
         E:\Pokemon\Scarlet\MyLuaGame\frameworks\runtime-src\proj.win32\Debug.win32\iupluascripterdlg51.dll
         E:\Pokemon\Scarlet\MyLuaGame\frameworks\runtime-src\proj.win32\Debug.win32\iupluatuio51.dll
         E:\Pokemon\Scarlet\MyLuaGame\frameworks\runtime-src\proj.win32\Debug.win32\iupluaweb51.dll
         E:\Pokemon\Scarlet\MyLuaGame\frameworks\runtime-src\proj.win32\Debug.win32\iuplua_mglplot51.dll
         E:\Pokemon\Scarlet\MyLuaGame\frameworks\runtime-src\proj.win32\Debug.win32\iuplua_plot51.dll
         E:\Pokemon\Scarlet\MyLuaGame\frameworks\runtime-src\proj.win32\Debug.win32\iuplua_scintilla51.dll
         E:\Pokemon\Scarlet\MyLuaGame\frameworks\runtime-src\proj.win32\Debug.win32\iupmatrixex.dll
         E:\Pokemon\Scarlet\MyLuaGame\frameworks\runtime-src\proj.win32\Debug.win32\iupole.dll
         E:\Pokemon\Scarlet\MyLuaGame\frameworks\runtime-src\proj.win32\Debug.win32\iuptuio.dll
         E:\Pokemon\Scarlet\MyLuaGame\frameworks\runtime-src\proj.win32\Debug.win32\iupweb.dll
         E:\Pokemon\Scarlet\MyLuaGame\frameworks\runtime-src\proj.win32\Debug.win32\iup_mglplot.dll
         E:\Pokemon\Scarlet\MyLuaGame\frameworks\runtime-src\proj.win32\Debug.win32\iup_plot.dll
         E:\Pokemon\Scarlet\MyLuaGame\frameworks\runtime-src\proj.win32\Debug.win32\iup_scintilla.dll
         E:\Pokemon\Scarlet\MyLuaGame\frameworks\runtime-src\proj.win32\Debug.win32\lfs.dll
         E:\Pokemon\Scarlet\MyLuaGame\frameworks\runtime-src\proj.win32\Debug.win32\libcocos2d.dll
         E:\Pokemon\Scarlet\MyLuaGame\frameworks\runtime-src\proj.win32\Debug.win32\libcrypto-1_1.dll
         E:\Pokemon\Scarlet\MyLuaGame\frameworks\runtime-src\proj.win32\Debug.win32\libcurl.dll
         E:\Pokemon\Scarlet\MyLuaGame\frameworks\runtime-src\proj.win32\Debug.win32\libmpg123.dll
         E:\Pokemon\Scarlet\MyLuaGame\frameworks\runtime-src\proj.win32\Debug.win32\libogg.dll
         E:\Pokemon\Scarlet\MyLuaGame\frameworks\runtime-src\proj.win32\Debug.win32\libssl-1_1.dll
         E:\Pokemon\Scarlet\MyLuaGame\frameworks\runtime-src\proj.win32\Debug.win32\libvorbis.dll
         E:\Pokemon\Scarlet\MyLuaGame\frameworks\runtime-src\proj.win32\Debug.win32\libvorbisfile.dll
         E:\Pokemon\Scarlet\MyLuaGame\frameworks\runtime-src\proj.win32\Debug.win32\lua5.1.dll
         E:\Pokemon\Scarlet\MyLuaGame\frameworks\runtime-src\proj.win32\Debug.win32\lua51.dll
         E:\Pokemon\Scarlet\MyLuaGame\frameworks\runtime-src\proj.win32\Debug.win32\luacom.dll
         E:\Pokemon\Scarlet\MyLuaGame\frameworks\runtime-src\proj.win32\Debug.win32\luagl.dll
         E:\Pokemon\Scarlet\MyLuaGame\frameworks\runtime-src\proj.win32\Debug.win32\luaglu.dll
         E:\Pokemon\Scarlet\MyLuaGame\frameworks\runtime-src\proj.win32\Debug.win32\luagl_base.dll
         E:\Pokemon\Scarlet\MyLuaGame\frameworks\runtime-src\proj.win32\Debug.win32\msvcp100.dll
         E:\Pokemon\Scarlet\MyLuaGame\frameworks\runtime-src\proj.win32\Debug.win32\msvcr100.dll
         E:\Pokemon\Scarlet\MyLuaGame\frameworks\runtime-src\proj.win32\Debug.win32\OpenAL32.dll
         E:\Pokemon\Scarlet\MyLuaGame\frameworks\runtime-src\proj.win32\Debug.win32\pdflib.dll
         E:\Pokemon\Scarlet\MyLuaGame\frameworks\runtime-src\proj.win32\Debug.win32\sqlite3.dll
         E:\Pokemon\Scarlet\MyLuaGame\frameworks\runtime-src\proj.win32\Debug.win32\uv.dll
         E:\Pokemon\Scarlet\MyLuaGame\frameworks\runtime-src\proj.win32\Debug.win32\vcomp100.dll
         E:\Pokemon\Scarlet\MyLuaGame\frameworks\runtime-src\proj.win32\Debug.win32\websockets.dll
         E:\Pokemon\Scarlet\MyLuaGame\frameworks\runtime-src\proj.win32\Debug.win32\zlib1.dll
         84 File(s) copied
         File not found - *.pdb
         0 File(s) copied
     1>Done Building Project "E:\Pokemon\Scarlet\MyLuaGame\frameworks\cocos2d-x\cocos\2d\libcocos2d.vcxproj" (Build target(s)).

Build succeeded.

Time Elapsed 00:00:28.69
