e:\pokemon\scarlet\myluagame\frameworks\cocos2d-x\cocos\2d\debug.win32\libcocos2d.pch
e:\pokemon\scarlet\myluagame\frameworks\cocos2d-x\cocos\2d\debug.win32\precheader.obj
e:\pokemon\scarlet\myluagame\frameworks\cocos2d-x\cocos\2d\debug.win32\difflist.obj
e:\pokemon\scarlet\myluagame\frameworks\cocos2d-x\cocos\2d\debug.win32\sweep.obj
e:\pokemon\scarlet\myluagame\frameworks\cocos2d-x\cocos\2d\debug.win32\audioengine.obj
e:\pokemon\scarlet\myluagame\frameworks\cocos2d-x\cocos\2d\debug.win32\ccutf8.obj
e:\pokemon\scarlet\myluagame\frameworks\cocos2d-x\cocos\2d\debug.win32\ccbonenode.obj
e:\pokemon\scarlet\myluagame\frameworks\cocos2d-x\cocos\2d\debug.win32\cccomcontroller.obj
e:\pokemon\scarlet\myluagame\frameworks\cocos2d-x\cocos\2d\debug.win32\cccomextensiondata.obj
e:\pokemon\scarlet\myluagame\frameworks\cocos2d-x\cocos\2d\debug.win32\ccsguireader.obj
e:\pokemon\scarlet\myluagame\frameworks\cocos2d-x\cocos\2d\debug.win32\armaturenodereader.obj
e:\pokemon\scarlet\myluagame\frameworks\cocos2d-x\cocos\2d\debug.win32\ccgeometry.obj
e:\pokemon\scarlet\myluagame\frameworks\cocos2d-x\cocos\2d\debug.win32\mathutil.obj
e:\pokemon\scarlet\myluagame\frameworks\cocos2d-x\cocos\2d\debug.win32\vec2.obj
e:\pokemon\scarlet\myluagame\frameworks\cocos2d-x\cocos\2d\debug.win32\ccdownloader.obj
e:\pokemon\scarlet\myluagame\frameworks\cocos2d-x\cocos\2d\debug.win32\ccsaxparser.obj
e:\pokemon\scarlet\myluagame\frameworks\cocos2d-x\cocos\2d\debug.win32\ccstdc-win32.obj
e:\pokemon\scarlet\myluagame\frameworks\cocos2d-x\cocos\2d\debug.win32\ccglprogramstate.obj
e:\pokemon\scarlet\myluagame\frameworks\cocos2d-x\cocos\2d\debug.win32\ccvertexattribbinding.obj
e:\pokemon\scarlet\myluagame\frameworks\cocos2d-x\cocos\2d\debug.win32\uilayout.obj
e:\pokemon\scarlet\myluagame\frameworks\cocos2d-x\cocos\2d\debug.win32\ccactiontiledgrid.obj
e:\pokemon\scarlet\myluagame\frameworks\cocos2d-x\cocos\2d\debug.win32\ccdrawingprimitives.obj
e:\pokemon\scarlet\myluagame\frameworks\cocos2d-x\cocos\2d\debug.win32\ccglbufferednode.obj
e:\pokemon\scarlet\myluagame\frameworks\cocos2d-x\cocos\2d\debug.win32\cclabelatlas.obj
e:\pokemon\scarlet\myluagame\frameworks\cocos2d-x\cocos\2d\debug.win32\ccnodegrid.obj
e:\pokemon\scarlet\myluagame\frameworks\cocos2d-x\cocos\2d\debug.win32\cctilemapatlas.obj
e:\pokemon\scarlet\myluagame\frameworks\cocos2d-x\cocos\2d\debug.win32\cccontrolslider.obj
e:\pokemon\scarlet\myluagame\frameworks\cocos2d-x\cocos\2d\debug.win32\ccphysicssprite.obj
e:\pokemon\scarlet\myluagame\frameworks\cocos2d-x\cocos\2d\debug.win32\convertutfwrapper.obj
e:\pokemon\scarlet\myluagame\frameworks\cocos2d-x\cocos\2d\debug.win32\idl_gen_text.obj
e:\pokemon\scarlet\myluagame\frameworks\cocos2d-x\cocos\2d\debug.win32\cceventcontroller.obj
e:\pokemon\scarlet\myluagame\frameworks\cocos2d-x\cocos\2d\debug.win32\cceventlistenercontroller.obj
e:\pokemon\scarlet\myluagame\frameworks\cocos2d-x\cocos\2d\debug.win32\ccrandom.obj
e:\pokemon\scarlet\myluagame\frameworks\cocos2d-x\cocos\2d\debug.win32\ccutils.obj
e:\pokemon\scarlet\myluagame\frameworks\cocos2d-x\cocos\2d\debug.win32\ccactionobject.obj
e:\pokemon\scarlet\myluagame\frameworks\cocos2d-x\cocos\2d\debug.win32\cccomaudio.obj
e:\pokemon\scarlet\myluagame\frameworks\cocos2d-x\cocos\2d\debug.win32\ccdisplaymanager.obj
e:\pokemon\scarlet\myluagame\frameworks\cocos2d-x\cocos\2d\debug.win32\buttonreader.obj
e:\pokemon\scarlet\myluagame\frameworks\cocos2d-x\cocos\2d\debug.win32\nodereaderprotocol.obj
e:\pokemon\scarlet\myluagame\frameworks\cocos2d-x\cocos\2d\debug.win32\nodereader.obj
e:\pokemon\scarlet\myluagame\frameworks\cocos2d-x\cocos\2d\debug.win32\spritereader.obj
e:\pokemon\scarlet\myluagame\frameworks\cocos2d-x\cocos\2d\debug.win32\mat4.obj
e:\pokemon\scarlet\myluagame\frameworks\cocos2d-x\cocos\2d\debug.win32\vec3.obj
e:\pokemon\scarlet\myluagame\frameworks\cocos2d-x\cocos\2d\debug.win32\httpclient.obj
e:\pokemon\scarlet\myluagame\frameworks\cocos2d-x\cocos\2d\debug.win32\ccapplication-win32.obj
e:\pokemon\scarlet\myluagame\frameworks\cocos2d-x\cocos\2d\debug.win32\cccustomcommand.obj
e:\pokemon\scarlet\myluagame\frameworks\cocos2d-x\cocos\2d\debug.win32\ccmaterial.obj
e:\pokemon\scarlet\myluagame\frameworks\cocos2d-x\cocos\2d\debug.win32\cctrianglescommand.obj
e:\pokemon\scarlet\myluagame\frameworks\cocos2d-x\cocos\2d\debug.win32\uiabstractcheckbutton.obj
e:\pokemon\scarlet\myluagame\frameworks\cocos2d-x\cocos\2d\debug.win32\uieditboximpl-win32.obj
e:\pokemon\scarlet\myluagame\frameworks\cocos2d-x\cocos\2d\debug.win32\uitabcontrol.obj
e:\pokemon\scarlet\myluagame\frameworks\cocos2d-x\cocos\2d\debug.win32\ccclippingnode.obj
e:\pokemon\scarlet\myluagame\frameworks\cocos2d-x\cocos\2d\debug.win32\cclabelbmfont.obj
e:\pokemon\scarlet\myluagame\frameworks\cocos2d-x\cocos\2d\debug.win32\ccnode.obj
e:\pokemon\scarlet\myluagame\frameworks\cocos2d-x\cocos\2d\debug.win32\versionutils.obj
e:\pokemon\scarlet\myluagame\frameworks\cocos2d-x\cocos\2d\debug.win32\md5.obj
e:\pokemon\scarlet\myluagame\frameworks\cocos2d-x\cocos\2d\debug.win32\sweep_context.obj
e:\pokemon\scarlet\myluagame\frameworks\cocos2d-x\cocos\2d\debug.win32\ccallocatordiagnostics.obj
e:\pokemon\scarlet\myluagame\frameworks\cocos2d-x\cocos\2d\debug.win32\cccarray.obj
e:\pokemon\scarlet\myluagame\frameworks\cocos2d-x\cocos\2d\debug.win32\cceventcustom.obj
e:\pokemon\scarlet\myluagame\frameworks\cocos2d-x\cocos\2d\debug.win32\cceventlistenerfocus.obj
e:\pokemon\scarlet\myluagame\frameworks\cocos2d-x\cocos\2d\debug.win32\ccns.obj
e:\pokemon\scarlet\myluagame\frameworks\cocos2d-x\cocos\2d\debug.win32\s3tc.obj
e:\pokemon\scarlet\myluagame\frameworks\cocos2d-x\cocos\2d\debug.win32\ziputils.obj
e:\pokemon\scarlet\myluagame\frameworks\cocos2d-x\cocos\2d\debug.win32\ccbatchnode.obj
e:\pokemon\scarlet\myluagame\frameworks\cocos2d-x\cocos\2d\debug.win32\flatbuffersserialize.obj
e:\pokemon\scarlet\myluagame\frameworks\cocos2d-x\cocos\2d\debug.win32\cocosgui.obj
e:\pokemon\scarlet\myluagame\frameworks\cocos2d-x\cocos\2d\debug.win32\uipageview.obj
e:\pokemon\scarlet\myluagame\frameworks\cocos2d-x\cocos\2d\debug.win32\ccactioninterval.obj
e:\pokemon\scarlet\myluagame\frameworks\cocos2d-x\cocos\2d\debug.win32\ccfontfnt.obj
e:\pokemon\scarlet\myluagame\frameworks\cocos2d-x\cocos\2d\debug.win32\cctmxlayer.obj
e:\pokemon\scarlet\myluagame\frameworks\cocos2d-x\cocos\2d\debug.win32\cccontrol.obj
e:\pokemon\scarlet\myluagame\frameworks\cocos2d-x\cocos\2d\debug.win32\advancing_front.obj
e:\pokemon\scarlet\myluagame\frameworks\cocos2d-x\cocos\2d\debug.win32\xxhash.obj
e:\pokemon\scarlet\myluagame\frameworks\cocos2d-x\cocos\2d\debug.win32\audiodecodermp3.obj
e:\pokemon\scarlet\myluagame\frameworks\cocos2d-x\cocos\2d\debug.win32\tjallocator.obj
e:\pokemon\scarlet\myluagame\frameworks\cocos2d-x\cocos\2d\debug.win32\ccdatavisitor.obj
e:\pokemon\scarlet\myluagame\frameworks\cocos2d-x\cocos\2d\debug.win32\cceventlisteneracceleration.obj
e:\pokemon\scarlet\myluagame\frameworks\cocos2d-x\cocos\2d\debug.win32\ccimedispatcher.obj
e:\pokemon\scarlet\myluagame\frameworks\cocos2d-x\cocos\2d\debug.win32\ccvalue.obj
e:\pokemon\scarlet\myluagame\frameworks\cocos2d-x\cocos\2d\debug.win32\ccactionmanagerex.obj
e:\pokemon\scarlet\myluagame\frameworks\cocos2d-x\cocos\2d\debug.win32\cccomrender.obj
e:\pokemon\scarlet\myluagame\frameworks\cocos2d-x\cocos\2d\debug.win32\textatlasreader.obj
e:\pokemon\scarlet\myluagame\frameworks\cocos2d-x\cocos\2d\debug.win32\vec4.obj
e:\pokemon\scarlet\myluagame\frameworks\cocos2d-x\cocos\2d\debug.win32\ccphysicsjoint.obj
e:\pokemon\scarlet\myluagame\frameworks\cocos2d-x\cocos\2d\debug.win32\ccfileutils.obj
e:\pokemon\scarlet\myluagame\frameworks\cocos2d-x\cocos\2d\debug.win32\ccactionprogresstimer.obj
e:\pokemon\scarlet\myluagame\frameworks\cocos2d-x\cocos\2d\debug.win32\cccomponent.obj
e:\pokemon\scarlet\myluagame\frameworks\cocos2d-x\cocos\2d\debug.win32\ccfontcharmap.obj
e:\pokemon\scarlet\myluagame\frameworks\cocos2d-x\cocos\2d\debug.win32\cclight.obj
e:\pokemon\scarlet\myluagame\frameworks\cocos2d-x\cocos\2d\debug.win32\ccparticlesystem.obj
e:\pokemon\scarlet\myluagame\frameworks\cocos2d-x\cocos\2d\debug.win32\cctmxxmlparser.obj
e:\pokemon\scarlet\myluagame\frameworks\cocos2d-x\cocos\2d\debug.win32\cccontrolpotentiometer.obj
e:\pokemon\scarlet\myluagame\frameworks\cocos2d-x\cocos\2d\debug.win32\clipper.obj
e:\pokemon\scarlet\myluagame\frameworks\cocos2d-x\cocos\2d\debug.win32\unzip.obj
e:\pokemon\scarlet\myluagame\frameworks\cocos2d-x\cocos\2d\debug.win32\audioengine-win32.obj
e:\pokemon\scarlet\myluagame\frameworks\cocos2d-x\cocos\2d\debug.win32\ccset.obj
e:\pokemon\scarlet\myluagame\frameworks\cocos2d-x\cocos\2d\debug.win32\ccarmature.obj
e:\pokemon\scarlet\myluagame\frameworks\cocos2d-x\cocos\2d\debug.win32\triggermng.obj
e:\pokemon\scarlet\myluagame\frameworks\cocos2d-x\cocos\2d\debug.win32\ccrenderstate.obj
e:\pokemon\scarlet\myluagame\frameworks\cocos2d-x\cocos\2d\debug.win32\uieditboximpl-common.obj
e:\pokemon\scarlet\myluagame\frameworks\cocos2d-x\cocos\2d\debug.win32\uilayoutcomponent.obj
e:\pokemon\scarlet\myluagame\frameworks\cocos2d-x\cocos\2d\debug.win32\uiscrollviewbar.obj
e:\pokemon\scarlet\myluagame\frameworks\cocos2d-x\cocos\2d\debug.win32\uivbox.obj
e:\pokemon\scarlet\myluagame\frameworks\cocos2d-x\cocos\2d\debug.win32\ccaction.obj
e:\pokemon\scarlet\myluagame\frameworks\cocos2d-x\cocos\2d\debug.win32\ccatlasnode.obj
e:\pokemon\scarlet\myluagame\frameworks\cocos2d-x\cocos\2d\debug.win32\ccdrawnode.obj
e:\pokemon\scarlet\myluagame\frameworks\cocos2d-x\cocos\2d\debug.win32\cclabeltextformatter.obj
e:\pokemon\scarlet\myluagame\frameworks\cocos2d-x\cocos\2d\debug.win32\cctextfieldttf.obj
e:\pokemon\scarlet\myluagame\frameworks\cocos2d-x\cocos\2d\debug.win32\cctransition.obj
e:\pokemon\scarlet\myluagame\frameworks\cocos2d-x\cocos\2d\debug.win32\cccontrolswitch.obj
e:\pokemon\scarlet\myluagame\frameworks\cocos2d-x\cocos\2d\debug.win32\convertutf.obj
e:\pokemon\scarlet\myluagame\frameworks\cocos2d-x\cocos\2d\debug.win32\idl_gen_cpp.obj
e:\pokemon\scarlet\myluagame\frameworks\cocos2d-x\cocos\2d\debug.win32\base64.obj
e:\pokemon\scarlet\myluagame\frameworks\cocos2d-x\cocos\2d\debug.win32\cccontroller-linux-win32.obj
e:\pokemon\scarlet\myluagame\frameworks\cocos2d-x\cocos\2d\debug.win32\cctimeline.obj
e:\pokemon\scarlet\myluagame\frameworks\cocos2d-x\cocos\2d\debug.win32\cccolliderdetector.obj
e:\pokemon\scarlet\myluagame\frameworks\cocos2d-x\cocos\2d\debug.win32\ccprocessbase.obj
e:\pokemon\scarlet\myluagame\frameworks\cocos2d-x\cocos\2d\debug.win32\ccutilmath.obj
e:\pokemon\scarlet\myluagame\frameworks\cocos2d-x\cocos\2d\debug.win32\localizationmanager.obj
e:\pokemon\scarlet\myluagame\frameworks\cocos2d-x\cocos\2d\debug.win32\checkboxreader.obj
e:\pokemon\scarlet\myluagame\frameworks\cocos2d-x\cocos\2d\debug.win32\nodereaderdefine.obj
e:\pokemon\scarlet\myluagame\frameworks\cocos2d-x\cocos\2d\debug.win32\pageviewreader.obj
e:\pokemon\scarlet\myluagame\frameworks\cocos2d-x\cocos\2d\debug.win32\tabcontrolreader.obj
e:\pokemon\scarlet\myluagame\frameworks\cocos2d-x\cocos\2d\debug.win32\ccthread.obj
e:\pokemon\scarlet\myluagame\frameworks\cocos2d-x\cocos\2d\debug.win32\tjcommon.obj
e:\pokemon\scarlet\myluagame\frameworks\cocos2d-x\cocos\2d\debug.win32\ccglprogramcache.obj
e:\pokemon\scarlet\myluagame\frameworks\cocos2d-x\cocos\2d\debug.win32\ccrenderer.obj
e:\pokemon\scarlet\myluagame\frameworks\cocos2d-x\cocos\2d\debug.win32\uihelper.obj
e:\pokemon\scarlet\myluagame\frameworks\cocos2d-x\cocos\2d\debug.win32\uirichtext.obj
e:\pokemon\scarlet\myluagame\frameworks\cocos2d-x\cocos\2d\debug.win32\cceventassetsmanagerex.obj
e:\pokemon\scarlet\myluagame\frameworks\cocos2d-x\cocos\2d\debug.win32\shapes.obj
e:\pokemon\scarlet\myluagame\frameworks\cocos2d-x\cocos\2d\debug.win32\ioapi.obj
e:\pokemon\scarlet\myluagame\frameworks\cocos2d-x\cocos\2d\debug.win32\audiodecoder.obj
e:\pokemon\scarlet\myluagame\frameworks\cocos2d-x\cocos\2d\debug.win32\ccallocatorglobal.obj
e:\pokemon\scarlet\myluagame\frameworks\cocos2d-x\cocos\2d\debug.win32\ccautoreleasepool.obj
e:\pokemon\scarlet\myluagame\frameworks\cocos2d-x\cocos\2d\debug.win32\cceventfocus.obj
e:\pokemon\scarlet\myluagame\frameworks\cocos2d-x\cocos\2d\debug.win32\cceventmouse.obj
e:\pokemon\scarlet\myluagame\frameworks\cocos2d-x\cocos\2d\debug.win32\ccfpsimages.obj
e:\pokemon\scarlet\myluagame\frameworks\cocos2d-x\cocos\2d\debug.win32\ccref.obj
e:\pokemon\scarlet\myluagame\frameworks\cocos2d-x\cocos\2d\debug.win32\etc1.obj
e:\pokemon\scarlet\myluagame\frameworks\cocos2d-x\cocos\2d\debug.win32\ccdeprecated.obj
e:\pokemon\scarlet\myluagame\frameworks\cocos2d-x\cocos\2d\debug.win32\ccactiontimelinenode.obj
e:\pokemon\scarlet\myluagame\frameworks\cocos2d-x\cocos\2d\debug.win32\ccdatareaderhelper.obj
e:\pokemon\scarlet\myluagame\frameworks\cocos2d-x\cocos\2d\debug.win32\imageviewreader.obj
e:\pokemon\scarlet\myluagame\frameworks\cocos2d-x\cocos\2d\debug.win32\projectnodereader.obj
e:\pokemon\scarlet\myluagame\frameworks\cocos2d-x\cocos\2d\debug.win32\sliderreader.obj
e:\pokemon\scarlet\myluagame\frameworks\cocos2d-x\cocos\2d\debug.win32\transformutils.obj
e:\pokemon\scarlet\myluagame\frameworks\cocos2d-x\cocos\2d\debug.win32\ccdownloader-curl.obj
e:\pokemon\scarlet\myluagame\frameworks\cocos2d-x\cocos\2d\debug.win32\ccglprogram.obj
e:\pokemon\scarlet\myluagame\frameworks\cocos2d-x\cocos\2d\debug.win32\cctextureatlas.obj
e:\pokemon\scarlet\myluagame\frameworks\cocos2d-x\cocos\2d\debug.win32\uicheckbox.obj
e:\pokemon\scarlet\myluagame\frameworks\cocos2d-x\cocos\2d\debug.win32\uihbox.obj
e:\pokemon\scarlet\myluagame\frameworks\cocos2d-x\cocos\2d\debug.win32\uiloadingbar.obj
e:\pokemon\scarlet\myluagame\frameworks\cocos2d-x\cocos\2d\debug.win32\uislider.obj
e:\pokemon\scarlet\myluagame\frameworks\cocos2d-x\cocos\2d\debug.win32\ccactiongrid3d.obj
e:\pokemon\scarlet\myluagame\frameworks\cocos2d-x\cocos\2d\debug.win32\ccautopolygon.obj
e:\pokemon\scarlet\myluagame\frameworks\cocos2d-x\cocos\2d\debug.win32\ccparticlebatchnode.obj
e:\pokemon\scarlet\myluagame\frameworks\cocos2d-x\cocos\2d\debug.win32\ccspriteframecache.obj
e:\pokemon\scarlet\myluagame\frameworks\cocos2d-x\cocos\2d\debug.win32\cccontrolbutton.obj
e:\pokemon\scarlet\myluagame\frameworks\cocos2d-x\cocos\2d\debug.win32\ioapi_mem.obj
e:\pokemon\scarlet\myluagame\frameworks\cocos2d-x\cocos\2d\debug.win32\xxtea.obj
e:\pokemon\scarlet\myluagame\frameworks\cocos2d-x\cocos\2d\debug.win32\audiodecoderogg.obj
e:\pokemon\scarlet\myluagame\frameworks\cocos2d-x\cocos\2d\debug.win32\atitc.obj
e:\pokemon\scarlet\myluagame\frameworks\cocos2d-x\cocos\2d\debug.win32\ccconsole.obj
e:\pokemon\scarlet\myluagame\frameworks\cocos2d-x\cocos\2d\debug.win32\ccarmatureanimation.obj
e:\pokemon\scarlet\myluagame\frameworks\cocos2d-x\cocos\2d\debug.win32\cctween.obj
e:\pokemon\scarlet\myluagame\frameworks\cocos2d-x\cocos\2d\debug.win32\particlereader.obj
e:\pokemon\scarlet\myluagame\frameworks\cocos2d-x\cocos\2d\debug.win32\skeletonnodereader.obj
e:\pokemon\scarlet\myluagame\frameworks\cocos2d-x\cocos\2d\debug.win32\ccaffinetransform.obj
e:\pokemon\scarlet\myluagame\frameworks\cocos2d-x\cocos\2d\debug.win32\ccvertex.obj
e:\pokemon\scarlet\myluagame\frameworks\cocos2d-x\cocos\2d\debug.win32\quaternion.obj
e:\pokemon\scarlet\myluagame\frameworks\cocos2d-x\cocos\2d\debug.win32\ccphysicscontact.obj
e:\pokemon\scarlet\myluagame\frameworks\cocos2d-x\cocos\2d\debug.win32\ccphysicsshape.obj
e:\pokemon\scarlet\myluagame\frameworks\cocos2d-x\cocos\2d\debug.win32\ccglview.obj
e:\pokemon\scarlet\myluagame\frameworks\cocos2d-x\cocos\2d\debug.win32\cccommon-win32.obj
e:\pokemon\scarlet\myluagame\frameworks\cocos2d-x\cocos\2d\debug.win32\ccfileutils-win32.obj
e:\pokemon\scarlet\myluagame\frameworks\cocos2d-x\cocos\2d\debug.win32\ccactionmanager.obj
e:\pokemon\scarlet\myluagame\frameworks\cocos2d-x\cocos\2d\debug.win32\ccfontatlas.obj
e:\pokemon\scarlet\myluagame\frameworks\cocos2d-x\cocos\2d\debug.win32\ccparticleexamples.obj
e:\pokemon\scarlet\myluagame\frameworks\cocos2d-x\cocos\2d\debug.win32\ccscene.obj
e:\pokemon\scarlet\myluagame\frameworks\cocos2d-x\cocos\2d\debug.win32\cceventlistenerassetsmanagerex.obj
e:\pokemon\scarlet\myluagame\frameworks\cocos2d-x\cocos\2d\debug.win32\tinyxml2.obj
e:\pokemon\scarlet\myluagame\frameworks\cocos2d-x\cocos\2d\debug.win32\cccrypto.obj
e:\pokemon\scarlet\myluagame\frameworks\cocos2d-x\cocos\2d\debug.win32\mciplayer.obj
e:\pokemon\scarlet\myluagame\frameworks\cocos2d-x\cocos\2d\debug.win32\ccconfiguration.obj
e:\pokemon\scarlet\myluagame\frameworks\cocos2d-x\cocos\2d\debug.win32\cceventlistenertouch.obj
e:\pokemon\scarlet\myluagame\frameworks\cocos2d-x\cocos\2d\debug.win32\ccstencilstatemanager.obj
e:\pokemon\scarlet\myluagame\frameworks\cocos2d-x\cocos\2d\debug.win32\cctouch.obj
e:\pokemon\scarlet\myluagame\frameworks\cocos2d-x\cocos\2d\debug.win32\pvr.obj
e:\pokemon\scarlet\myluagame\frameworks\cocos2d-x\cocos\2d\debug.win32\cocos2d.obj
e:\pokemon\scarlet\myluagame\frameworks\cocos2d-x\cocos\2d\debug.win32\ccactiontimelinecache.obj
e:\pokemon\scarlet\myluagame\frameworks\cocos2d-x\cocos\2d\debug.win32\ccsscenereader.obj
e:\pokemon\scarlet\myluagame\frameworks\cocos2d-x\cocos\2d\debug.win32\websocket.obj
e:\pokemon\scarlet\myluagame\frameworks\cocos2d-x\cocos\2d\debug.win32\ccmeshcommand.obj
e:\pokemon\scarlet\myluagame\frameworks\cocos2d-x\cocos\2d\debug.win32\ccshaders.obj
e:\pokemon\scarlet\myluagame\frameworks\cocos2d-x\cocos\2d\debug.win32\ccvertexindexdata.obj
e:\pokemon\scarlet\myluagame\frameworks\cocos2d-x\cocos\2d\debug.win32\uiimageview.obj
e:\pokemon\scarlet\myluagame\frameworks\cocos2d-x\cocos\2d\debug.win32\uirelativebox.obj
e:\pokemon\scarlet\myluagame\frameworks\cocos2d-x\cocos\2d\debug.win32\uitextatlas.obj
e:\pokemon\scarlet\myluagame\frameworks\cocos2d-x\cocos\2d\debug.win32\ccactioninstant.obj
e:\pokemon\scarlet\myluagame\frameworks\cocos2d-x\cocos\2d\debug.win32\cccamerabackgroundbrush.obj
e:\pokemon\scarlet\myluagame\frameworks\cocos2d-x\cocos\2d\debug.win32\ccfasttmxlayer.obj
e:\pokemon\scarlet\myluagame\frameworks\cocos2d-x\cocos\2d\debug.win32\ccspriteframe.obj
e:\pokemon\scarlet\myluagame\frameworks\cocos2d-x\cocos\2d\debug.win32\cctmxobjectgroup.obj
e:\pokemon\scarlet\myluagame\frameworks\cocos2d-x\cocos\2d\debug.win32\cccontrolstepper.obj
e:\pokemon\scarlet\myluagame\frameworks\cocos2d-x\cocos\2d\debug.win32\ccscrollview.obj
e:\pokemon\scarlet\myluagame\frameworks\cocos2d-x\cocos\2d\debug.win32\cdt.obj
e:\pokemon\scarlet\myluagame\frameworks\cocos2d-x\cocos\2d\debug.win32\audiodecodermanager.obj
e:\pokemon\scarlet\myluagame\frameworks\cocos2d-x\cocos\2d\debug.win32\ccallocatorglobalnewdelete.obj
e:\pokemon\scarlet\myluagame\frameworks\cocos2d-x\cocos\2d\debug.win32\ccdirector.obj
e:\pokemon\scarlet\myluagame\frameworks\cocos2d-x\cocos\2d\debug.win32\ccscheduler.obj
e:\pokemon\scarlet\myluagame\frameworks\cocos2d-x\cocos\2d\debug.win32\ccframe.obj
e:\pokemon\scarlet\myluagame\frameworks\cocos2d-x\cocos\2d\debug.win32\ccbone.obj
e:\pokemon\scarlet\myluagame\frameworks\cocos2d-x\cocos\2d\debug.win32\cocoloader.obj
e:\pokemon\scarlet\myluagame\frameworks\cocos2d-x\cocos\2d\debug.win32\triggerbase.obj
e:\pokemon\scarlet\myluagame\frameworks\cocos2d-x\cocos\2d\debug.win32\ccglviewimpl-desktop.obj
e:\pokemon\scarlet\myluagame\frameworks\cocos2d-x\cocos\2d\debug.win32\ccpass.obj
e:\pokemon\scarlet\myluagame\frameworks\cocos2d-x\cocos\2d\debug.win32\ccrendercommand.obj
e:\pokemon\scarlet\myluagame\frameworks\cocos2d-x\cocos\2d\debug.win32\ccvertexindexbuffer.obj
e:\pokemon\scarlet\myluagame\frameworks\cocos2d-x\cocos\2d\debug.win32\uideprecated.obj
e:\pokemon\scarlet\myluagame\frameworks\cocos2d-x\cocos\2d\debug.win32\uilayoutparameter.obj
e:\pokemon\scarlet\myluagame\frameworks\cocos2d-x\cocos\2d\debug.win32\uiscrollview.obj
e:\pokemon\scarlet\myluagame\frameworks\cocos2d-x\cocos\2d\debug.win32\ccactionpageturn3d.obj
e:\pokemon\scarlet\myluagame\frameworks\cocos2d-x\cocos\2d\debug.win32\cccomponentcontainer.obj
e:\pokemon\scarlet\myluagame\frameworks\cocos2d-x\cocos\2d\debug.win32\ccgrabber.obj
e:\pokemon\scarlet\myluagame\frameworks\cocos2d-x\cocos\2d\debug.win32\ccmenuitem.obj
e:\pokemon\scarlet\myluagame\frameworks\cocos2d-x\cocos\2d\debug.win32\ccrendertexture.obj
e:\pokemon\scarlet\myluagame\frameworks\cocos2d-x\cocos\2d\debug.win32\cccontrolutils.obj
e:\pokemon\scarlet\myluagame\frameworks\cocos2d-x\cocos\2d\debug.win32\ccinvocation.obj
e:\pokemon\scarlet\myluagame\frameworks\cocos2d-x\cocos\2d\debug.win32\edtaa3func.obj
e:\pokemon\scarlet\myluagame\frameworks\cocos2d-x\cocos\2d\debug.win32\idl_gen_go.obj
e:\pokemon\scarlet\myluagame\frameworks\cocos2d-x\cocos\2d\debug.win32\simpleaudioengine.obj
e:\pokemon\scarlet\myluagame\frameworks\cocos2d-x\cocos\2d\debug.win32\cceventdispatcher.obj
e:\pokemon\scarlet\myluagame\frameworks\cocos2d-x\cocos\2d\debug.win32\ccskeletonnode.obj
e:\pokemon\scarlet\myluagame\frameworks\cocos2d-x\cocos\2d\debug.win32\ccdecorativedisplay.obj
e:\pokemon\scarlet\myluagame\frameworks\cocos2d-x\cocos\2d\debug.win32\ccspriteframecachehelper.obj
e:\pokemon\scarlet\myluagame\frameworks\cocos2d-x\cocos\2d\debug.win32\cocostudio.obj
e:\pokemon\scarlet\myluagame\frameworks\cocos2d-x\cocos\2d\debug.win32\ccdevice-win32.obj
e:\pokemon\scarlet\myluagame\frameworks\cocos2d-x\cocos\2d\debug.win32\ccglstatecache.obj
e:\pokemon\scarlet\myluagame\frameworks\cocos2d-x\cocos\2d\debug.win32\ccprimitive.obj
e:\pokemon\scarlet\myluagame\frameworks\cocos2d-x\cocos\2d\debug.win32\cctexture2d.obj
e:\pokemon\scarlet\myluagame\frameworks\cocos2d-x\cocos\2d\debug.win32\uipageviewindicator.obj
e:\pokemon\scarlet\myluagame\frameworks\cocos2d-x\cocos\2d\debug.win32\uitextfield.obj
e:\pokemon\scarlet\myluagame\frameworks\cocos2d-x\cocos\2d\debug.win32\ccactiontween.obj
e:\pokemon\scarlet\myluagame\frameworks\cocos2d-x\cocos\2d\debug.win32\ccclippingrectanglenode.obj
e:\pokemon\scarlet\myluagame\frameworks\cocos2d-x\cocos\2d\debug.win32\ccgrid.obj
e:\pokemon\scarlet\myluagame\frameworks\cocos2d-x\cocos\2d\debug.win32\ccmenu.obj
e:\pokemon\scarlet\myluagame\frameworks\cocos2d-x\cocos\2d\debug.win32\ccspritebatchnode.obj
e:\pokemon\scarlet\myluagame\frameworks\cocos2d-x\cocos\2d\debug.win32\assetsmanagerex.obj
e:\pokemon\scarlet\myluagame\frameworks\cocos2d-x\cocos\2d\debug.win32\cccontroller.obj
e:\pokemon\scarlet\myluagame\frameworks\cocos2d-x\cocos\2d\debug.win32\cceventlistenerkeyboard.obj
e:\pokemon\scarlet\myluagame\frameworks\cocos2d-x\cocos\2d\debug.win32\ccprofiling.obj
e:\pokemon\scarlet\myluagame\frameworks\cocos2d-x\cocos\2d\debug.win32\tjthreadpool.obj
e:\pokemon\scarlet\myluagame\frameworks\cocos2d-x\cocos\2d\debug.win32\ccactionframe.obj
e:\pokemon\scarlet\myluagame\frameworks\cocos2d-x\cocos\2d\debug.win32\ccarmaturedefine.obj
e:\pokemon\scarlet\myluagame\frameworks\cocos2d-x\cocos\2d\debug.win32\cccomattribute.obj
e:\pokemon\scarlet\myluagame\frameworks\cocos2d-x\cocos\2d\debug.win32\ccinputdelegate.obj
e:\pokemon\scarlet\myluagame\frameworks\cocos2d-x\cocos\2d\debug.win32\ccskin.obj
e:\pokemon\scarlet\myluagame\frameworks\cocos2d-x\cocos\2d\debug.win32\layoutreader.obj
e:\pokemon\scarlet\myluagame\frameworks\cocos2d-x\cocos\2d\debug.win32\scrollviewreader.obj
e:\pokemon\scarlet\myluagame\frameworks\cocos2d-x\cocos\2d\debug.win32\widgetreader.obj
e:\pokemon\scarlet\myluagame\frameworks\cocos2d-x\cocos\2d\debug.win32\ccutils-win32.obj
e:\pokemon\scarlet\myluagame\frameworks\cocos2d-x\cocos\2d\debug.win32\ccgroupcommand.obj
e:\pokemon\scarlet\myluagame\frameworks\cocos2d-x\cocos\2d\debug.win32\tjhierarchydraw.obj
e:\pokemon\scarlet\myluagame\frameworks\cocos2d-x\cocos\2d\debug.win32\uitextbmfont.obj
e:\pokemon\scarlet\myluagame\frameworks\cocos2d-x\cocos\2d\debug.win32\ccactionease.obj
e:\pokemon\scarlet\myluagame\frameworks\cocos2d-x\cocos\2d\debug.win32\cccamera.obj
e:\pokemon\scarlet\myluagame\frameworks\cocos2d-x\cocos\2d\debug.win32\ccfontfreetype.obj
e:\pokemon\scarlet\myluagame\frameworks\cocos2d-x\cocos\2d\debug.win32\ccparticlesystemquad.obj
e:\pokemon\scarlet\myluagame\frameworks\cocos2d-x\cocos\2d\debug.win32\ccsprite.obj
e:\pokemon\scarlet\myluagame\frameworks\cocos2d-x\cocos\2d\debug.win32\cccontrolsaturationbrightnesspicker.obj
e:\pokemon\scarlet\myluagame\frameworks\cocos2d-x\cocos\2d\debug.win32\ccphysicsdebugnode.obj
e:\pokemon\scarlet\myluagame\frameworks\cocos2d-x\cocos\2d\debug.win32\idl_gen_general.obj
e:\pokemon\scarlet\myluagame\frameworks\cocos2d-x\cocos\2d\debug.win32\ccasynctaskpool.obj
e:\pokemon\scarlet\myluagame\frameworks\cocos2d-x\cocos\2d\debug.win32\ccdata.obj
e:\pokemon\scarlet\myluagame\frameworks\cocos2d-x\cocos\2d\debug.win32\cceventkeyboard.obj
e:\pokemon\scarlet\myluagame\frameworks\cocos2d-x\cocos\2d\debug.win32\cceventlistenermouse.obj
e:\pokemon\scarlet\myluagame\frameworks\cocos2d-x\cocos\2d\debug.win32\ccproperties.obj
e:\pokemon\scarlet\myluagame\frameworks\cocos2d-x\cocos\2d\debug.win32\ccnotificationcenter.obj
e:\pokemon\scarlet\myluagame\frameworks\cocos2d-x\cocos\2d\debug.win32\ccskinnode.obj
e:\pokemon\scarlet\myluagame\frameworks\cocos2d-x\cocos\2d\debug.win32\ccactionnode.obj
e:\pokemon\scarlet\myluagame\frameworks\cocos2d-x\cocos\2d\debug.win32\ccdisplayfactory.obj
e:\pokemon\scarlet\myluagame\frameworks\cocos2d-x\cocos\2d\debug.win32\gamemapreader.obj
e:\pokemon\scarlet\myluagame\frameworks\cocos2d-x\cocos\2d\debug.win32\listviewreader.obj
e:\pokemon\scarlet\myluagame\frameworks\cocos2d-x\cocos\2d\debug.win32\bonenodereader.obj
e:\pokemon\scarlet\myluagame\frameworks\cocos2d-x\cocos\2d\debug.win32\textfieldreader.obj
e:\pokemon\scarlet\myluagame\frameworks\cocos2d-x\cocos\2d\debug.win32\socketio.obj
e:\pokemon\scarlet\myluagame\frameworks\cocos2d-x\cocos\2d\debug.win32\cctechnique.obj
e:\pokemon\scarlet\myluagame\frameworks\cocos2d-x\cocos\2d\debug.win32\localstorage.obj
e:\pokemon\scarlet\myluagame\frameworks\cocos2d-x\cocos\2d\debug.win32\uieditbox.obj
e:\pokemon\scarlet\myluagame\frameworks\cocos2d-x\cocos\2d\debug.win32\uilistview.obj
e:\pokemon\scarlet\myluagame\frameworks\cocos2d-x\cocos\2d\debug.win32\ccactioncamera.obj
e:\pokemon\scarlet\myluagame\frameworks\cocos2d-x\cocos\2d\debug.win32\ccanimation.obj
e:\pokemon\scarlet\myluagame\frameworks\cocos2d-x\cocos\2d\debug.win32\ccfontatlascache.obj
e:\pokemon\scarlet\myluagame\frameworks\cocos2d-x\cocos\2d\debug.win32\ccparallaxnode.obj
e:\pokemon\scarlet\myluagame\frameworks\cocos2d-x\cocos\2d\debug.win32\ccprotectednode.obj
e:\pokemon\scarlet\myluagame\frameworks\cocos2d-x\cocos\2d\debug.win32\cctmxtiledmap.obj
e:\pokemon\scarlet\myluagame\frameworks\cocos2d-x\cocos\2d\debug.win32\cccontrolcolourpicker.obj
e:\pokemon\scarlet\myluagame\frameworks\cocos2d-x\cocos\2d\debug.win32\cctableviewcell.obj
e:\pokemon\scarlet\myluagame\frameworks\cocos2d-x\cocos\2d\debug.win32\idl_gen_fbs.obj
e:\pokemon\scarlet\myluagame\frameworks\cocos2d-x\cocos\2d\debug.win32\audioplayer.obj
e:\pokemon\scarlet\myluagame\frameworks\cocos2d-x\cocos\2d\debug.win32\ccevent.obj
e:\pokemon\scarlet\myluagame\frameworks\cocos2d-x\cocos\2d\debug.win32\cceventlistenercustom.obj
e:\pokemon\scarlet\myluagame\frameworks\cocos2d-x\cocos\2d\debug.win32\ccninepatchimageparser.obj
e:\pokemon\scarlet\myluagame\frameworks\cocos2d-x\cocos\2d\debug.win32\ccuserdefault.obj
e:\pokemon\scarlet\myluagame\frameworks\cocos2d-x\cocos\2d\debug.win32\ccarray.obj
e:\pokemon\scarlet\myluagame\frameworks\cocos2d-x\cocos\2d\debug.win32\ccstring.obj
e:\pokemon\scarlet\myluagame\frameworks\cocos2d-x\cocos\2d\debug.win32\csloader.obj
e:\pokemon\scarlet\myluagame\frameworks\cocos2d-x\cocos\2d\debug.win32\textreader.obj
e:\pokemon\scarlet\myluagame\frameworks\cocos2d-x\cocos\2d\debug.win32\ccphysicsbody.obj
e:\pokemon\scarlet\myluagame\frameworks\cocos2d-x\cocos\2d\debug.win32\ccphysicsworld.obj
e:\pokemon\scarlet\myluagame\frameworks\cocos2d-x\cocos\2d\debug.win32\ccimage.obj
e:\pokemon\scarlet\myluagame\frameworks\cocos2d-x\cocos\2d\debug.win32\ccframebuffer.obj
e:\pokemon\scarlet\myluagame\frameworks\cocos2d-x\cocos\2d\debug.win32\ccquadcommand.obj
e:\pokemon\scarlet\myluagame\frameworks\cocos2d-x\cocos\2d\debug.win32\uibutton.obj
e:\pokemon\scarlet\myluagame\frameworks\cocos2d-x\cocos\2d\debug.win32\uilayoutmanager.obj
e:\pokemon\scarlet\myluagame\frameworks\cocos2d-x\cocos\2d\debug.win32\uitext.obj
e:\pokemon\scarlet\myluagame\frameworks\cocos2d-x\cocos\2d\debug.win32\ccactioncatmullrom.obj
e:\pokemon\scarlet\myluagame\frameworks\cocos2d-x\cocos\2d\debug.win32\ccfasttmxtiledmap.obj
e:\pokemon\scarlet\myluagame\frameworks\cocos2d-x\cocos\2d\debug.win32\cclayer.obj
e:\pokemon\scarlet\myluagame\frameworks\cocos2d-x\cocos\2d\debug.win32\cctweenfunction.obj
e:\pokemon\scarlet\myluagame\frameworks\cocos2d-x\cocos\2d\debug.win32\manifest.obj
e:\pokemon\scarlet\myluagame\frameworks\cocos2d-x\cocos\2d\debug.win32\audiocache.obj
e:\pokemon\scarlet\myluagame\frameworks\cocos2d-x\cocos\2d\debug.win32\cceventacceleration.obj
e:\pokemon\scarlet\myluagame\frameworks\cocos2d-x\cocos\2d\debug.win32\cceventlistener.obj
e:\pokemon\scarlet\myluagame\frameworks\cocos2d-x\cocos\2d\debug.win32\cceventtouch.obj
e:\pokemon\scarlet\myluagame\frameworks\cocos2d-x\cocos\2d\debug.win32\ccscriptsupport.obj
e:\pokemon\scarlet\myluagame\frameworks\cocos2d-x\cocos\2d\debug.win32\tgalib.obj
e:\pokemon\scarlet\myluagame\frameworks\cocos2d-x\cocos\2d\debug.win32\ccdictionary.obj
e:\pokemon\scarlet\myluagame\frameworks\cocos2d-x\cocos\2d\debug.win32\ccactionframeeasing.obj
e:\pokemon\scarlet\myluagame\frameworks\cocos2d-x\cocos\2d\debug.win32\ccarmaturedatamanager.obj
e:\pokemon\scarlet\myluagame\frameworks\cocos2d-x\cocos\2d\debug.win32\dictionaryhelper.obj
e:\pokemon\scarlet\myluagame\frameworks\cocos2d-x\cocos\2d\debug.win32\triggerobj.obj
e:\pokemon\scarlet\myluagame\frameworks\cocos2d-x\cocos\2d\debug.win32\ccbatchcommand.obj
e:\pokemon\scarlet\myluagame\frameworks\cocos2d-x\cocos\2d\debug.win32\ccglprogramstatecache.obj
e:\pokemon\scarlet\myluagame\frameworks\cocos2d-x\cocos\2d\debug.win32\ccprimitivecommand.obj
e:\pokemon\scarlet\myluagame\frameworks\cocos2d-x\cocos\2d\debug.win32\cctexturecache.obj
e:\pokemon\scarlet\myluagame\frameworks\cocos2d-x\cocos\2d\debug.win32\uiwidget.obj
e:\pokemon\scarlet\myluagame\frameworks\cocos2d-x\cocos\2d\debug.win32\cclabelttf.obj
e:\pokemon\scarlet\myluagame\frameworks\cocos2d-x\cocos\2d\debug.win32\ccmotionstreak.obj
e:\pokemon\scarlet\myluagame\frameworks\cocos2d-x\cocos\2d\debug.win32\ccprogresstimer.obj
e:\pokemon\scarlet\myluagame\frameworks\cocos2d-x\cocos\2d\debug.win32\cctransitionpageturn.obj
e:\pokemon\scarlet\myluagame\frameworks\cocos2d-x\cocos\2d\debug.win32\cccontrolhuepicker.obj
e:\pokemon\scarlet\myluagame\frameworks\cocos2d-x\cocos\2d\debug.win32\cctableview.obj
e:\pokemon\scarlet\myluagame\frameworks\cocos2d-x\cocos\2d\debug.win32\idl_parser.obj
e:\pokemon\scarlet\myluagame\frameworks\cocos2d-x\cocos\2d\debug.win32\cctypes.obj
e:\pokemon\scarlet\myluagame\frameworks\cocos2d-x\cocos\2d\debug.win32\objectfactory.obj
e:\pokemon\scarlet\myluagame\frameworks\cocos2d-x\cocos\2d\debug.win32\ccactiontimeline.obj
e:\pokemon\scarlet\myluagame\frameworks\cocos2d-x\cocos\2d\debug.win32\ccdatas.obj
e:\pokemon\scarlet\myluagame\frameworks\cocos2d-x\cocos\2d\debug.win32\cctransformhelp.obj
e:\pokemon\scarlet\myluagame\frameworks\cocos2d-x\cocos\2d\debug.win32\widgetcallbackhandlerprotocol.obj
e:\pokemon\scarlet\myluagame\frameworks\cocos2d-x\cocos\2d\debug.win32\comaudioreader.obj
e:\pokemon\scarlet\myluagame\frameworks\cocos2d-x\cocos\2d\debug.win32\loadingbarreader.obj
e:\pokemon\scarlet\myluagame\frameworks\cocos2d-x\cocos\2d\debug.win32\singlenodereader.obj
e:\pokemon\scarlet\myluagame\frameworks\cocos2d-x\cocos\2d\debug.win32\textbmfontreader.obj
e:\pokemon\scarlet\myluagame\frameworks\cocos2d-x\cocos\2d\debug.win32\uri.obj
e:\pokemon\scarlet\myluagame\frameworks\cocos2d-x\cocos\2d\debug.win32\cctexturecube.obj
e:\pokemon\scarlet\myluagame\frameworks\cocos2d-x\cocos\2d\debug.win32\uiradiobutton.obj
e:\pokemon\scarlet\myluagame\frameworks\cocos2d-x\cocos\2d\debug.win32\uiscale9sprite.obj
e:\pokemon\scarlet\myluagame\frameworks\cocos2d-x\cocos\2d\debug.win32\uiwebview.obj
e:\pokemon\scarlet\myluagame\frameworks\cocos2d-x\cocos\2d\debug.win32\ccactiongrid.obj
e:\pokemon\scarlet\myluagame\frameworks\cocos2d-x\cocos\2d\debug.win32\ccanimationcache.obj
e:\pokemon\scarlet\myluagame\frameworks\cocos2d-x\cocos\2d\debug.win32\cclabel.obj
e:\pokemon\scarlet\myluagame\frameworks\cocos2d-x\cocos\2d\debug.win32\cctransitionprogress.obj
e:\pokemon\scarlet\myluagame\frameworks\cocos2d-x\cocos\2d\debug.win32\rijndael-alg-fst.obj
e:\pokemon\scarlet\myluagame\frameworks\cocos2d-x\cocos\2d\debug.win32\md5_.obj
e:\pokemon\scarlet\myluagame\frameworks\cocos2d-x\cocos\2d\debug.win32\libbase64.obj
e:\pokemon\scarlet\myluagame\frameworks\cocos2d-x\cocos\2d\debug.win32\lz4hc.obj
e:\pokemon\scarlet\myluagame\frameworks\cocos2d-x\cocos\2d\debug.win32\lz4.obj
e:\pokemon\scarlet\myluagame\frameworks\cocos2d-x\cocos\2d\debug.win32\rijndael-api-fst.obj
e:\pokemon\scarlet\myluagame\frameworks\cocos2d-x\cocos\2d\debug.win32\xxtea_.obj
e:\pokemon\scarlet\myluagame\frameworks\runtime-src\proj.win32\debug.win32\libcocos2d.lib
e:\pokemon\scarlet\myluagame\frameworks\runtime-src\proj.win32\debug.win32\libcocos2d.exp
e:\pokemon\scarlet\myluagame\frameworks\runtime-src\proj.win32\debug.win32\libcocos2d.dll
e:\pokemon\scarlet\myluagame\simulator\win32\libcocos2d.pdb
e:\pokemon\scarlet\myluagame\frameworks\cocos2d-x\cocos\2d\debug.win32\libcocos2d.tlog\cl.command.1.tlog
e:\pokemon\scarlet\myluagame\frameworks\cocos2d-x\cocos\2d\debug.win32\libcocos2d.tlog\cl.read.1.tlog
e:\pokemon\scarlet\myluagame\frameworks\cocos2d-x\cocos\2d\debug.win32\libcocos2d.tlog\cl.read.10.tlog
e:\pokemon\scarlet\myluagame\frameworks\cocos2d-x\cocos\2d\debug.win32\libcocos2d.tlog\cl.read.11.tlog
e:\pokemon\scarlet\myluagame\frameworks\cocos2d-x\cocos\2d\debug.win32\libcocos2d.tlog\cl.read.12.tlog
e:\pokemon\scarlet\myluagame\frameworks\cocos2d-x\cocos\2d\debug.win32\libcocos2d.tlog\cl.read.13.tlog
e:\pokemon\scarlet\myluagame\frameworks\cocos2d-x\cocos\2d\debug.win32\libcocos2d.tlog\cl.read.14.tlog
e:\pokemon\scarlet\myluagame\frameworks\cocos2d-x\cocos\2d\debug.win32\libcocos2d.tlog\cl.read.15.tlog
e:\pokemon\scarlet\myluagame\frameworks\cocos2d-x\cocos\2d\debug.win32\libcocos2d.tlog\cl.read.16.tlog
e:\pokemon\scarlet\myluagame\frameworks\cocos2d-x\cocos\2d\debug.win32\libcocos2d.tlog\cl.read.2.tlog
e:\pokemon\scarlet\myluagame\frameworks\cocos2d-x\cocos\2d\debug.win32\libcocos2d.tlog\cl.read.3.tlog
e:\pokemon\scarlet\myluagame\frameworks\cocos2d-x\cocos\2d\debug.win32\libcocos2d.tlog\cl.read.4.tlog
e:\pokemon\scarlet\myluagame\frameworks\cocos2d-x\cocos\2d\debug.win32\libcocos2d.tlog\cl.read.5.tlog
e:\pokemon\scarlet\myluagame\frameworks\cocos2d-x\cocos\2d\debug.win32\libcocos2d.tlog\cl.read.6.tlog
e:\pokemon\scarlet\myluagame\frameworks\cocos2d-x\cocos\2d\debug.win32\libcocos2d.tlog\cl.read.7.tlog
e:\pokemon\scarlet\myluagame\frameworks\cocos2d-x\cocos\2d\debug.win32\libcocos2d.tlog\cl.read.8.tlog
e:\pokemon\scarlet\myluagame\frameworks\cocos2d-x\cocos\2d\debug.win32\libcocos2d.tlog\cl.read.9.tlog
e:\pokemon\scarlet\myluagame\frameworks\cocos2d-x\cocos\2d\debug.win32\libcocos2d.tlog\cl.write.1.tlog
e:\pokemon\scarlet\myluagame\frameworks\cocos2d-x\cocos\2d\debug.win32\libcocos2d.tlog\libcocos2d.write.1u.tlog
e:\pokemon\scarlet\myluagame\frameworks\cocos2d-x\cocos\2d\debug.win32\libcocos2d.tlog\link.command.1.tlog
e:\pokemon\scarlet\myluagame\frameworks\cocos2d-x\cocos\2d\debug.win32\libcocos2d.tlog\link.read.1.tlog
e:\pokemon\scarlet\myluagame\frameworks\cocos2d-x\cocos\2d\debug.win32\libcocos2d.tlog\link.write.1.tlog
